Archive member included to satisfy reference by file (symbol)

/usr/lib/gcc/arm-none-eabi/10.3.1/thumb/v6-m/nofp/libgcc.a(_dvmd_tls.o)
                              CMakeFiles/boton_inicio.dir/home/estefany/pico/pico-sdk/src/rp2_common/pico_divider/divider.S.obj (__aeabi_idiv0)
/usr/lib/gcc/arm-none-eabi/10.3.1/../../../arm-none-eabi/lib/thumb/v6-m/nofp/libg.a(lib_a-atexit.o)
                              /usr/lib/gcc/arm-none-eabi/10.3.1/../../../arm-none-eabi/lib/thumb/v6-m/nofp/crt0.o (atexit)
/usr/lib/gcc/arm-none-eabi/10.3.1/../../../arm-none-eabi/lib/thumb/v6-m/nofp/libg.a(lib_a-calloc.o)
                              CMakeFiles/boton_inicio.dir/home/estefany/pico/pico-sdk/src/rp2_common/pico_malloc/pico_malloc.c.obj (calloc)
/usr/lib/gcc/arm-none-eabi/10.3.1/../../../arm-none-eabi/lib/thumb/v6-m/nofp/libg.a(lib_a-callocr.o)
                              /usr/lib/gcc/arm-none-eabi/10.3.1/../../../arm-none-eabi/lib/thumb/v6-m/nofp/libg.a(lib_a-calloc.o) (_calloc_r)
/usr/lib/gcc/arm-none-eabi/10.3.1/../../../arm-none-eabi/lib/thumb/v6-m/nofp/libg.a(lib_a-fini.o)
                              /usr/lib/gcc/arm-none-eabi/10.3.1/../../../arm-none-eabi/lib/thumb/v6-m/nofp/crt0.o (__libc_fini_array)
/usr/lib/gcc/arm-none-eabi/10.3.1/../../../arm-none-eabi/lib/thumb/v6-m/nofp/libg.a(lib_a-impure.o)
                              /usr/lib/gcc/arm-none-eabi/10.3.1/../../../arm-none-eabi/lib/thumb/v6-m/nofp/libg.a(lib_a-calloc.o) (_impure_ptr)
/usr/lib/gcc/arm-none-eabi/10.3.1/../../../arm-none-eabi/lib/thumb/v6-m/nofp/libg.a(lib_a-init.o)
                              /usr/lib/gcc/arm-none-eabi/10.3.1/../../../arm-none-eabi/lib/thumb/v6-m/nofp/crt0.o (__libc_init_array)
/usr/lib/gcc/arm-none-eabi/10.3.1/../../../arm-none-eabi/lib/thumb/v6-m/nofp/libg.a(lib_a-malloc.o)
                              CMakeFiles/boton_inicio.dir/home/estefany/pico/pico-sdk/src/rp2_common/pico_malloc/pico_malloc.c.obj (malloc)
/usr/lib/gcc/arm-none-eabi/10.3.1/../../../arm-none-eabi/lib/thumb/v6-m/nofp/libg.a(lib_a-mallocr.o)
                              /usr/lib/gcc/arm-none-eabi/10.3.1/../../../arm-none-eabi/lib/thumb/v6-m/nofp/libg.a(lib_a-callocr.o) (_malloc_r)
/usr/lib/gcc/arm-none-eabi/10.3.1/../../../arm-none-eabi/lib/thumb/v6-m/nofp/libg.a(lib_a-mlock.o)
                              /usr/lib/gcc/arm-none-eabi/10.3.1/../../../arm-none-eabi/lib/thumb/v6-m/nofp/libg.a(lib_a-mallocr.o) (__malloc_lock)
/usr/lib/gcc/arm-none-eabi/10.3.1/../../../arm-none-eabi/lib/thumb/v6-m/nofp/libg.a(lib_a-realloc.o)
                              CMakeFiles/boton_inicio.dir/home/estefany/pico/pico-sdk/src/rp2_common/pico_malloc/pico_malloc.c.obj (realloc)
/usr/lib/gcc/arm-none-eabi/10.3.1/../../../arm-none-eabi/lib/thumb/v6-m/nofp/libg.a(lib_a-reallocr.o)
                              /usr/lib/gcc/arm-none-eabi/10.3.1/../../../arm-none-eabi/lib/thumb/v6-m/nofp/libg.a(lib_a-realloc.o) (_realloc_r)
/usr/lib/gcc/arm-none-eabi/10.3.1/../../../arm-none-eabi/lib/thumb/v6-m/nofp/libg.a(lib_a-sbrkr.o)
                              /usr/lib/gcc/arm-none-eabi/10.3.1/../../../arm-none-eabi/lib/thumb/v6-m/nofp/libg.a(lib_a-mallocr.o) (_sbrk_r)
/usr/lib/gcc/arm-none-eabi/10.3.1/../../../arm-none-eabi/lib/thumb/v6-m/nofp/libg.a(lib_a-strlen-stub.o)
                              CMakeFiles/boton_inicio.dir/home/estefany/pico/pico-sdk/src/rp2_common/pico_stdio/stdio.c.obj (strlen)
/usr/lib/gcc/arm-none-eabi/10.3.1/../../../arm-none-eabi/lib/thumb/v6-m/nofp/libg.a(lib_a-__atexit.o)
                              /usr/lib/gcc/arm-none-eabi/10.3.1/../../../arm-none-eabi/lib/thumb/v6-m/nofp/libg.a(lib_a-atexit.o) (__register_exitproc)
/usr/lib/gcc/arm-none-eabi/10.3.1/../../../arm-none-eabi/lib/thumb/v6-m/nofp/libg.a(lib_a-freer.o)
                              /usr/lib/gcc/arm-none-eabi/10.3.1/../../../arm-none-eabi/lib/thumb/v6-m/nofp/libg.a(lib_a-malloc.o) (_free_r)
/usr/lib/gcc/arm-none-eabi/10.3.1/../../../arm-none-eabi/lib/thumb/v6-m/nofp/libg.a(lib_a-memmove.o)
                              /usr/lib/gcc/arm-none-eabi/10.3.1/../../../arm-none-eabi/lib/thumb/v6-m/nofp/libg.a(lib_a-reallocr.o) (memmove)
/usr/lib/gcc/arm-none-eabi/10.3.1/../../../arm-none-eabi/lib/thumb/v6-m/nofp/libg.a(lib_a-reent.o)
                              /usr/lib/gcc/arm-none-eabi/10.3.1/../../../arm-none-eabi/lib/thumb/v6-m/nofp/libg.a(lib_a-sbrkr.o) (errno)

Discarded input sections

 .text          0x0000000000000000        0x0 /usr/lib/gcc/arm-none-eabi/10.3.1/thumb/v6-m/nofp/crti.o
 .data          0x0000000000000000        0x0 /usr/lib/gcc/arm-none-eabi/10.3.1/thumb/v6-m/nofp/crti.o
 .bss           0x0000000000000000        0x0 /usr/lib/gcc/arm-none-eabi/10.3.1/thumb/v6-m/nofp/crti.o
 .data          0x0000000000000000        0x4 /usr/lib/gcc/arm-none-eabi/10.3.1/thumb/v6-m/nofp/crtbegin.o
 .rodata        0x0000000000000000       0x24 /usr/lib/gcc/arm-none-eabi/10.3.1/thumb/v6-m/nofp/crtbegin.o
[...]
Memory Configuration

Name             Origin             Length             Attributes
FLASH            0x0000000010000000 0x0000000000200000 xr
RAM              0x0000000020000000 0x0000000000040000 xrw
SCRATCH_X        0x0000000020040000 0x0000000000001000 xrw
SCRATCH_Y        0x0000000020041000 0x0000000000001000 xrw
*default*        0x0000000000000000 0xffffffffffffffff

Linker script and memory map

LOAD /usr/lib/gcc/arm-none-eabi/10.3.1/thumb/v6-m/nofp/crti.o
LOAD /usr/lib/gcc/arm-none-eabi/10.3.1/thumb/v6-m/nofp/crtbegin.o
LOAD /usr/lib/gcc/arm-none-eabi/10.3.1/../../../arm-none-eabi/lib/thumb/v6-m/nofp/crt0.o

.flash_begin    0x0000000010000000        0x0
                0x0000000010000000                __flash_binary_start = .

.boot2          0x0000000010000000      0x100
                0x0000000010000000                __boot2_start__ = .
 *(.boot2)
 .boot2         0x0000000010000000      0x100 /tmp/ccg1vMQi.o
                0x0000000010000100                __boot2_end__ = .
                0x0000000000000001                ASSERT (((__boot2_end__ - __boot2_start__) == 0x100), ERROR: Pico second stage bootloader must be 256 bytes in size)

.text           0x0000000010000100     0x68c8
                0x0000000010000100                __logical_binary_start = .
 *(.vectors)
 .vectors       0x0000000010000100       0xd4 CMakeFiles/boton_inicio.dir/home/estefany/pico/pico-sdk/src/rp2_common/pico_standard_link/crt0.S.obj
                0x0000000010000100                __vectors
                0x0000000010000100                __VECTOR_TABLE
                0x00000000100001c0                isr_invalid
                0x00000000100001c0                __default_isrs_start
                0x00000000100001c2                isr_nmi
                0x00000000100001c4                isr_hardfault
                0x00000000100001c6                isr_svcall
                0x00000000100001c8                isr_pendsv
                0x00000000100001ca                isr_systick
                0x00000000100001cc                isr_irq30
                0x00000000100001cc                __unhandled_user_irq
                0x00000000100001cc                isr_irq13
                0x00000000100001cc                isr_irq27
                0x00000000100001cc                isr_irq31
                0x00000000100001cc                isr_irq5
                0x00000000100001cc                isr_irq11
                0x00000000100001cc                isr_irq23
                0x00000000100001cc                isr_irq18
                0x00000000100001cc                isr_irq28
                0x00000000100001cc                isr_irq19
                0x00000000100001cc                isr_irq0
                0x00000000100001cc                isr_irq6
                0x00000000100001cc                isr_irq22
                0x00000000100001cc                isr_irq17
                0x00000000100001cc                isr_irq14
                0x00000000100001cc                isr_irq2
                0x00000000100001cc                isr_irq10
                0x00000000100001cc                isr_irq8
                0x00000000100001cc                isr_irq24
                0x00000000100001cc                isr_irq1
                0x00000000100001cc                isr_irq7
                0x00000000100001cc                isr_irq21
                0x00000000100001cc                isr_irq20
                0x00000000100001cc                isr_irq15
                0x00000000100001cc                isr_irq25
                0x00000000100001cc                isr_irq4
                0x00000000100001cc                isr_irq16
                0x00000000100001cc                isr_irq29
                0x00000000100001cc                isr_irq26
                0x00000000100001cc                __default_isrs_end
                0x00000000100001cc                isr_irq3
                0x00000000100001cc                isr_irq12
                0x00000000100001cc                isr_irq9
                0x00000000100001d2                unhandled_user_irq_num_in_r0
 *(.binary_info_header)
 .binary_info_header
                0x00000000100001d4       0x14 CMakeFiles/boton_inicio.dir/home/estefany/pico/pico-sdk/src/rp2_common/pico_standard_link/crt0.S.obj
                0x00000000100001e8                __binary_info_header_end = .
 *(.reset)
 .reset         0x00000000100001e8       0xa0 CMakeFiles/boton_inicio.dir/home/estefany/pico/pico-sdk/src/rp2_common/pico_standard_link/crt0.S.obj
                0x00000000100001e8                _entry_point
 .reset         0x0000000010000288       0x30 CMakeFiles/boton_inicio.dir/home/estefany/pico/pico-sdk/src/rp2_common/pico_standard_link/binary_info.c.obj
 *(.init)
 .init          0x00000000100002b8        0x4 /usr/lib/gcc/arm-none-eabi/10.3.1/thumb/v6-m/nofp/crti.o
                0x00000000100002b8                _init
 *(EXCLUDE_FILE(*libm.a: *libc.a:*lib_a-mem*.o *libgcc.a:) .text*)
 .text          0x00000000100002bc       0x98 /usr/lib/gcc/arm-none-eabi/10.3.1/thumb/v6-m/nofp/crtbegin.o
 .text.display_number
                0x0000000010000354       0x70 CMakeFiles/boton_inicio.dir/boton_inicio.c.obj
                0x0000000010000354                display_number
 .text.main     0x00000000100003c4      0x134 CMakeFiles/boton_inicio.dir/boton_inicio.c.obj
                0x00000000100003c4                main
 .text.gpio_set_function
                0x00000000100004f8       0x30 CMakeFiles/boton_inicio.dir/home/estefany/pico/pico-sdk/src/rp2_common/hardware_gpio/gpio.c.obj
                0x00000000100004f8                gpio_set_function
 .text.gpio_set_pulls
                0x0000000010000528       0x34 CMakeFiles/boton_inicio.dir/home/estefany/pico/pico-sdk/src/rp2_common/hardware_gpio/gpio.c.obj
                0x0000000010000528                gpio_set_pulls
 .text.gpio_set_outover
                0x000000001000055c       0x24 CMakeFiles/boton_inicio.dir/home/estefany/pico/pico-sdk/src/rp2_common/hardware_gpio/gpio.c.obj
                0x000000001000055c                gpio_set_outover
 .text.gpio_init
                0x0000000010000580       0x16 CMakeFiles/boton_inicio.dir/home/estefany/pico/pico-sdk/src/rp2_common/hardware_gpio/gpio.c.obj
                0x0000000010000580                gpio_init
 *fill*         0x0000000010000596        0x2 
 .text.running_on_fpga
                0x0000000010000598       0x14 CMakeFiles/boton_inicio.dir/home/estefany/pico/pico-sdk/src/rp2_common/pico_platform/platform.c.obj
                0x0000000010000598                running_on_fpga
 .text.hw_claim_lock
                0x00000000100005ac       0x18 CMakeFiles/boton_inicio.dir/home/estefany/pico/pico-sdk/src/rp2_common/hardware_claim/claim.c.obj
                0x00000000100005ac                hw_claim_lock
 .text.hw_claim_unlock
                0x00000000100005c4       0x14 CMakeFiles/boton_inicio.dir/home/estefany/pico/pico-sdk/src/rp2_common/hardware_claim/claim.c.obj
                0x00000000100005c4                hw_claim_unlock
 .text.hw_claim_or_assert
                0x00000000100005d8       0x32 CMakeFiles/boton_inicio.dir/home/estefany/pico/pico-sdk/src/rp2_common/hardware_claim/claim.c.obj
                0x00000000100005d8                hw_claim_or_assert
 .text.hw_claim_unused_from_range
                0x000000001000060a       0x50 CMakeFiles/boton_inicio.dir/home/estefany/pico/pico-sdk/src/rp2_common/hardware_claim/claim.c.obj
                0x000000001000060a                hw_claim_unused_from_range
 *fill*         0x000000001000065a        0x2 
 .text.spin_locks_reset
                0x000000001000065c       0x20 CMakeFiles/boton_inicio.dir/home/estefany/pico/pico-sdk/src/rp2_common/hardware_sync/sync.c.obj
                0x000000001000065c                spin_locks_reset
 .text.next_striped_spin_lock_num
                0x000000001000067c       0x1c CMakeFiles/boton_inicio.dir/home/estefany/pico/pico-sdk/src/rp2_common/hardware_sync/sync.c.obj
                0x000000001000067c                next_striped_spin_lock_num
 .text.spin_lock_claim_unused
                0x0000000010000698       0x20 CMakeFiles/boton_inicio.dir/home/estefany/pico/pico-sdk/src/rp2_common/hardware_sync/sync.c.obj
                0x0000000010000698                spin_lock_claim_unused
 .text.set_raw_irq_handler_and_unlock
                0x00000000100006b8       0x28 CMakeFiles/boton_inicio.dir/home/estefany/pico/pico-sdk/src/rp2_common/hardware_irq/irq.c.obj
 .text.make_branch
                0x00000000100006e0       0x48 CMakeFiles/boton_inicio.dir/home/estefany/pico/pico-sdk/src/rp2_common/hardware_irq/irq.c.obj
 .text.insert_branch_and_link
                0x0000000010000728       0x40 CMakeFiles/boton_inicio.dir/home/estefany/pico/pico-sdk/src/rp2_common/hardware_irq/irq.c.obj
 .text.irq_is_enabled
                0x0000000010000768       0x18 CMakeFiles/boton_inicio.dir/home/estefany/pico/pico-sdk/src/rp2_common/hardware_irq/irq.c.obj
                0x0000000010000768                irq_is_enabled
 .text.irq_set_mask_enabled
                0x0000000010000780       0x20 CMakeFiles/boton_inicio.dir/home/estefany/pico/pico-sdk/src/rp2_common/hardware_irq/irq.c.obj
                0x0000000010000780                irq_set_mask_enabled
 .text.irq_set_enabled
                0x00000000100007a0        0xe CMakeFiles/boton_inicio.dir/home/estefany/pico/pico-sdk/src/rp2_common/hardware_irq/irq.c.obj
                0x00000000100007a0                irq_set_enabled
 *fill*         0x00000000100007ae        0x2 
 .text.irq_set_pending
                0x00000000100007b0       0x10 CMakeFiles/boton_inicio.dir/home/estefany/pico/pico-sdk/src/rp2_common/hardware_irq/irq.c.obj
                0x00000000100007b0                irq_set_pending
 .text.irq_get_vtable_handler
                0x00000000100007c0       0x10 CMakeFiles/boton_inicio.dir/home/estefany/pico/pico-sdk/src/rp2_common/hardware_irq/irq.c.obj
                0x00000000100007c0                irq_get_vtable_handler
 .text.irq_has_shared_handler
                0x00000000100007d0       0x24 CMakeFiles/boton_inicio.dir/home/estefany/pico/pico-sdk/src/rp2_common/hardware_irq/irq.c.obj
                0x00000000100007d0                irq_has_shared_handler
 .text.irq_set_exclusive_handler
                0x00000000100007f4       0x54 CMakeFiles/boton_inicio.dir/home/estefany/pico/pico-sdk/src/rp2_common/hardware_irq/irq.c.obj
                0x00000000100007f4                irq_set_exclusive_handler
 .text.irq_add_shared_handler
                0x0000000010000848      0x234 CMakeFiles/boton_inicio.dir/home/estefany/pico/pico-sdk/src/rp2_common/hardware_irq/irq.c.obj
                0x0000000010000848                irq_add_shared_handler
 .text.irq_remove_handler
                0x0000000010000a7c      0x1ac CMakeFiles/boton_inicio.dir/home/estefany/pico/pico-sdk/src/rp2_common/hardware_irq/irq.c.obj
                0x0000000010000a7c                irq_remove_handler
 .text.irq_add_tail_to_free_list
                0x0000000010000c28       0xf0 CMakeFiles/boton_inicio.dir/home/estefany/pico/pico-sdk/src/rp2_common/hardware_irq/irq.c.obj
                0x0000000010000c28                irq_add_tail_to_free_list
 .text.irq_init_priorities
                0x0000000010000d18       0x1c CMakeFiles/boton_inicio.dir/home/estefany/pico/pico-sdk/src/rp2_common/hardware_irq/irq.c.obj
                0x0000000010000d18                irq_init_priorities
 .text.user_irq_claim_unused
                0x0000000010000d34       0x28 CMakeFiles/boton_inicio.dir/home/estefany/pico/pico-sdk/src/rp2_common/hardware_irq/irq.c.obj
                0x0000000010000d34                user_irq_claim_unused
 .text.lock_init
                0x0000000010000d5c       0x10 CMakeFiles/boton_inicio.dir/home/estefany/pico/pico-sdk/src/common/pico_sync/lock_core.c.obj
                0x0000000010000d5c                lock_init
 .text.mutex_init
                0x0000000010000d6c       0x1a CMakeFiles/boton_inicio.dir/home/estefany/pico/pico-sdk/src/common/pico_sync/mutex.c.obj
                0x0000000010000d6c                mutex_init
 .text.recursive_mutex_init
                0x0000000010000d86       0x1e CMakeFiles/boton_inicio.dir/home/estefany/pico/pico-sdk/src/common/pico_sync/mutex.c.obj
                0x0000000010000d86                recursive_mutex_init
 .text.critical_section_init_with_lock_num
                0x0000000010000da4       0x14 CMakeFiles/boton_inicio.dir/home/estefany/pico/pico-sdk/src/common/pico_sync/critical_section.c.obj
                0x0000000010000da4                critical_section_init_with_lock_num
 .text.critical_section_init
                0x0000000010000db8       0x14 CMakeFiles/boton_inicio.dir/home/estefany/pico/pico-sdk/src/common/pico_sync/critical_section.c.obj
                0x0000000010000db8                critical_section_init
 .text.alarm_pool_post_alloc_init
                0x0000000010000dcc       0x40 CMakeFiles/boton_inicio.dir/home/estefany/pico/pico-sdk/src/common/pico_time/time.c.obj
 .text.sleep_until_callback
                0x0000000010000e0c       0x30 CMakeFiles/boton_inicio.dir/home/estefany/pico/pico-sdk/src/common/pico_time/time.c.obj
 .text.timer_pool_entry_comparator
                0x0000000010000e3c       0x7c CMakeFiles/boton_inicio.dir/home/estefany/pico/pico-sdk/src/common/pico_time/time.c.obj
                0x0000000010000e3c                timer_pool_entry_comparator
 .text.ph_add_child_node
                0x0000000010000eb8       0xa4 CMakeFiles/boton_inicio.dir/home/estefany/pico/pico-sdk/src/common/pico_time/time.c.obj
 .text.ph_merge_nodes
                0x0000000010000f5c       0x3e CMakeFiles/boton_inicio.dir/home/estefany/pico/pico-sdk/src/common/pico_time/time.c.obj
 *fill*         0x0000000010000f9a        0x2 
 .text.add_alarm_under_lock
                0x0000000010000f9c      0x174 CMakeFiles/boton_inicio.dir/home/estefany/pico/pico-sdk/src/common/pico_time/time.c.obj
 .text.alarm_pool_alarm_callback
                0x0000000010001110      0x33c CMakeFiles/boton_inicio.dir/home/estefany/pico/pico-sdk/src/common/pico_time/time.c.obj
 .text.alarm_pool_init_default
                0x000000001000144c       0x40 CMakeFiles/boton_inicio.dir/home/estefany/pico/pico-sdk/src/common/pico_time/time.c.obj
                0x000000001000144c                alarm_pool_init_default
 .text.alarm_pool_get_default
                0x000000001000148c       0x2c CMakeFiles/boton_inicio.dir/home/estefany/pico/pico-sdk/src/common/pico_time/time.c.obj
                0x000000001000148c                alarm_pool_get_default
 .text.alarm_pool_add_alarm_at
                0x00000000100014b8      0x168 CMakeFiles/boton_inicio.dir/home/estefany/pico/pico-sdk/src/common/pico_time/time.c.obj
                0x00000000100014b8                alarm_pool_add_alarm_at
 .text.alarm_pool_cancel_alarm
                0x0000000010001620       0xf8 CMakeFiles/boton_inicio.dir/home/estefany/pico/pico-sdk/src/common/pico_time/time.c.obj
                0x0000000010001620                alarm_pool_cancel_alarm
 .text.alarm_pool_core_num
                0x0000000010001718        0x4 CMakeFiles/boton_inicio.dir/home/estefany/pico/pico-sdk/src/common/pico_time/time.c.obj
                0x0000000010001718                alarm_pool_core_num
 .text.sleep_until
                0x000000001000171c       0xfc CMakeFiles/boton_inicio.dir/home/estefany/pico/pico-sdk/src/common/pico_time/time.c.obj
                0x000000001000171c                sleep_until
 .text.sleep_us
                0x0000000010001818       0x58 CMakeFiles/boton_inicio.dir/home/estefany/pico/pico-sdk/src/common/pico_time/time.c.obj
                0x0000000010001818                sleep_us
 .text.sleep_ms
                0x0000000010001870       0x14 CMakeFiles/boton_inicio.dir/home/estefany/pico/pico-sdk/src/common/pico_time/time.c.obj
                0x0000000010001870                sleep_ms
 .text.best_effort_wfe_or_timeout
                0x0000000010001884       0xac CMakeFiles/boton_inicio.dir/home/estefany/pico/pico-sdk/src/common/pico_time/time.c.obj
                0x0000000010001884                best_effort_wfe_or_timeout
 .text.hardware_alarm_irq_handler
                0x0000000010001930       0x90 CMakeFiles/boton_inicio.dir/home/estefany/pico/pico-sdk/src/rp2_common/hardware_timer/timer.c.obj
 .text.hardware_alarm_claim
                0x00000000100019c0       0x18 CMakeFiles/boton_inicio.dir/home/estefany/pico/pico-sdk/src/rp2_common/hardware_timer/timer.c.obj
                0x00000000100019c0                hardware_alarm_claim
 .text.time_us_64
                0x00000000100019d8       0x18 CMakeFiles/boton_inicio.dir/home/estefany/pico/pico-sdk/src/rp2_common/hardware_timer/timer.c.obj
                0x00000000100019d8                time_us_64
 .text.busy_wait_until
                0x00000000100019f0       0x28 CMakeFiles/boton_inicio.dir/home/estefany/pico/pico-sdk/src/rp2_common/hardware_timer/timer.c.obj
                0x00000000100019f0                busy_wait_until
 .text.hardware_alarm_set_callback
                0x0000000010001a18       0x90 CMakeFiles/boton_inicio.dir/home/estefany/pico/pico-sdk/src/rp2_common/hardware_timer/timer.c.obj
                0x0000000010001a18                hardware_alarm_set_callback
 .text.hardware_alarm_set_target
                0x0000000010001aa8       0xe8 CMakeFiles/boton_inicio.dir/home/estefany/pico/pico-sdk/src/rp2_common/hardware_timer/timer.c.obj
                0x0000000010001aa8                hardware_alarm_set_target
 .text.hardware_alarm_cancel
                0x0000000010001b90       0x40 CMakeFiles/boton_inicio.dir/home/estefany/pico/pico-sdk/src/rp2_common/hardware_timer/timer.c.obj
                0x0000000010001b90                hardware_alarm_cancel
 .text.ph_add_child_node
                0x0000000010001bd0       0xa4 CMakeFiles/boton_inicio.dir/home/estefany/pico/pico-sdk/src/common/pico_util/pheap.c.obj
 .text.ph_merge_nodes
                0x0000000010001c74       0x3e CMakeFiles/boton_inicio.dir/home/estefany/pico/pico-sdk/src/common/pico_util/pheap.c.obj
 *fill*         0x0000000010001cb2        0x2 
 .text.ph_clear
                0x0000000010001cb4       0x70 CMakeFiles/boton_inicio.dir/home/estefany/pico/pico-sdk/src/common/pico_util/pheap.c.obj
                0x0000000010001cb4                ph_clear
 .text.ph_post_alloc_init
                0x0000000010001d24        0xe CMakeFiles/boton_inicio.dir/home/estefany/pico/pico-sdk/src/common/pico_util/pheap.c.obj
                0x0000000010001d24                ph_post_alloc_init
 *fill*         0x0000000010001d32        0x2 
 .text.ph_merge_two_pass
                0x0000000010001d34       0xa8 CMakeFiles/boton_inicio.dir/home/estefany/pico/pico-sdk/src/common/pico_util/pheap.c.obj
                0x0000000010001d34                ph_merge_two_pass
 .text.ph_remove_any_head
                0x0000000010001ddc      0x128 CMakeFiles/boton_inicio.dir/home/estefany/pico/pico-sdk/src/common/pico_util/pheap.c.obj
 .text.ph_remove_head
                0x0000000010001f04       0x14 CMakeFiles/boton_inicio.dir/home/estefany/pico/pico-sdk/src/common/pico_util/pheap.c.obj
                0x0000000010001f04                ph_remove_head
 .text.ph_remove_and_free_node
                0x0000000010001f18       0xf8 CMakeFiles/boton_inicio.dir/home/estefany/pico/pico-sdk/src/common/pico_util/pheap.c.obj
                0x0000000010001f18                ph_remove_and_free_node
 .text.clock_configure
                0x0000000010002010      0x108 CMakeFiles/boton_inicio.dir/home/estefany/pico/pico-sdk/src/rp2_common/hardware_clocks/clocks.c.obj
                0x0000000010002010                clock_configure
 .text.clocks_init
                0x0000000010002118      0x100 CMakeFiles/boton_inicio.dir/home/estefany/pico/pico-sdk/src/rp2_common/hardware_clocks/clocks.c.obj
                0x0000000010002118                clocks_init
 .text.pll_init
                0x0000000010002218      0x120 CMakeFiles/boton_inicio.dir/home/estefany/pico/pico-sdk/src/rp2_common/hardware_pll/pll.c.obj
                0x0000000010002218                pll_init
 .text.watchdog_start_tick
                0x0000000010002338       0x10 CMakeFiles/boton_inicio.dir/home/estefany/pico/pico-sdk/src/rp2_common/hardware_watchdog/watchdog.c.obj
                0x0000000010002338                watchdog_start_tick
 .text.watchdog_update
                0x0000000010002348       0x14 CMakeFiles/boton_inicio.dir/home/estefany/pico/pico-sdk/src/rp2_common/hardware_watchdog/watchdog.c.obj
                0x0000000010002348                watchdog_update
 .text._watchdog_enable
                0x000000001000235c       0x78 CMakeFiles/boton_inicio.dir/home/estefany/pico/pico-sdk/src/rp2_common/hardware_watchdog/watchdog.c.obj
                0x000000001000235c                _watchdog_enable
 .text.watchdog_reboot
                0x00000000100023d4       0x48 CMakeFiles/boton_inicio.dir/home/estefany/pico/pico-sdk/src/rp2_common/hardware_watchdog/watchdog.c.obj
                0x00000000100023d4                watchdog_reboot
 .text.xosc_init
                0x000000001000241c       0x28 CMakeFiles/boton_inicio.dir/home/estefany/pico/pico-sdk/src/rp2_common/hardware_xosc/xosc.c.obj
                0x000000001000241c                xosc_init
 .text._exit    0x0000000010002444        0x4 CMakeFiles/boton_inicio.dir/home/estefany/pico/pico-sdk/src/rp2_common/pico_runtime/runtime.c.obj
                0x0000000010002444                _exit
 .text.exit     0x0000000010002448        0x6 CMakeFiles/boton_inicio.dir/home/estefany/pico/pico-sdk/src/rp2_common/pico_runtime/runtime.c.obj
                0x0000000010002448                exit
 *fill*         0x000000001000244e        0x2 
 .text.__assert_func
                0x0000000010002450       0x3c CMakeFiles/boton_inicio.dir/home/estefany/pico/pico-sdk/src/rp2_common/pico_runtime/runtime.c.obj
                0x0000000010002450                __assert_func
 .text.runtime_init
                0x000000001000248c       0xf8 CMakeFiles/boton_inicio.dir/home/estefany/pico/pico-sdk/src/rp2_common/pico_runtime/runtime.c.obj
                0x000000001000248c                runtime_init
 .text.panic    0x0000000010002584       0x30 CMakeFiles/boton_inicio.dir/home/estefany/pico/pico-sdk/src/rp2_common/pico_runtime/runtime.c.obj
                0x0000000010002584                panic
 .text._out_null
                0x00000000100025b4        0x2 CMakeFiles/boton_inicio.dir/home/estefany/pico/pico-sdk/src/rp2_common/pico_printf/printf.c.obj
 .text._out_fct
                0x00000000100025b6        0xe CMakeFiles/boton_inicio.dir/home/estefany/pico/pico-sdk/src/rp2_common/pico_printf/printf.c.obj
 .text._atoi    0x00000000100025c4       0x24 CMakeFiles/boton_inicio.dir/home/estefany/pico/pico-sdk/src/rp2_common/pico_printf/printf.c.obj
 .text._out_rev
                0x00000000100025e8       0xae CMakeFiles/boton_inicio.dir/home/estefany/pico/pico-sdk/src/rp2_common/pico_printf/printf.c.obj
 .text._ntoa_format
                0x0000000010002696      0x112 CMakeFiles/boton_inicio.dir/home/estefany/pico/pico-sdk/src/rp2_common/pico_printf/printf.c.obj
 .text._ntoa_long
                0x00000000100027a8       0xbc CMakeFiles/boton_inicio.dir/home/estefany/pico/pico-sdk/src/rp2_common/pico_printf/printf.c.obj
 .text._ntoa_long_long
                0x0000000010002864       0xe2 CMakeFiles/boton_inicio.dir/home/estefany/pico/pico-sdk/src/rp2_common/pico_printf/printf.c.obj
 *fill*         0x0000000010002946        0x2 
 .text._etoa    0x0000000010002948      0x414 CMakeFiles/boton_inicio.dir/home/estefany/pico/pico-sdk/src/rp2_common/pico_printf/printf.c.obj
 .text._ftoa    0x0000000010002d5c      0x354 CMakeFiles/boton_inicio.dir/home/estefany/pico/pico-sdk/src/rp2_common/pico_printf/printf.c.obj
 .text._vsnprintf
                0x00000000100030b0      0x624 CMakeFiles/boton_inicio.dir/home/estefany/pico/pico-sdk/src/rp2_common/pico_printf/printf.c.obj
 .text.vfctprintf
                0x00000000100036d4       0x20 CMakeFiles/boton_inicio.dir/home/estefany/pico/pico-sdk/src/rp2_common/pico_printf/printf.c.obj
                0x00000000100036d4                vfctprintf
 .text          0x00000000100036f4       0x10 CMakeFiles/boton_inicio.dir/home/estefany/pico/pico-sdk/src/rp2_common/pico_bit_ops/bit_ops_aeabi.S.obj
 .text.rom_func_lookup
                0x0000000010003704       0x10 CMakeFiles/boton_inicio.dir/home/estefany/pico/pico-sdk/src/rp2_common/pico_bootrom/bootrom.c.obj
                0x0000000010003704                rom_func_lookup
 .text.rom_data_lookup
                0x0000000010003714       0x10 CMakeFiles/boton_inicio.dir/home/estefany/pico/pico-sdk/src/rp2_common/pico_bootrom/bootrom.c.obj
                0x0000000010003714                rom_data_lookup
 .text.rom_funcs_lookup
                0x0000000010003724       0x36 CMakeFiles/boton_inicio.dir/home/estefany/pico/pico-sdk/src/rp2_common/pico_bootrom/bootrom.c.obj
                0x0000000010003724                rom_funcs_lookup
 *fill*         0x000000001000375a        0x2 
 .text.__wrap___aeabi_idiv
                0x000000001000375c       0x50 CMakeFiles/boton_inicio.dir/home/estefany/pico/pico-sdk/src/rp2_common/pico_divider/divider.S.obj
                0x000000001000375c                __wrap___aeabi_idivmod
                0x000000001000375c                divmod_s32s32
                0x000000001000375c                div_s32s32
                0x000000001000375c                __wrap___aeabi_idiv
                0x0000000010003764                divmod_s32s32_unsafe
                0x0000000010003790                divmod_s32s32_savestate
 .text.__wrap___aeabi_uidiv
                0x00000000100037ac       0x4c CMakeFiles/boton_inicio.dir/home/estefany/pico/pico-sdk/src/rp2_common/pico_divider/divider.S.obj
                0x00000000100037ac                __wrap___aeabi_uidiv
                0x00000000100037ac                __wrap___aeabi_uidivmod
                0x00000000100037ac                div_u32u32
                0x00000000100037ac                divmod_u32u32
                0x00000000100037b4                divmod_u32u32_unsafe
                0x00000000100037dc                divmod_u32u32_savestate
 .text.__wrap___aeabi_ldiv
                0x00000000100037f8      0x424 CMakeFiles/boton_inicio.dir/home/estefany/pico/pico-sdk/src/rp2_common/pico_divider/divider.S.obj
                0x00000000100037f8                div_s64s64
                0x00000000100037f8                divmod_s64s64
                0x00000000100037f8                __wrap___aeabi_ldivmod
                0x0000000010003828                div_u64u64
                0x0000000010003828                divmod_u64u64
                0x0000000010003828                __wrap___aeabi_uldivmod
                0x0000000010003838                divmod_u64u64_savestate
                0x0000000010003858                divmod_s64s64_unsafe
                0x00000000100038e0                divmod_u64u64_unsafe
 .text.__wrap___aeabi_darithmetic
                0x0000000010003c1c       0x60 CMakeFiles/boton_inicio.dir/home/estefany/pico/pico-sdk/src/rp2_common/pico_double/double_aeabi.S.obj
                0x0000000010003c1c                __wrap___aeabi_drsub
                0x0000000010003c22                __wrap___aeabi_dsub
                0x0000000010003c2c                __wrap___aeabi_dadd
                0x0000000010003c36                __wrap___aeabi_ddiv
                0x0000000010003c6a                __wrap___aeabi_dmul
 .text.__wrap___aeabi_cdcmple
                0x0000000010003c7c       0x6c CMakeFiles/boton_inicio.dir/home/estefany/pico/pico-sdk/src/rp2_common/pico_double/double_aeabi.S.obj
                0x0000000010003c7c                __wrap___aeabi_cdrcmple
                0x0000000010003c8c                __wrap___aeabi_cdcmple
                0x0000000010003c8c                __wrap___aeabi_cdcmpeq
 .text.__wrap___aeabi_dcmplt
                0x0000000010003ce8        0xc CMakeFiles/boton_inicio.dir/home/estefany/pico/pico-sdk/src/rp2_common/pico_double/double_aeabi.S.obj
                0x0000000010003ce8                __wrap___aeabi_dcmplt
 .text.__wrap___aeabi_dcmple
                0x0000000010003cf4       0x10 CMakeFiles/boton_inicio.dir/home/estefany/pico/pico-sdk/src/rp2_common/pico_double/double_aeabi.S.obj
                0x0000000010003cf4                __wrap___aeabi_dcmple
 .text.__wrap___aeabi_dcmpge
                0x0000000010003d04       0x10 CMakeFiles/boton_inicio.dir/home/estefany/pico/pico-sdk/src/rp2_common/pico_double/double_aeabi.S.obj
                0x0000000010003d04                __wrap___aeabi_dcmpge
 .text.__wrap___aeabi_dcmpgt
                0x0000000010003d14        0xa CMakeFiles/boton_inicio.dir/home/estefany/pico/pico-sdk/src/rp2_common/pico_double/double_aeabi.S.obj
                0x0000000010003d14                __wrap___aeabi_dcmpgt
 .text.__wrap___aeabi_dcmpun
                0x0000000010003d1e       0x1c CMakeFiles/boton_inicio.dir/home/estefany/pico/pico-sdk/src/rp2_common/pico_double/double_aeabi.S.obj
                0x0000000010003d1e                __wrap___aeabi_dcmpun
 *fill*         0x0000000010003d3a        0x2 
 .text.__wrap___aeabi_i2d
                0x0000000010003d3c       0x38 CMakeFiles/boton_inicio.dir/home/estefany/pico/pico-sdk/src/rp2_common/pico_double/double_aeabi.S.obj
                0x0000000010003d3c                __wrap___aeabi_ui2d
                0x0000000010003d44                __wrap___aeabi_i2d
 .text.__wrap___aeabi_d2iz
                0x0000000010003d74       0x48 CMakeFiles/boton_inicio.dir/home/estefany/pico/pico-sdk/src/rp2_common/pico_double/double_aeabi.S.obj
                0x0000000010003d74                __wrap___aeabi_d2iz
                0x0000000010003d74                double2int_z
 .text.__wrap___aeabi_d2uiz
                0x0000000010003dbc       0x10 CMakeFiles/boton_inicio.dir/home/estefany/pico/pico-sdk/src/rp2_common/pico_double/double_aeabi.S.obj
                0x0000000010003dbc                double2uint
                0x0000000010003dbc                __wrap___aeabi_d2uiz
 .text.missing_double_func_shim
                0x0000000010003dcc        0xc CMakeFiles/boton_inicio.dir/home/estefany/pico/pico-sdk/src/rp2_common/pico_double/double_init_rom.c.obj
 .text.__aeabi_double_init
                0x0000000010003dd8       0xcc CMakeFiles/boton_inicio.dir/home/estefany/pico/pico-sdk/src/rp2_common/pico_double/double_init_rom.c.obj
                0x0000000010003dd8                __aeabi_double_init
 .text.double_table_shim_on_use_helper
                0x0000000010003ea4       0x34 CMakeFiles/boton_inicio.dir/home/estefany/pico/pico-sdk/src/rp2_common/pico_double/double_v1_rom_shim.S.obj
                0x0000000010003ea4                double_table_shim_on_use_helper
 .text.__aeabi_lmul
                0x0000000010003ed8       0x32 CMakeFiles/boton_inicio.dir/home/estefany/pico/pico-sdk/src/rp2_common/pico_int64_ops/pico_int64_ops_aeabi.S.obj
                0x0000000010003ed8                __wrap___aeabi_lmul
 *fill*         0x0000000010003f0a        0x2 
 .text.missing_float_func_shim
                0x0000000010003f0c        0xc CMakeFiles/boton_inicio.dir/home/estefany/pico/pico-sdk/src/rp2_common/pico_float/float_init_rom.c.obj
 .text.__aeabi_float_init
                0x0000000010003f18       0x88 CMakeFiles/boton_inicio.dir/home/estefany/pico/pico-sdk/src/rp2_common/pico_float/float_init_rom.c.obj
                0x0000000010003f18                __aeabi_float_init
 .text          0x0000000010003fa0       0x10 CMakeFiles/boton_inicio.dir/home/estefany/pico/pico-sdk/src/rp2_common/pico_mem_ops/mem_ops_aeabi.S.obj
                0x0000000010003fa0                __aeabi_mem_init
 .text.memset   0x0000000010003fb0        0xc CMakeFiles/boton_inicio.dir/home/estefany/pico/pico-sdk/src/rp2_common/pico_mem_ops/mem_ops_aeabi.S.obj
                0x0000000010003fb0                __wrap_memset
 .text.memcpy   0x0000000010003fbc        0xc CMakeFiles/boton_inicio.dir/home/estefany/pico/pico-sdk/src/rp2_common/pico_mem_ops/mem_ops_aeabi.S.obj
                0x0000000010003fbc                __wrap___aeabi_memcpy
                0x0000000010003fbc                __wrap_memcpy
 .text.stdio_out_chars_no_crlf
                0x0000000010003fc8        0xe CMakeFiles/boton_inicio.dir/home/estefany/pico/pico-sdk/src/rp2_common/pico_stdio/stdio.c.obj
 *fill*         0x0000000010003fd6        0x2 
 .text.stdio_out_chars_crlf
                0x0000000010003fd8       0x80 CMakeFiles/boton_inicio.dir/home/estefany/pico/pico-sdk/src/rp2_common/pico_stdio/stdio.c.obj
 .text.stdio_stack_buffer_flush
                0x0000000010004058       0x44 CMakeFiles/boton_inicio.dir/home/estefany/pico/pico-sdk/src/rp2_common/pico_stdio/stdio.c.obj
 .text.stdio_buffered_printer
                0x000000001000409c       0x20 CMakeFiles/boton_inicio.dir/home/estefany/pico/pico-sdk/src/rp2_common/pico_stdio/stdio.c.obj
 .text.stdout_serialize_begin
                0x00000000100040bc       0x5c CMakeFiles/boton_inicio.dir/home/estefany/pico/pico-sdk/src/rp2_common/pico_stdio/stdio.c.obj
                0x00000000100040bc                stdout_serialize_begin
 .text.stdout_serialize_end
                0x0000000010004118       0x10 CMakeFiles/boton_inicio.dir/home/estefany/pico/pico-sdk/src/rp2_common/pico_stdio/stdio.c.obj
                0x0000000010004118                stdout_serialize_end
 .text.stdio_put_string
                0x0000000010004128       0x98 CMakeFiles/boton_inicio.dir/home/estefany/pico/pico-sdk/src/rp2_common/pico_stdio/stdio.c.obj
 .text.stdio_set_driver_enabled
                0x00000000100041c0       0x2c CMakeFiles/boton_inicio.dir/home/estefany/pico/pico-sdk/src/rp2_common/pico_stdio/stdio.c.obj
                0x00000000100041c0                stdio_set_driver_enabled
 .text.stdio_flush
                0x00000000100041ec       0x20 CMakeFiles/boton_inicio.dir/home/estefany/pico/pico-sdk/src/rp2_common/pico_stdio/stdio.c.obj
                0x00000000100041ec                stdio_flush
 .text.__wrap_puts
                0x000000001000420c       0x1e CMakeFiles/boton_inicio.dir/home/estefany/pico/pico-sdk/src/rp2_common/pico_stdio/stdio.c.obj
                0x000000001000420c                __wrap_puts
 *fill*         0x000000001000422a        0x2 
 .text.__wrap_vprintf
                0x000000001000422c       0x40 CMakeFiles/boton_inicio.dir/home/estefany/pico/pico-sdk/src/rp2_common/pico_stdio/stdio.c.obj
                0x000000001000422c                __wrap_vprintf
 .text.__wrap_printf
                0x000000001000426c       0x18 CMakeFiles/boton_inicio.dir/home/estefany/pico/pico-sdk/src/rp2_common/pico_stdio/stdio.c.obj
                0x000000001000426c                __wrap_printf
 .text.stdio_init_all
                0x0000000010004284        0x8 CMakeFiles/boton_inicio.dir/home/estefany/pico/pico-sdk/src/rp2_common/pico_stdio/stdio.c.obj
                0x0000000010004284                stdio_init_all
 .text.resetd_init
                0x000000001000428c        0x2 CMakeFiles/boton_inicio.dir/home/estefany/pico/pico-sdk/src/rp2_common/pico_stdio_usb/reset_interface.c.obj
 *fill*         0x000000001000428e        0x2 
 .text.resetd_reset
                0x0000000010004290        0xc CMakeFiles/boton_inicio.dir/home/estefany/pico/pico-sdk/src/rp2_common/pico_stdio_usb/reset_interface.c.obj
 .text.resetd_open
                0x000000001000429c       0x34 CMakeFiles/boton_inicio.dir/home/estefany/pico/pico-sdk/src/rp2_common/pico_stdio_usb/reset_interface.c.obj
 .text.resetd_xfer_cb
                0x00000000100042d0        0x4 CMakeFiles/boton_inicio.dir/home/estefany/pico/pico-sdk/src/rp2_common/pico_stdio_usb/reset_interface.c.obj
 .text.reset_usb_boot
                0x00000000100042d4       0x18 CMakeFiles/boton_inicio.dir/home/estefany/pico/pico-sdk/src/rp2_common/pico_stdio_usb/reset_interface.c.obj
 .text.resetd_control_xfer_cb
                0x00000000100042ec       0x5c CMakeFiles/boton_inicio.dir/home/estefany/pico/pico-sdk/src/rp2_common/pico_stdio_usb/reset_interface.c.obj
 .text.usbd_app_driver_get_cb
                0x0000000010004348        0xc CMakeFiles/boton_inicio.dir/home/estefany/pico/pico-sdk/src/rp2_common/pico_stdio_usb/reset_interface.c.obj
                0x0000000010004348                usbd_app_driver_get_cb
 .text.tud_cdc_line_coding_cb
                0x0000000010004354       0x28 CMakeFiles/boton_inicio.dir/home/estefany/pico/pico-sdk/src/rp2_common/pico_stdio_usb/reset_interface.c.obj
                0x0000000010004354                tud_cdc_line_coding_cb
 .text.stdio_usb_set_chars_available_callback
                0x000000001000437c       0x14 CMakeFiles/boton_inicio.dir/home/estefany/pico/pico-sdk/src/rp2_common/pico_stdio_usb/stdio_usb.c.obj
                0x000000001000437c                stdio_usb_set_chars_available_callback
 .text.usb_irq  0x0000000010004390       0x10 CMakeFiles/boton_inicio.dir/home/estefany/pico/pico-sdk/src/rp2_common/pico_stdio_usb/stdio_usb.c.obj
 .text.timer_task
                0x00000000100043a0       0x5c CMakeFiles/boton_inicio.dir/home/estefany/pico/pico-sdk/src/rp2_common/pico_stdio_usb/stdio_usb.c.obj
 .text.low_priority_worker_irq
                0x00000000100043fc       0xdc CMakeFiles/boton_inicio.dir/home/estefany/pico/pico-sdk/src/rp2_common/pico_stdio_usb/stdio_usb.c.obj
 .text.tud_cdc_rx_cb
                0x00000000100044d8       0x20 CMakeFiles/boton_inicio.dir/home/estefany/pico/pico-sdk/src/rp2_common/pico_stdio_usb/stdio_usb.c.obj
                0x00000000100044d8                tud_cdc_rx_cb
 .text.stdio_usb_init
                0x00000000100044f8      0x11c CMakeFiles/boton_inicio.dir/home/estefany/pico/pico-sdk/src/rp2_common/pico_stdio_usb/stdio_usb.c.obj
                0x00000000100044f8                stdio_usb_init
 .text.stdio_usb_connected
                0x0000000010004614        0xa CMakeFiles/boton_inicio.dir/home/estefany/pico/pico-sdk/src/rp2_common/pico_stdio_usb/stdio_usb.c.obj
                0x0000000010004614                stdio_usb_connected
 *fill*         0x000000001000461e        0x2 
 .text.stdio_usb_in_chars
                0x0000000010004620       0xc4 CMakeFiles/boton_inicio.dir/home/estefany/pico/pico-sdk/src/rp2_common/pico_stdio_usb/stdio_usb.c.obj
                0x0000000010004620                stdio_usb_in_chars
 .text.stdio_usb_out_chars
                0x00000000100046e4      0x114 CMakeFiles/boton_inicio.dir/home/estefany/pico/pico-sdk/src/rp2_common/pico_stdio_usb/stdio_usb.c.obj
 .text.tud_descriptor_device_cb
                0x00000000100047f8        0x8 CMakeFiles/boton_inicio.dir/home/estefany/pico/pico-sdk/src/rp2_common/pico_stdio_usb/stdio_usb_descriptors.c.obj
                0x00000000100047f8                tud_descriptor_device_cb
 .text.tud_descriptor_configuration_cb
                0x0000000010004800        0x8 CMakeFiles/boton_inicio.dir/home/estefany/pico/pico-sdk/src/rp2_common/pico_stdio_usb/stdio_usb_descriptors.c.obj
                0x0000000010004800                tud_descriptor_configuration_cb
 .text.tud_descriptor_string_cb
                0x0000000010004808       0x6c CMakeFiles/boton_inicio.dir/home/estefany/pico/pico-sdk/src/rp2_common/pico_stdio_usb/stdio_usb_descriptors.c.obj
                0x0000000010004808                tud_descriptor_string_cb
 .text._retrieve_unique_id_on_boot
                0x0000000010004874       0x10 CMakeFiles/boton_inicio.dir/home/estefany/pico/pico-sdk/src/rp2_common/pico_unique_id/unique_id.c.obj
 .text.pico_get_unique_board_id_string
                0x0000000010004884       0x60 CMakeFiles/boton_inicio.dir/home/estefany/pico/pico-sdk/src/rp2_common/pico_unique_id/unique_id.c.obj
                0x0000000010004884                pico_get_unique_board_id_string
 .text.flash_get_unique_id
                0x00000000100048e4       0x46 CMakeFiles/boton_inicio.dir/home/estefany/pico/pico-sdk/src/rp2_common/hardware_flash/flash.c.obj
                0x00000000100048e4                flash_get_unique_id
 *fill*         0x000000001000492a        0x2 
 .text.hw_endpoint_get_by_addr
                0x000000001000492c       0x18 CMakeFiles/boton_inicio.dir/home/estefany/pico/pico-sdk/lib/tinyusb/src/portable/raspberrypi/rp2040/dcd_rp2040.c.obj
 .text._hw_endpoint_alloc
                0x0000000010004944       0x70 CMakeFiles/boton_inicio.dir/home/estefany/pico/pico-sdk/lib/tinyusb/src/portable/raspberrypi/rp2040/dcd_rp2040.c.obj
 .text.hw_endpoint_init
                0x00000000100049b4       0x88 CMakeFiles/boton_inicio.dir/home/estefany/pico/pico-sdk/lib/tinyusb/src/portable/raspberrypi/rp2040/dcd_rp2040.c.obj
 .text.hw_endpoint_xfer
                0x0000000010004a3c       0x14 CMakeFiles/boton_inicio.dir/home/estefany/pico/pico-sdk/lib/tinyusb/src/portable/raspberrypi/rp2040/dcd_rp2040.c.obj
 .text.dcd_int_enable
                0x0000000010004a50       0x2c CMakeFiles/boton_inicio.dir/home/estefany/pico/pico-sdk/lib/tinyusb/src/portable/raspberrypi/rp2040/dcd_rp2040.c.obj
                0x0000000010004a50                dcd_int_enable
 .text.dcd_set_address
                0x0000000010004a7c       0x2c CMakeFiles/boton_inicio.dir/home/estefany/pico/pico-sdk/lib/tinyusb/src/portable/raspberrypi/rp2040/dcd_rp2040.c.obj
                0x0000000010004a7c                dcd_set_address
 .text.dcd_connect
                0x0000000010004aa8       0x10 CMakeFiles/boton_inicio.dir/home/estefany/pico/pico-sdk/lib/tinyusb/src/portable/raspberrypi/rp2040/dcd_rp2040.c.obj
                0x0000000010004aa8                dcd_connect
 .text.dcd_init
                0x0000000010004ab8       0x80 CMakeFiles/boton_inicio.dir/home/estefany/pico/pico-sdk/lib/tinyusb/src/portable/raspberrypi/rp2040/dcd_rp2040.c.obj
                0x0000000010004ab8                dcd_init
 .text.dcd_edpt0_status_complete
                0x0000000010004b38       0x1c CMakeFiles/boton_inicio.dir/home/estefany/pico/pico-sdk/lib/tinyusb/src/portable/raspberrypi/rp2040/dcd_rp2040.c.obj
                0x0000000010004b38                dcd_edpt0_status_complete
 .text.dcd_edpt_open
                0x0000000010004b54       0x40 CMakeFiles/boton_inicio.dir/home/estefany/pico/pico-sdk/lib/tinyusb/src/portable/raspberrypi/rp2040/dcd_rp2040.c.obj
                0x0000000010004b54                dcd_edpt_open
 .text.dcd_edpt_close_all
                0x0000000010004b94        0x8 CMakeFiles/boton_inicio.dir/home/estefany/pico/pico-sdk/lib/tinyusb/src/portable/raspberrypi/rp2040/dcd_rp2040.c.obj
                0x0000000010004b94                dcd_edpt_close_all
 .text.dcd_edpt_xfer
                0x0000000010004b9c       0x34 CMakeFiles/boton_inicio.dir/home/estefany/pico/pico-sdk/lib/tinyusb/src/portable/raspberrypi/rp2040/dcd_rp2040.c.obj
                0x0000000010004b9c                dcd_edpt_xfer
 .text.dcd_edpt_stall
                0x0000000010004bd0       0x2c CMakeFiles/boton_inicio.dir/home/estefany/pico/pico-sdk/lib/tinyusb/src/portable/raspberrypi/rp2040/dcd_rp2040.c.obj
                0x0000000010004bd0                dcd_edpt_stall
 .text.dcd_edpt_clear_stall
                0x0000000010004bfc       0x20 CMakeFiles/boton_inicio.dir/home/estefany/pico/pico-sdk/lib/tinyusb/src/portable/raspberrypi/rp2040/dcd_rp2040.c.obj
                0x0000000010004bfc                dcd_edpt_clear_stall
 .text.rp2040_usb_init
                0x0000000010004c1c       0x4c CMakeFiles/boton_inicio.dir/home/estefany/pico/pico-sdk/lib/tinyusb/src/portable/raspberrypi/rp2040/rp2040_usb.c.obj
                0x0000000010004c1c                rp2040_usb_init
 .text.hw_endpoint_xfer_start
                0x0000000010004c68       0x50 CMakeFiles/boton_inicio.dir/home/estefany/pico/pico-sdk/lib/tinyusb/src/portable/raspberrypi/rp2040/rp2040_usb.c.obj
                0x0000000010004c68                hw_endpoint_xfer_start
 .text.configuration_reset
                0x0000000010004cb8       0x84 CMakeFiles/boton_inicio.dir/home/estefany/pico/pico-sdk/lib/tinyusb/src/device/usbd.c.obj
 .text.usbd_reset
                0x0000000010004d3c        0xc CMakeFiles/boton_inicio.dir/home/estefany/pico/pico-sdk/lib/tinyusb/src/device/usbd.c.obj
 .text.invoke_class_control
                0x0000000010004d48       0x1a CMakeFiles/boton_inicio.dir/home/estefany/pico/pico-sdk/lib/tinyusb/src/device/usbd.c.obj
 *fill*         0x0000000010004d62        0x2 
 .text.process_set_config
                0x0000000010004d64      0x178 CMakeFiles/boton_inicio.dir/home/estefany/pico/pico-sdk/lib/tinyusb/src/device/usbd.c.obj
 .text.process_get_descriptor
                0x0000000010004edc       0xdc CMakeFiles/boton_inicio.dir/home/estefany/pico/pico-sdk/lib/tinyusb/src/device/usbd.c.obj
 .text.tud_mounted
                0x0000000010004fb8       0x10 CMakeFiles/boton_inicio.dir/home/estefany/pico/pico-sdk/lib/tinyusb/src/device/usbd.c.obj
                0x0000000010004fb8                tud_mounted
 .text.tud_suspended
                0x0000000010004fc8       0x10 CMakeFiles/boton_inicio.dir/home/estefany/pico/pico-sdk/lib/tinyusb/src/device/usbd.c.obj
                0x0000000010004fc8                tud_suspended
 .text.tud_inited
                0x0000000010004fd8       0x14 CMakeFiles/boton_inicio.dir/home/estefany/pico/pico-sdk/lib/tinyusb/src/device/usbd.c.obj
                0x0000000010004fd8                tud_inited
 .text.tud_init
                0x0000000010004fec       0xcc CMakeFiles/boton_inicio.dir/home/estefany/pico/pico-sdk/lib/tinyusb/src/device/usbd.c.obj
                0x0000000010004fec                tud_init
 .text.usbd_defer_func
                0x00000000100050b8       0x2a CMakeFiles/boton_inicio.dir/home/estefany/pico/pico-sdk/lib/tinyusb/src/device/usbd.c.obj
                0x00000000100050b8                usbd_defer_func
 *fill*         0x00000000100050e2        0x2 
 .text.usbd_edpt_open
                0x00000000100050e4       0x34 CMakeFiles/boton_inicio.dir/home/estefany/pico/pico-sdk/lib/tinyusb/src/device/usbd.c.obj
                0x00000000100050e4                usbd_edpt_open
 .text.usbd_open_edpt_pair
                0x0000000010005118       0x62 CMakeFiles/boton_inicio.dir/home/estefany/pico/pico-sdk/lib/tinyusb/src/device/usbd.c.obj
                0x0000000010005118                usbd_open_edpt_pair
 *fill*         0x000000001000517a        0x2 
 .text.usbd_edpt_claim
                0x000000001000517c       0x28 CMakeFiles/boton_inicio.dir/home/estefany/pico/pico-sdk/lib/tinyusb/src/device/usbd.c.obj
                0x000000001000517c                usbd_edpt_claim
 .text.usbd_edpt_release
                0x00000000100051a4       0x28 CMakeFiles/boton_inicio.dir/home/estefany/pico/pico-sdk/lib/tinyusb/src/device/usbd.c.obj
                0x00000000100051a4                usbd_edpt_release
 .text.usbd_edpt_xfer
                0x00000000100051cc       0x78 CMakeFiles/boton_inicio.dir/home/estefany/pico/pico-sdk/lib/tinyusb/src/device/usbd.c.obj
                0x00000000100051cc                usbd_edpt_xfer
 .text.usbd_edpt_stall
                0x0000000010005244       0x48 CMakeFiles/boton_inicio.dir/home/estefany/pico/pico-sdk/lib/tinyusb/src/device/usbd.c.obj
                0x0000000010005244                usbd_edpt_stall
 .text.usbd_edpt_clear_stall
                0x000000001000528c       0x48 CMakeFiles/boton_inicio.dir/home/estefany/pico/pico-sdk/lib/tinyusb/src/device/usbd.c.obj
                0x000000001000528c                usbd_edpt_clear_stall
 .text.usbd_edpt_stalled
                0x00000000100052d4       0x1c CMakeFiles/boton_inicio.dir/home/estefany/pico/pico-sdk/lib/tinyusb/src/device/usbd.c.obj
                0x00000000100052d4                usbd_edpt_stalled
 .text.process_control_request
                0x00000000100052f0      0x37c CMakeFiles/boton_inicio.dir/home/estefany/pico/pico-sdk/lib/tinyusb/src/device/usbd.c.obj
 .text.tud_task_ext
                0x000000001000566c      0x1b8 CMakeFiles/boton_inicio.dir/home/estefany/pico/pico-sdk/lib/tinyusb/src/device/usbd.c.obj
                0x000000001000566c                tud_task_ext
 .text._data_stage_xact
                0x0000000010005824       0x58 CMakeFiles/boton_inicio.dir/home/estefany/pico/pico-sdk/lib/tinyusb/src/device/usbd_control.c.obj
 .text.tud_control_status
                0x000000001000587c       0x38 CMakeFiles/boton_inicio.dir/home/estefany/pico/pico-sdk/lib/tinyusb/src/device/usbd_control.c.obj
                0x000000001000587c                tud_control_status
 .text.tud_control_xfer
                0x00000000100058b4       0x74 CMakeFiles/boton_inicio.dir/home/estefany/pico/pico-sdk/lib/tinyusb/src/device/usbd_control.c.obj
                0x00000000100058b4                tud_control_xfer
 .text.usbd_control_reset
                0x0000000010005928       0x14 CMakeFiles/boton_inicio.dir/home/estefany/pico/pico-sdk/lib/tinyusb/src/device/usbd_control.c.obj
                0x0000000010005928                usbd_control_reset
 .text.usbd_control_set_complete_callback
                0x000000001000593c        0xc CMakeFiles/boton_inicio.dir/home/estefany/pico/pico-sdk/lib/tinyusb/src/device/usbd_control.c.obj
                0x000000001000593c                usbd_control_set_complete_callback
 .text.usbd_control_set_request
                0x0000000010005948       0x1c CMakeFiles/boton_inicio.dir/home/estefany/pico/pico-sdk/lib/tinyusb/src/device/usbd_control.c.obj
                0x0000000010005948                usbd_control_set_request
 .text.usbd_control_xfer_cb
                0x0000000010005964       0xcc CMakeFiles/boton_inicio.dir/home/estefany/pico/pico-sdk/lib/tinyusb/src/device/usbd_control.c.obj
                0x0000000010005964                usbd_control_xfer_cb
 .text._prep_out_transaction
                0x0000000010005a30       0x4a CMakeFiles/boton_inicio.dir/home/estefany/pico/pico-sdk/lib/tinyusb/src/class/cdc/cdc_device.c.obj
 *fill*         0x0000000010005a7a        0x2 
 .text.tud_cdc_n_connected
                0x0000000010005a7c       0x44 CMakeFiles/boton_inicio.dir/home/estefany/pico/pico-sdk/lib/tinyusb/src/class/cdc/cdc_device.c.obj
                0x0000000010005a7c                tud_cdc_n_connected
 .text.tud_cdc_n_available
                0x0000000010005ac0       0x18 CMakeFiles/boton_inicio.dir/home/estefany/pico/pico-sdk/lib/tinyusb/src/class/cdc/cdc_device.c.obj
                0x0000000010005ac0                tud_cdc_n_available
 .text.tud_cdc_n_read
                0x0000000010005ad8       0x28 CMakeFiles/boton_inicio.dir/home/estefany/pico/pico-sdk/lib/tinyusb/src/class/cdc/cdc_device.c.obj
                0x0000000010005ad8                tud_cdc_n_read
 .text.tud_cdc_n_write_flush
                0x0000000010005b00       0xb8 CMakeFiles/boton_inicio.dir/home/estefany/pico/pico-sdk/lib/tinyusb/src/class/cdc/cdc_device.c.obj
                0x0000000010005b00                tud_cdc_n_write_flush
 .text.tud_cdc_n_write
                0x0000000010005bb8       0x38 CMakeFiles/boton_inicio.dir/home/estefany/pico/pico-sdk/lib/tinyusb/src/class/cdc/cdc_device.c.obj
                0x0000000010005bb8                tud_cdc_n_write
 .text.tud_cdc_n_write_available
                0x0000000010005bf0       0x1c CMakeFiles/boton_inicio.dir/home/estefany/pico/pico-sdk/lib/tinyusb/src/class/cdc/cdc_device.c.obj
                0x0000000010005bf0                tud_cdc_n_write_available
 .text.cdcd_init
                0x0000000010005c0c       0xbc CMakeFiles/boton_inicio.dir/home/estefany/pico/pico-sdk/lib/tinyusb/src/class/cdc/cdc_device.c.obj
                0x0000000010005c0c                cdcd_init
 .text.cdcd_reset
                0x0000000010005cc8       0x44 CMakeFiles/boton_inicio.dir/home/estefany/pico/pico-sdk/lib/tinyusb/src/class/cdc/cdc_device.c.obj
                0x0000000010005cc8                cdcd_reset
 .text.cdcd_open
                0x0000000010005d0c       0xcc CMakeFiles/boton_inicio.dir/home/estefany/pico/pico-sdk/lib/tinyusb/src/class/cdc/cdc_device.c.obj
                0x0000000010005d0c                cdcd_open
 .text.cdcd_control_xfer_cb
                0x0000000010005dd8      0x134 CMakeFiles/boton_inicio.dir/home/estefany/pico/pico-sdk/lib/tinyusb/src/class/cdc/cdc_device.c.obj
                0x0000000010005dd8                cdcd_control_xfer_cb
 .text.cdcd_xfer_cb
                0x0000000010005f0c      0x130 CMakeFiles/boton_inicio.dir/home/estefany/pico/pico-sdk/lib/tinyusb/src/class/cdc/cdc_device.c.obj
                0x0000000010005f0c                cdcd_xfer_cb
 .text.tusb_init
                0x000000001000603c        0xa CMakeFiles/boton_inicio.dir/home/estefany/pico/pico-sdk/lib/tinyusb/src/tusb.c.obj
                0x000000001000603c                tusb_init
 .text.tusb_inited
                0x0000000010006046        0xe CMakeFiles/boton_inicio.dir/home/estefany/pico/pico-sdk/lib/tinyusb/src/tusb.c.obj
                0x0000000010006046                tusb_inited
 .text.tu_edpt_claim
                0x0000000010006054       0x50 CMakeFiles/boton_inicio.dir/home/estefany/pico/pico-sdk/lib/tinyusb/src/tusb.c.obj
                0x0000000010006054                tu_edpt_claim
 .text.tu_edpt_release
                0x00000000100060a4       0x3c CMakeFiles/boton_inicio.dir/home/estefany/pico/pico-sdk/lib/tinyusb/src/tusb.c.obj
                0x00000000100060a4                tu_edpt_release
 .text.tu_edpt_validate
                0x00000000100060e0       0x78 CMakeFiles/boton_inicio.dir/home/estefany/pico/pico-sdk/lib/tinyusb/src/tusb.c.obj
                0x00000000100060e0                tu_edpt_validate
 .text.tu_edpt_bind_driver
                0x0000000010006158       0x26 CMakeFiles/boton_inicio.dir/home/estefany/pico/pico-sdk/lib/tinyusb/src/tusb.c.obj
                0x0000000010006158                tu_edpt_bind_driver
 .text.advance_index
                0x000000001000617e       0x1a CMakeFiles/boton_inicio.dir/home/estefany/pico/pico-sdk/lib/tinyusb/src/common/tusb_fifo.c.obj
 .text._tu_fifo_peek
                0x0000000010006198       0x56 CMakeFiles/boton_inicio.dir/home/estefany/pico/pico-sdk/lib/tinyusb/src/common/tusb_fifo.c.obj
 .text._ff_pull_const_addr
                0x00000000100061ee       0x4c CMakeFiles/boton_inicio.dir/home/estefany/pico/pico-sdk/lib/tinyusb/src/common/tusb_fifo.c.obj
 .text._ff_pull_n
                0x000000001000623a      0x110 CMakeFiles/boton_inicio.dir/home/estefany/pico/pico-sdk/lib/tinyusb/src/common/tusb_fifo.c.obj
 .text._tu_fifo_peek_n
                0x000000001000634a       0x6a CMakeFiles/boton_inicio.dir/home/estefany/pico/pico-sdk/lib/tinyusb/src/common/tusb_fifo.c.obj
 .text._tu_fifo_read_n
                0x00000000100063b4       0x4e CMakeFiles/boton_inicio.dir/home/estefany/pico/pico-sdk/lib/tinyusb/src/common/tusb_fifo.c.obj
 .text._ff_push_const_addr
                0x0000000010006402       0x40 CMakeFiles/boton_inicio.dir/home/estefany/pico/pico-sdk/lib/tinyusb/src/common/tusb_fifo.c.obj
 .text._ff_push_n
                0x0000000010006442      0x10c CMakeFiles/boton_inicio.dir/home/estefany/pico/pico-sdk/lib/tinyusb/src/common/tusb_fifo.c.obj
 .text._tu_fifo_write_n
                0x000000001000654e       0xf0 CMakeFiles/boton_inicio.dir/home/estefany/pico/pico-sdk/lib/tinyusb/src/common/tusb_fifo.c.obj
 .text.tu_fifo_config
                0x000000001000663e       0x7c CMakeFiles/boton_inicio.dir/home/estefany/pico/pico-sdk/lib/tinyusb/src/common/tusb_fifo.c.obj
                0x000000001000663e                tu_fifo_config
 .text.tu_fifo_count
                0x00000000100066ba       0x2a CMakeFiles/boton_inicio.dir/home/estefany/pico/pico-sdk/lib/tinyusb/src/common/tusb_fifo.c.obj
                0x00000000100066ba                tu_fifo_count
 .text.tu_fifo_empty
                0x00000000100066e4       0x10 CMakeFiles/boton_inicio.dir/home/estefany/pico/pico-sdk/lib/tinyusb/src/common/tusb_fifo.c.obj
                0x00000000100066e4                tu_fifo_empty
 .text.tu_fifo_full
                0x00000000100066f4       0x28 CMakeFiles/boton_inicio.dir/home/estefany/pico/pico-sdk/lib/tinyusb/src/common/tusb_fifo.c.obj
                0x00000000100066f4                tu_fifo_full
 .text.tu_fifo_remaining
                0x000000001000671c       0x2c CMakeFiles/boton_inicio.dir/home/estefany/pico/pico-sdk/lib/tinyusb/src/common/tusb_fifo.c.obj
                0x000000001000671c                tu_fifo_remaining
 .text.tu_fifo_read
                0x0000000010006748       0x42 CMakeFiles/boton_inicio.dir/home/estefany/pico/pico-sdk/lib/tinyusb/src/common/tusb_fifo.c.obj
                0x0000000010006748                tu_fifo_read
 .text.tu_fifo_read_n
                0x000000001000678a        0xa CMakeFiles/boton_inicio.dir/home/estefany/pico/pico-sdk/lib/tinyusb/src/common/tusb_fifo.c.obj
                0x000000001000678a                tu_fifo_read_n
 .text.tu_fifo_write
                0x0000000010006794       0x64 CMakeFiles/boton_inicio.dir/home/estefany/pico/pico-sdk/lib/tinyusb/src/common/tusb_fifo.c.obj
                0x0000000010006794                tu_fifo_write
 .text.tu_fifo_write_n
                0x00000000100067f8        0xa CMakeFiles/boton_inicio.dir/home/estefany/pico/pico-sdk/lib/tinyusb/src/common/tusb_fifo.c.obj
                0x00000000100067f8                tu_fifo_write_n
 .text.tu_fifo_clear
                0x0000000010006802       0x3e CMakeFiles/boton_inicio.dir/home/estefany/pico/pico-sdk/lib/tinyusb/src/common/tusb_fifo.c.obj
                0x0000000010006802                tu_fifo_clear
 .text.tu_fifo_set_overwritable
                0x0000000010006840       0x46 CMakeFiles/boton_inicio.dir/home/estefany/pico/pico-sdk/lib/tinyusb/src/common/tusb_fifo.c.obj
                0x0000000010006840                tu_fifo_set_overwritable
 *fill*         0x0000000010006886        0x2 
 .text          0x0000000010006888       0x5c /usr/lib/gcc/arm-none-eabi/10.3.1/../../../arm-none-eabi/lib/thumb/v6-m/nofp/libg.a(lib_a-strlen-stub.o)
                0x0000000010006888                strlen
 *(.fini)
 .fini          0x00000000100068e4        0x4 /usr/lib/gcc/arm-none-eabi/10.3.1/thumb/v6-m/nofp/crti.o
                0x00000000100068e4                _fini
 .fini.__stub   0x00000000100068e8       0xe0 linker stubs
 *crtbegin.o(.ctors)
 *crtbegin?.o(.ctors)
 *(EXCLUDE_FILE(*crtend.o *crtend?.o) .ctors)
 *(SORT_BY_NAME(.ctors.*))
 *(.ctors)
 *crtbegin.o(.dtors)
 *crtbegin?.o(.dtors)
 *(EXCLUDE_FILE(*crtend.o *crtend?.o) .dtors)
 *(SORT_BY_NAME(.dtors.*))
 *(.dtors)
 *(.eh_frame*)
 .eh_frame      0x00000000100069c8        0x0 /usr/lib/gcc/arm-none-eabi/10.3.1/thumb/v6-m/nofp/crtbegin.o
                0x00000000100069c8                . = ALIGN (0x4)

.glue_7         0x00000000100069c8        0x0
 .glue_7        0x00000000100069c8        0x0 linker stubs

.glue_7t        0x00000000100069c8        0x0
 .glue_7t       0x00000000100069c8        0x0 linker stubs

.vfp11_veneer   0x00000000100069c8        0x0
 .vfp11_veneer  0x00000000100069c8        0x0 linker stubs

.v4_bx          0x00000000100069c8        0x0
 .v4_bx         0x00000000100069c8        0x0 linker stubs

.iplt           0x00000000100069c8        0x0
 .iplt          0x00000000100069c8        0x0 /usr/lib/gcc/arm-none-eabi/10.3.1/thumb/v6-m/nofp/crtbegin.o

.rodata         0x00000000100069c8     0x15f4
 *(EXCLUDE_FILE(*libm.a: *libc.a:*lib_a-mem*.o *libgcc.a:) .rodata*)
 .rodata.main.str1.4
                0x00000000100069c8       0x1e CMakeFiles/boton_inicio.dir/boton_inicio.c.obj
 *fill*         0x00000000100069e6        0x2 
 .rodata        0x00000000100069e8       0x44 CMakeFiles/boton_inicio.dir/boton_inicio.c.obj
 .rodata.spin_lock_claim_unused.str1.4
                0x0000000010006a2c       0x1b CMakeFiles/boton_inicio.dir/home/estefany/pico/pico-sdk/src/rp2_common/hardware_sync/sync.c.obj
 *fill*         0x0000000010006a47        0x1 
 .rodata.make_branch.str1.4
                0x0000000010006a48       0x6f CMakeFiles/boton_inicio.dir/home/estefany/pico/pico-sdk/src/rp2_common/hardware_irq/irq.c.obj
 *fill*         0x0000000010006ab7        0x1 
 .rodata.insert_branch_and_link.str1.4
                0x0000000010006ab8       0x10 CMakeFiles/boton_inicio.dir/home/estefany/pico/pico-sdk/src/rp2_common/hardware_irq/irq.c.obj
 .rodata.irq_set_exclusive_handler.str1.4
                0x0000000010006ac8       0x36 CMakeFiles/boton_inicio.dir/home/estefany/pico/pico-sdk/src/rp2_common/hardware_irq/irq.c.obj
 *fill*         0x0000000010006afe        0x2 
 .rodata.irq_add_shared_handler.str1.4
                0x0000000010006b00       0xd9 CMakeFiles/boton_inicio.dir/home/estefany/pico/pico-sdk/src/rp2_common/hardware_irq/irq.c.obj
 *fill*         0x0000000010006bd9        0x3 
 .rodata.irq_remove_handler.str1.4
                0x0000000010006bdc       0x3a CMakeFiles/boton_inicio.dir/home/estefany/pico/pico-sdk/src/rp2_common/hardware_irq/irq.c.obj
 *fill*         0x0000000010006c16        0x2 
 .rodata.irq_add_tail_to_free_list.str1.4
                0x0000000010006c18       0x3a CMakeFiles/boton_inicio.dir/home/estefany/pico/pico-sdk/src/rp2_common/hardware_irq/irq.c.obj
 *fill*         0x0000000010006c52        0x2 
 .rodata.user_irq_claim_unused.str1.4
                0x0000000010006c54       0x1b CMakeFiles/boton_inicio.dir/home/estefany/pico/pico-sdk/src/rp2_common/hardware_irq/irq.c.obj
 *fill*         0x0000000010006c6f        0x1 
 .rodata.__func__.0
                0x0000000010006c70       0x1a CMakeFiles/boton_inicio.dir/home/estefany/pico/pico-sdk/src/rp2_common/hardware_irq/irq.c.obj
 *fill*         0x0000000010006c8a        0x2 
 .rodata.__func__.1
                0x0000000010006c8c       0x17 CMakeFiles/boton_inicio.dir/home/estefany/pico/pico-sdk/src/rp2_common/hardware_irq/irq.c.obj
 *fill*         0x0000000010006ca3        0x1 
 .rodata.__func__.2
                0x0000000010006ca4       0x13 CMakeFiles/boton_inicio.dir/home/estefany/pico/pico-sdk/src/rp2_common/hardware_irq/irq.c.obj
 *fill*         0x0000000010006cb7        0x1 
 .rodata.__func__.3
                0x0000000010006cb8        0xc CMakeFiles/boton_inicio.dir/home/estefany/pico/pico-sdk/src/rp2_common/hardware_irq/irq.c.obj
 .rodata.__func__.4
                0x0000000010006cc4        0xf CMakeFiles/boton_inicio.dir/home/estefany/pico/pico-sdk/src/rp2_common/hardware_irq/irq.c.obj
 *fill*         0x0000000010006cd3        0x1 
 .rodata.__func__.5
                0x0000000010006cd4       0x17 CMakeFiles/boton_inicio.dir/home/estefany/pico/pico-sdk/src/rp2_common/hardware_irq/irq.c.obj
 *fill*         0x0000000010006ceb        0x1 
 .rodata.__func__.6
                0x0000000010006cec       0x1a CMakeFiles/boton_inicio.dir/home/estefany/pico/pico-sdk/src/rp2_common/hardware_irq/irq.c.obj
 *fill*         0x0000000010006d06        0x2 
 .rodata.str1.4
                0x0000000010006d08       0xf1 CMakeFiles/boton_inicio.dir/home/estefany/pico/pico-sdk/src/common/pico_sync/mutex.c.obj
 *fill*         0x0000000010006df9        0x3 
 .rodata.__func__.1
                0x0000000010006dfc        0xb CMakeFiles/boton_inicio.dir/home/estefany/pico/pico-sdk/src/common/pico_sync/mutex.c.obj
 *fill*         0x0000000010006e07        0x1 
 .rodata.__func__.3
                0x0000000010006e08       0x18 CMakeFiles/boton_inicio.dir/home/estefany/pico/pico-sdk/src/common/pico_sync/mutex.c.obj
 .rodata.__func__.4
                0x0000000010006e20       0x15 CMakeFiles/boton_inicio.dir/home/estefany/pico/pico-sdk/src/common/pico_sync/mutex.c.obj
 *fill*         0x0000000010006e35        0x3 
 .rodata.repeating_timer_callback.str1.4
                0x0000000010006e38       0x4d CMakeFiles/boton_inicio.dir/home/estefany/pico/pico-sdk/src/common/pico_time/time.c.obj
 *fill*         0x0000000010006e85        0x3 
 .rodata.timer_pool_entry_comparator.str1.4
                0x0000000010006e88       0x22 CMakeFiles/boton_inicio.dir/home/estefany/pico/pico-sdk/src/common/pico_time/time.c.obj
 *fill*         0x0000000010006eaa        0x2 
 .rodata.ph_add_child_node.str1.4
                0x0000000010006eac       0x96 CMakeFiles/boton_inicio.dir/home/estefany/pico/pico-sdk/src/common/pico_time/time.c.obj
 *fill*         0x0000000010006f42        0x2 
 .rodata.add_alarm_under_lock.str1.4
                0x0000000010006f44       0x28 CMakeFiles/boton_inicio.dir/home/estefany/pico/pico-sdk/src/common/pico_time/time.c.obj
                                         0x2b (size before relaxing)
 .rodata.alarm_pool_alarm_callback.str1.4
                0x0000000010006f6c       0x98 CMakeFiles/boton_inicio.dir/home/estefany/pico/pico-sdk/src/common/pico_time/time.c.obj
                                         0xfc (size before relaxing)
 .rodata.alarm_pool_get_default.str1.4
                0x0000000010007004       0x21 CMakeFiles/boton_inicio.dir/home/estefany/pico/pico-sdk/src/common/pico_time/time.c.obj
 *fill*         0x0000000010007025        0x3 
 .rodata.alarm_pool_cancel_alarm.str1.4
                0x0000000010007028       0x27 CMakeFiles/boton_inicio.dir/home/estefany/pico/pico-sdk/src/common/pico_time/time.c.obj
 *fill*         0x000000001000704f        0x1 
 .rodata.sleep_until.str1.4
                0x0000000010007050       0x4d CMakeFiles/boton_inicio.dir/home/estefany/pico/pico-sdk/src/common/pico_time/time.c.obj
 *fill*         0x000000001000709d        0x3 
 .rodata.__func__.1
                0x00000000100070a0       0x18 CMakeFiles/boton_inicio.dir/home/estefany/pico/pico-sdk/src/common/pico_time/time.c.obj
 .rodata.__func__.10
                0x00000000100070b8       0x15 CMakeFiles/boton_inicio.dir/home/estefany/pico/pico-sdk/src/common/pico_time/time.c.obj
 *fill*         0x00000000100070cd        0x3 
 .rodata.__func__.11
                0x00000000100070d0       0x1a CMakeFiles/boton_inicio.dir/home/estefany/pico/pico-sdk/src/common/pico_time/time.c.obj
 *fill*         0x00000000100070ea        0x2 
 .rodata.__func__.12
                0x00000000100070ec        0xa CMakeFiles/boton_inicio.dir/home/estefany/pico/pico-sdk/src/common/pico_time/time.c.obj
 *fill*         0x00000000100070f6        0x2 
 .rodata.__func__.3
                0x00000000100070f8       0x17 CMakeFiles/boton_inicio.dir/home/estefany/pico/pico-sdk/src/common/pico_time/time.c.obj
 *fill*         0x000000001000710f        0x1 
 .rodata.__func__.4
                0x0000000010007110       0x12 CMakeFiles/boton_inicio.dir/home/estefany/pico/pico-sdk/src/common/pico_time/time.c.obj
 *fill*         0x0000000010007122        0x2 
 .rodata.__func__.5
                0x0000000010007124        0xd CMakeFiles/boton_inicio.dir/home/estefany/pico/pico-sdk/src/common/pico_time/time.c.obj
 *fill*         0x0000000010007131        0x3 
 .rodata.__func__.6
                0x0000000010007134       0x12 CMakeFiles/boton_inicio.dir/home/estefany/pico/pico-sdk/src/common/pico_time/time.c.obj
 *fill*         0x0000000010007146        0x2 
 .rodata.__func__.7
                0x0000000010007148        0xf CMakeFiles/boton_inicio.dir/home/estefany/pico/pico-sdk/src/common/pico_time/time.c.obj
 *fill*         0x0000000010007157        0x1 
 .rodata.__func__.8
                0x0000000010007158        0xc CMakeFiles/boton_inicio.dir/home/estefany/pico/pico-sdk/src/common/pico_time/time.c.obj
 .rodata.__func__.9
                0x0000000010007164       0x15 CMakeFiles/boton_inicio.dir/home/estefany/pico/pico-sdk/src/common/pico_time/time.c.obj
 *fill*         0x0000000010007179        0x3 
 .rodata.hardware_alarm_claim.str1.4
                0x000000001000717c       0x22 CMakeFiles/boton_inicio.dir/home/estefany/pico/pico-sdk/src/rp2_common/hardware_timer/timer.c.obj
 *fill*         0x000000001000719e        0x2 
 .rodata.hardware_alarm_set_target.str1.4
                0x00000000100071a0       0x67 CMakeFiles/boton_inicio.dir/home/estefany/pico/pico-sdk/src/rp2_common/hardware_timer/timer.c.obj
 *fill*         0x0000000010007207        0x1 
 .rodata.__func__.0
                0x0000000010007208       0x1a CMakeFiles/boton_inicio.dir/home/estefany/pico/pico-sdk/src/rp2_common/hardware_timer/timer.c.obj
 .rodata.ph_add_child_node.str1.4
                0x0000000010007222       0x96 CMakeFiles/boton_inicio.dir/home/estefany/pico/pico-sdk/src/common/pico_util/pheap.c.obj
 *fill*         0x0000000010007222        0x2 
 .rodata.ph_remove_any_head.str1.4
                0x0000000010007224       0x90 CMakeFiles/boton_inicio.dir/home/estefany/pico/pico-sdk/src/common/pico_util/pheap.c.obj
                                         0xa4 (size before relaxing)
 .rodata.ph_remove_and_free_node.str1.4
                0x00000000100072b4       0x1e CMakeFiles/boton_inicio.dir/home/estefany/pico/pico-sdk/src/common/pico_util/pheap.c.obj
                                         0x26 (size before relaxing)
 *fill*         0x00000000100072d2        0x2 
 .rodata.__func__.0
                0x00000000100072d4       0x18 CMakeFiles/boton_inicio.dir/home/estefany/pico/pico-sdk/src/common/pico_util/pheap.c.obj
 .rodata.__func__.1
                0x00000000100072ec       0x13 CMakeFiles/boton_inicio.dir/home/estefany/pico/pico-sdk/src/common/pico_util/pheap.c.obj
 *fill*         0x00000000100072ff        0x1 
 .rodata.__func__.2
                0x0000000010007300       0x12 CMakeFiles/boton_inicio.dir/home/estefany/pico/pico-sdk/src/common/pico_util/pheap.c.obj
 *fill*         0x0000000010007312        0x2 
 .rodata.__func__.3
                0x0000000010007314        0xc CMakeFiles/boton_inicio.dir/home/estefany/pico/pico-sdk/src/common/pico_util/pheap.c.obj
 .rodata.clock_configure.str1.4
                0x0000000010007320       0x59 CMakeFiles/boton_inicio.dir/home/estefany/pico/pico-sdk/src/rp2_common/hardware_clocks/clocks.c.obj
 *fill*         0x0000000010007379        0x3 
 .rodata.__func__.1
                0x000000001000737c       0x10 CMakeFiles/boton_inicio.dir/home/estefany/pico/pico-sdk/src/rp2_common/hardware_clocks/clocks.c.obj
 .rodata.pll_init.str1.4
                0x000000001000738c      0x124 CMakeFiles/boton_inicio.dir/home/estefany/pico/pico-sdk/src/rp2_common/hardware_pll/pll.c.obj
 .rodata.__func__.0
                0x00000000100074b0        0x9 CMakeFiles/boton_inicio.dir/home/estefany/pico/pico-sdk/src/rp2_common/hardware_pll/pll.c.obj
 *fill*         0x00000000100074b9        0x3 
 .rodata.__assert_func.str1.4
                0x00000000100074bc       0x3f CMakeFiles/boton_inicio.dir/home/estefany/pico/pico-sdk/src/rp2_common/pico_runtime/runtime.c.obj
                                         0x43 (size before relaxing)
 *fill*         0x00000000100074fb        0x1 
 .rodata.runtime_init.str1.4
                0x00000000100074fc       0x63 CMakeFiles/boton_inicio.dir/home/estefany/pico/pico-sdk/src/rp2_common/pico_runtime/runtime.c.obj
 *fill*         0x000000001000755f        0x1 
 .rodata.panic.str1.4
                0x0000000010007560       0x12 CMakeFiles/boton_inicio.dir/home/estefany/pico/pico-sdk/src/rp2_common/pico_runtime/runtime.c.obj
 *fill*         0x0000000010007572        0x2 
 .rodata.__func__.2
                0x0000000010007574        0xd CMakeFiles/boton_inicio.dir/home/estefany/pico/pico-sdk/src/rp2_common/pico_runtime/runtime.c.obj
 *fill*         0x0000000010007581        0x3 
 .rodata._ftoa.str1.4
                0x0000000010007584       0x15 CMakeFiles/boton_inicio.dir/home/estefany/pico/pico-sdk/src/rp2_common/pico_printf/printf.c.obj
 *fill*         0x0000000010007599        0x3 
 .rodata._vsnprintf
                0x000000001000759c      0x1e0 CMakeFiles/boton_inicio.dir/home/estefany/pico/pico-sdk/src/rp2_common/pico_printf/printf.c.obj
 *fill*         0x000000001000777c        0x4 
 .rodata.pow10.0
                0x0000000010007780       0x50 CMakeFiles/boton_inicio.dir/home/estefany/pico/pico-sdk/src/rp2_common/pico_printf/printf.c.obj
 .rodata.missing_double_func_shim.str1.4
                0x00000000100077d0       0x18 CMakeFiles/boton_inicio.dir/home/estefany/pico/pico-sdk/src/rp2_common/pico_double/double_init_rom.c.obj
 .rodata.__aeabi_double_init.str1.4
                0x00000000100077e8       0x9e CMakeFiles/boton_inicio.dir/home/estefany/pico/pico-sdk/src/rp2_common/pico_double/double_init_rom.c.obj
 *fill*         0x0000000010007886        0x2 
 .rodata.__func__.0
                0x0000000010007888       0x14 CMakeFiles/boton_inicio.dir/home/estefany/pico/pico-sdk/src/rp2_common/pico_double/double_init_rom.c.obj
 .rodata.missing_float_func_shim.str1.4
                0x000000001000789c        0x1 CMakeFiles/boton_inicio.dir/home/estefany/pico/pico-sdk/src/rp2_common/pico_float/float_init_rom.c.obj
 .rodata.__aeabi_float_init.str1.4
                0x000000001000789c       0x7c CMakeFiles/boton_inicio.dir/home/estefany/pico/pico-sdk/src/rp2_common/pico_float/float_init_rom.c.obj
 .rodata.__func__.0
                0x0000000010007918       0x13 CMakeFiles/boton_inicio.dir/home/estefany/pico/pico-sdk/src/rp2_common/pico_float/float_init_rom.c.obj
 *fill*         0x000000001000792b        0x1 
 .rodata.str1.4
                0x000000001000792c       0x44 CMakeFiles/boton_inicio.dir/home/estefany/pico/pico-sdk/src/rp2_common/pico_standard_link/binary_info.c.obj
 .rodata.__bi_44
                0x0000000010007970        0xc CMakeFiles/boton_inicio.dir/home/estefany/pico/pico-sdk/src/rp2_common/pico_standard_link/binary_info.c.obj
 .rodata.__bi_75
                0x000000001000797c        0xc CMakeFiles/boton_inicio.dir/home/estefany/pico/pico-sdk/src/rp2_common/pico_standard_link/binary_info.c.obj
 .rodata.__bi_81
                0x0000000010007988        0xc CMakeFiles/boton_inicio.dir/home/estefany/pico/pico-sdk/src/rp2_common/pico_standard_link/binary_info.c.obj
 .rodata.stdout_serialize_begin.str1.4
                0x0000000010007994       0x63 CMakeFiles/boton_inicio.dir/home/estefany/pico/pico-sdk/src/rp2_common/pico_stdio/stdio.c.obj
 .rodata.__func__.3
                0x0000000010007994       0x15 CMakeFiles/boton_inicio.dir/home/estefany/pico/pico-sdk/src/rp2_common/pico_stdio/stdio.c.obj
 *fill*         0x00000000100079a9        0x3 
 .rodata.crlf_str.2
                0x00000000100079ac        0x2 CMakeFiles/boton_inicio.dir/home/estefany/pico/pico-sdk/src/rp2_common/pico_stdio/stdio.c.obj
 *fill*         0x00000000100079ae        0x2 
 .rodata._resetd_driver
                0x00000000100079b0       0x18 CMakeFiles/boton_inicio.dir/home/estefany/pico/pico-sdk/src/rp2_common/pico_stdio_usb/reset_interface.c.obj
 .rodata.low_priority_worker_irq.str1.4
                0x00000000100079c8       0x63 CMakeFiles/boton_inicio.dir/home/estefany/pico/pico-sdk/src/rp2_common/pico_stdio_usb/stdio_usb.c.obj
 .rodata.stdio_usb_init.str1.4
                0x00000000100079c8       0x47 CMakeFiles/boton_inicio.dir/home/estefany/pico/pico-sdk/src/rp2_common/pico_stdio_usb/stdio_usb.c.obj
                                         0x4f (size before relaxing)
 *fill*         0x0000000010007a0f        0x1 
 .rodata.str1.4
                0x0000000010007a10       0x13 CMakeFiles/boton_inicio.dir/home/estefany/pico/pico-sdk/src/rp2_common/pico_stdio_usb/stdio_usb.c.obj
 *fill*         0x0000000010007a23        0x1 
 .rodata.__bi_182.0
                0x0000000010007a24        0xc CMakeFiles/boton_inicio.dir/home/estefany/pico/pico-sdk/src/rp2_common/pico_stdio_usb/stdio_usb.c.obj
 .rodata.__func__.1
                0x0000000010007a30        0xf CMakeFiles/boton_inicio.dir/home/estefany/pico/pico-sdk/src/rp2_common/pico_stdio_usb/stdio_usb.c.obj
 *fill*         0x0000000010007a3f        0x1 
 .rodata.__func__.3
                0x0000000010007a40       0x15 CMakeFiles/boton_inicio.dir/home/estefany/pico/pico-sdk/src/rp2_common/pico_stdio_usb/stdio_usb.c.obj
 *fill*         0x0000000010007a55        0x3 
 .rodata.str1.4
                0x0000000010007a58       0x2a CMakeFiles/boton_inicio.dir/home/estefany/pico/pico-sdk/src/rp2_common/pico_stdio_usb/stdio_usb_descriptors.c.obj
 *fill*         0x0000000010007a82        0x2 
 .rodata.usbd_desc_cfg
                0x0000000010007a84       0x54 CMakeFiles/boton_inicio.dir/home/estefany/pico/pico-sdk/src/rp2_common/pico_stdio_usb/stdio_usb_descriptors.c.obj
 .rodata.usbd_desc_device
                0x0000000010007ad8       0x12 CMakeFiles/boton_inicio.dir/home/estefany/pico/pico-sdk/src/rp2_common/pico_stdio_usb/stdio_usb_descriptors.c.obj
 *fill*         0x0000000010007aea        0x2 
 .rodata.usbd_desc_str
                0x0000000010007aec       0x18 CMakeFiles/boton_inicio.dir/home/estefany/pico/pico-sdk/src/rp2_common/pico_stdio_usb/stdio_usb_descriptors.c.obj
 .rodata.pico_get_unique_board_id_string.str1.4
                0x0000000010007b04       0x4f CMakeFiles/boton_inicio.dir/home/estefany/pico/pico-sdk/src/rp2_common/pico_unique_id/unique_id.c.obj
 *fill*         0x0000000010007b53        0x1 
 .rodata.__func__.0
                0x0000000010007b54       0x20 CMakeFiles/boton_inicio.dir/home/estefany/pico/pico-sdk/src/rp2_common/pico_unique_id/unique_id.c.obj
 .rodata.str1.4
                0x0000000010007b74      0x15a CMakeFiles/boton_inicio.dir/home/estefany/pico/pico-sdk/src/rp2_common/hardware_flash/flash.c.obj
 *fill*         0x0000000010007cce        0x2 
 .rodata.__func__.0
                0x0000000010007cd0        0xd CMakeFiles/boton_inicio.dir/home/estefany/pico/pico-sdk/src/rp2_common/hardware_flash/flash.c.obj
 *fill*         0x0000000010007cdd        0x3 
 .rodata._hw_endpoint_alloc.str1.4
                0x0000000010007ce0       0xb9 CMakeFiles/boton_inicio.dir/home/estefany/pico/pico-sdk/lib/tinyusb/src/portable/raspberrypi/rp2040/dcd_rp2040.c.obj
 *fill*         0x0000000010007d99        0x3 
 .rodata.str1.4
                0x0000000010007d9c       0x14 CMakeFiles/boton_inicio.dir/home/estefany/pico/pico-sdk/lib/tinyusb/src/portable/raspberrypi/rp2040/dcd_rp2040.c.obj
 .rodata.dcd_int_enable.str1.4
                0x0000000010007db0        0xc CMakeFiles/boton_inicio.dir/home/estefany/pico/pico-sdk/lib/tinyusb/src/portable/raspberrypi/rp2040/dcd_rp2040.c.obj
 .rodata.__func__.0
                0x0000000010007dbc        0xe CMakeFiles/boton_inicio.dir/home/estefany/pico/pico-sdk/lib/tinyusb/src/portable/raspberrypi/rp2040/dcd_rp2040.c.obj
 *fill*         0x0000000010007dca        0x2 
 .rodata.__func__.1
                0x0000000010007dcc        0xe CMakeFiles/boton_inicio.dir/home/estefany/pico/pico-sdk/lib/tinyusb/src/portable/raspberrypi/rp2040/dcd_rp2040.c.obj
 *fill*         0x0000000010007dda        0x2 
 .rodata.__func__.3
                0x0000000010007ddc       0x10 CMakeFiles/boton_inicio.dir/home/estefany/pico/pico-sdk/lib/tinyusb/src/portable/raspberrypi/rp2040/dcd_rp2040.c.obj
 .rodata.__func__.5
                0x0000000010007dec        0xf CMakeFiles/boton_inicio.dir/home/estefany/pico/pico-sdk/lib/tinyusb/src/portable/raspberrypi/rp2040/dcd_rp2040.c.obj
 *fill*         0x0000000010007dfb        0x1 
 .rodata.__func__.6
                0x0000000010007dfc       0x13 CMakeFiles/boton_inicio.dir/home/estefany/pico/pico-sdk/lib/tinyusb/src/portable/raspberrypi/rp2040/dcd_rp2040.c.obj
 *fill*         0x0000000010007e0f        0x1 
 .rodata.__func__.7
                0x0000000010007e10        0x9 CMakeFiles/boton_inicio.dir/home/estefany/pico/pico-sdk/lib/tinyusb/src/portable/raspberrypi/rp2040/dcd_rp2040.c.obj
 *fill*         0x0000000010007e19        0x3 
 .rodata.str1.4
                0x0000000010007e1c       0xeb CMakeFiles/boton_inicio.dir/home/estefany/pico/pico-sdk/lib/tinyusb/src/portable/raspberrypi/rp2040/rp2040_usb.c.obj
 *fill*         0x0000000010007f07        0x1 
 .rodata.__func__.0
                0x0000000010007f08        0xf CMakeFiles/boton_inicio.dir/home/estefany/pico/pico-sdk/lib/tinyusb/src/portable/raspberrypi/rp2040/rp2040_usb.c.obj
 *fill*         0x0000000010007f17        0x1 
 .rodata.process_get_descriptor
                0x0000000010007f18       0x40 CMakeFiles/boton_inicio.dir/home/estefany/pico/pico-sdk/lib/tinyusb/src/device/usbd.c.obj
 .rodata.process_control_request
                0x0000000010007f58       0x28 CMakeFiles/boton_inicio.dir/home/estefany/pico/pico-sdk/lib/tinyusb/src/device/usbd.c.obj
 .rodata.tud_task_ext
                0x0000000010007f80       0x24 CMakeFiles/boton_inicio.dir/home/estefany/pico/pico-sdk/lib/tinyusb/src/device/usbd.c.obj
 .rodata._usbd_driver
                0x0000000010007fa4       0x18 CMakeFiles/boton_inicio.dir/home/estefany/pico/pico-sdk/lib/tinyusb/src/device/usbd.c.obj
                0x0000000010007fbc                . = ALIGN (0x4)
 *(SORT_BY_ALIGNMENT(SORT_BY_NAME(.flashdata*)))
                0x0000000010007fbc                . = ALIGN (0x4)

.ARM.extab
 *(.ARM.extab* .gnu.linkonce.armextab.*)
                0x0000000010007fbc                __exidx_start = .

.ARM.exidx
 *(.ARM.exidx* .gnu.linkonce.armexidx.*)
                0x0000000010007fbc                __exidx_end = .
                0x0000000010007fbc                . = ALIGN (0x4)
                0x0000000010007fbc                __binary_info_start = .

.binary_info    0x0000000010007fbc       0x20
 *(.binary_info.keep.*)
 .binary_info.keep.__bi_ptr22
                0x0000000010007fbc        0x4 CMakeFiles/boton_inicio.dir/home/estefany/pico/pico-sdk/src/rp2_common/pico_standard_link/binary_info.c.obj
 .binary_info.keep.__bi_ptr30
                0x0000000010007fc0        0x4 CMakeFiles/boton_inicio.dir/home/estefany/pico/pico-sdk/src/rp2_common/pico_standard_link/binary_info.c.obj
 .binary_info.keep.__bi_ptr38
                0x0000000010007fc4        0x4 CMakeFiles/boton_inicio.dir/home/estefany/pico/pico-sdk/src/rp2_common/pico_standard_link/binary_info.c.obj
 .binary_info.keep.__bi_ptr44
                0x0000000010007fc8        0x4 CMakeFiles/boton_inicio.dir/home/estefany/pico/pico-sdk/src/rp2_common/pico_standard_link/binary_info.c.obj
 .binary_info.keep.__bi_ptr50
                0x0000000010007fcc        0x4 CMakeFiles/boton_inicio.dir/home/estefany/pico/pico-sdk/src/rp2_common/pico_standard_link/binary_info.c.obj
 .binary_info.keep.__bi_ptr75
                0x0000000010007fd0        0x4 CMakeFiles/boton_inicio.dir/home/estefany/pico/pico-sdk/src/rp2_common/pico_standard_link/binary_info.c.obj
 .binary_info.keep.__bi_ptr81
                0x0000000010007fd4        0x4 CMakeFiles/boton_inicio.dir/home/estefany/pico/pico-sdk/src/rp2_common/pico_standard_link/binary_info.c.obj
 *(.binary_info.*)
 .binary_info.__bi_ptr182
                0x0000000010007fd8        0x4 CMakeFiles/boton_inicio.dir/home/estefany/pico/pico-sdk/src/rp2_common/pico_stdio_usb/stdio_usb.c.obj
                0x0000000010007fdc                __binary_info_end = .

.rel.dyn        0x0000000010007fdc        0x0
 .rel.iplt      0x0000000010007fdc        0x0 /usr/lib/gcc/arm-none-eabi/10.3.1/thumb/v6-m/nofp/crtbegin.o
                0x0000000010007fdc                . = ALIGN (0x4)

.ram_vector_table
                0x0000000020000000       0xc0
 *(.ram_vector_table)
 .ram_vector_table
                0x0000000020000000       0xc0 CMakeFiles/boton_inicio.dir/home/estefany/pico/pico-sdk/src/rp2_common/pico_runtime/runtime.c.obj
                0x0000000020000000                ram_vector_table

.data           0x00000000200000c0      0xbf0 load address 0x0000000010007fdc
                0x00000000200000c0                __data_start__ = .
 *(vtable)
 *(.time_critical*)
 .time_critical.mutex_try_enter
                0x00000000200000c0       0x46 CMakeFiles/boton_inicio.dir/home/estefany/pico/pico-sdk/src/common/pico_sync/mutex.c.obj
                0x00000000200000c0                mutex_try_enter
 *fill*         0x0000000020000106        0x2 
 .time_critical.mutex_enter_block_until
                0x0000000020000108       0x8c CMakeFiles/boton_inicio.dir/home/estefany/pico/pico-sdk/src/common/pico_sync/mutex.c.obj
                0x0000000020000108                mutex_enter_block_until
 .time_critical.mutex_try_enter_block_until
                0x0000000020000194       0x34 CMakeFiles/boton_inicio.dir/home/estefany/pico/pico-sdk/src/common/pico_sync/mutex.c.obj
                0x0000000020000194                mutex_try_enter_block_until
 .time_critical.mutex_enter_timeout_ms
                0x00000000200001c8       0x68 CMakeFiles/boton_inicio.dir/home/estefany/pico/pico-sdk/src/common/pico_sync/mutex.c.obj
                0x00000000200001c8                mutex_enter_timeout_ms
 .time_critical.mutex_exit
                0x0000000020000230       0x4c CMakeFiles/boton_inicio.dir/home/estefany/pico/pico-sdk/src/common/pico_sync/mutex.c.obj
                0x0000000020000230                mutex_exit
 .time_critical.flash_init_boot2_copyout
                0x000000002000027c       0x30 CMakeFiles/boton_inicio.dir/home/estefany/pico/pico-sdk/src/rp2_common/hardware_flash/flash.c.obj
 .time_critical.flash_enable_xip_via_boot2
                0x00000000200002ac       0x10 CMakeFiles/boton_inicio.dir/home/estefany/pico/pico-sdk/src/rp2_common/hardware_flash/flash.c.obj
 .time_critical.flash_cs_force
                0x00000000200002bc       0x28 CMakeFiles/boton_inicio.dir/home/estefany/pico/pico-sdk/src/rp2_common/hardware_flash/flash.c.obj
 .time_critical.flash_do_cmd
                0x00000000200002e4       0xd8 CMakeFiles/boton_inicio.dir/home/estefany/pico/pico-sdk/src/rp2_common/hardware_flash/flash.c.obj
                0x00000000200002e4                flash_do_cmd
 .time_critical.reset_non_control_endpoints
                0x00000000200003bc       0x40 CMakeFiles/boton_inicio.dir/home/estefany/pico/pico-sdk/lib/tinyusb/src/portable/raspberrypi/rp2040/dcd_rp2040.c.obj
 .time_critical.hw_handle_buff_status
                0x00000000200003fc       0xa4 CMakeFiles/boton_inicio.dir/home/estefany/pico/pico-sdk/lib/tinyusb/src/portable/raspberrypi/rp2040/dcd_rp2040.c.obj
 .time_critical.dcd_rp2040_irq
                0x00000000200004a0      0x1cc CMakeFiles/boton_inicio.dir/home/estefany/pico/pico-sdk/lib/tinyusb/src/portable/raspberrypi/rp2040/dcd_rp2040.c.obj
 .time_critical.e15_is_bulkin_ep
                0x000000002000066c       0x2c CMakeFiles/boton_inicio.dir/home/estefany/pico/pico-sdk/lib/tinyusb/src/portable/raspberrypi/rp2040/rp2040_usb.c.obj
 .time_critical.e15_is_critical_frame_period
                0x0000000020000698       0x30 CMakeFiles/boton_inicio.dir/home/estefany/pico/pico-sdk/lib/tinyusb/src/portable/raspberrypi/rp2040/rp2040_usb.c.obj
 .time_critical.prepare_ep_buffer
                0x00000000200006c8       0x70 CMakeFiles/boton_inicio.dir/home/estefany/pico/pico-sdk/lib/tinyusb/src/portable/raspberrypi/rp2040/rp2040_usb.c.obj
 .time_critical.sync_ep_buffer
                0x0000000020000738       0x80 CMakeFiles/boton_inicio.dir/home/estefany/pico/pico-sdk/lib/tinyusb/src/portable/raspberrypi/rp2040/rp2040_usb.c.obj
 .time_critical._hw_endpoint_xfer_sync
                0x00000000200007b8       0x28 CMakeFiles/boton_inicio.dir/home/estefany/pico/pico-sdk/lib/tinyusb/src/portable/raspberrypi/rp2040/rp2040_usb.c.obj
 .time_critical.hw_endpoint_reset_transfer
                0x00000000200007e0        0xc CMakeFiles/boton_inicio.dir/home/estefany/pico/pico-sdk/lib/tinyusb/src/portable/raspberrypi/rp2040/rp2040_usb.c.obj
                0x00000000200007e0                hw_endpoint_reset_transfer
 .time_critical._hw_endpoint_buffer_control_update32
                0x00000000200007ec       0x58 CMakeFiles/boton_inicio.dir/home/estefany/pico/pico-sdk/lib/tinyusb/src/portable/raspberrypi/rp2040/rp2040_usb.c.obj
                0x00000000200007ec                _hw_endpoint_buffer_control_update32
 .time_critical.hw_endpoint_start_next_buffer
                0x0000000020000844       0x88 CMakeFiles/boton_inicio.dir/home/estefany/pico/pico-sdk/lib/tinyusb/src/portable/raspberrypi/rp2040/rp2040_usb.c.obj
                0x0000000020000844                hw_endpoint_start_next_buffer
 .time_critical.hw_endpoint_xfer_continue
                0x00000000200008cc       0x50 CMakeFiles/boton_inicio.dir/home/estefany/pico/pico-sdk/lib/tinyusb/src/portable/raspberrypi/rp2040/rp2040_usb.c.obj
                0x00000000200008cc                hw_endpoint_xfer_continue
 .time_critical.tinyusb
                0x000000002000091c      0x200 CMakeFiles/boton_inicio.dir/home/estefany/pico/pico-sdk/lib/tinyusb/src/device/usbd.c.obj
                0x000000002000091c                dcd_event_handler
 *(.text*)
 .text          0x0000000020000b1c        0x4 /usr/lib/gcc/arm-none-eabi/10.3.1/thumb/v6-m/nofp/libgcc.a(_dvmd_tls.o)
                0x0000000020000b1c                __aeabi_ldiv0
                0x0000000020000b1c                __aeabi_idiv0
 .text.__stub   0x0000000020000b20       0x90 linker stubs
                0x0000000020000bb0                . = ALIGN (0x4)
 *(.rodata*)
                0x0000000020000bb0                . = ALIGN (0x4)
 *(.data*)
 .data.striped_spin_lock_num
                0x0000000020000bb0        0x1 CMakeFiles/boton_inicio.dir/home/estefany/pico/pico-sdk/src/rp2_common/hardware_sync/sync.c.obj
 *fill*         0x0000000020000bb1        0x3 
 .data          0x0000000020000bb4       0x48 CMakeFiles/boton_inicio.dir/home/estefany/pico/pico-sdk/src/rp2_common/hardware_irq/irq_handler_chain.S.obj
                0x0000000020000bb4                irq_handler_chain_slots
                0x0000000020000be4                irq_handler_chain_first_slot
                0x0000000020000bee                irq_handler_chain_remove_tail
 .data.default_alarm_pool
                0x0000000020000bfc       0x18 CMakeFiles/boton_inicio.dir/home/estefany/pico/pico-sdk/src/common/pico_time/time.c.obj
 .data.default_alarm_pool_heap
                0x0000000020000c14       0x10 CMakeFiles/boton_inicio.dir/home/estefany/pico/pico-sdk/src/common/pico_time/time.c.obj
 *fill*         0x0000000020000c24        0xc 
 .data.aeabi_bits_funcs
                0x0000000020000c30       0x10 CMakeFiles/boton_inicio.dir/home/estefany/pico/pico-sdk/src/rp2_common/pico_bit_ops/bit_ops_aeabi.S.obj
                0x0000000020000c30                aeabi_bits_funcs
                0x0000000020000c40                aeabi_bits_funcs_end
 .data.aeabi_mem_funcs
                0x0000000020000c40       0x10 CMakeFiles/boton_inicio.dir/home/estefany/pico/pico-sdk/src/rp2_common/pico_mem_ops/mem_ops_aeabi.S.obj
                0x0000000020000c40                aeabi_mem_funcs
                0x0000000020000c50                aeabi_mem_funcs_end
 .data.stdio_usb
                0x0000000020000c50       0x18 CMakeFiles/boton_inicio.dir/home/estefany/pico/pico-sdk/src/rp2_common/pico_stdio_usb/stdio_usb.c.obj
                0x0000000020000c50                stdio_usb
 .data.ep_dir_string
                0x0000000020000c68        0x8 CMakeFiles/boton_inicio.dir/home/estefany/pico/pico-sdk/lib/tinyusb/src/portable/raspberrypi/rp2040/rp2040_usb.c.obj
                0x0000000020000c68                ep_dir_string
 .data._usbd_qdef
                0x0000000020000c70       0x1c CMakeFiles/boton_inicio.dir/home/estefany/pico/pico-sdk/lib/tinyusb/src/device/usbd.c.obj
                0x0000000020000c70                _usbd_qdef
 .data._usbd_rhport
                0x0000000020000c8c        0x1 CMakeFiles/boton_inicio.dir/home/estefany/pico/pico-sdk/lib/tinyusb/src/device/usbd.c.obj
                0x0000000020000c90                . = ALIGN (0x4)
 *fill*         0x0000000020000c8d        0x3 
 *(.after_data.*)
                0x0000000020000c90                . = ALIGN (0x4)
                0x0000000020000c90                PROVIDE (__mutex_array_start = .)
 *(SORT_BY_NAME(.mutex_array.*))
 *(.mutex_array)
 .mutex_array   0x0000000020000c90        0x8 CMakeFiles/boton_inicio.dir/home/estefany/pico/pico-sdk/src/rp2_common/pico_stdio/stdio.c.obj
                0x0000000020000c98                PROVIDE (__mutex_array_end = .)
                0x0000000020000c98                . = ALIGN (0x4)
                0x0000000020000c98                PROVIDE (__preinit_array_start = .)
 *(SORT_BY_NAME(.preinit_array.*))
 .preinit_array.00001
                0x0000000020000c98        0x4 CMakeFiles/boton_inicio.dir/home/estefany/pico/pico-sdk/src/rp2_common/pico_mem_ops/mem_ops_aeabi.S.obj
 .preinit_array.00010
                0x0000000020000c9c        0x4 CMakeFiles/boton_inicio.dir/home/estefany/pico/pico-sdk/src/rp2_common/pico_bit_ops/bit_ops_aeabi.S.obj
 .preinit_array.00020
                0x0000000020000ca0        0x4 CMakeFiles/boton_inicio.dir/home/estefany/pico/pico-sdk/src/rp2_common/pico_double/double_aeabi.S.obj
 .preinit_array.00020
                0x0000000020000ca4        0x4 CMakeFiles/boton_inicio.dir/home/estefany/pico/pico-sdk/src/rp2_common/pico_float/float_aeabi.S.obj
 *(.preinit_array)
                0x0000000020000ca8                PROVIDE (__preinit_array_end = .)
                0x0000000020000ca8                . = ALIGN (0x4)
                0x0000000020000ca8                PROVIDE (__init_array_start = .)
 *(SORT_BY_NAME(.init_array.*))
 *(.init_array)
 .init_array    0x0000000020000ca8        0x4 /usr/lib/gcc/arm-none-eabi/10.3.1/thumb/v6-m/nofp/crtbegin.o
 .init_array    0x0000000020000cac        0x4 CMakeFiles/boton_inicio.dir/home/estefany/pico/pico-sdk/src/rp2_common/pico_unique_id/unique_id.c.obj
                0x0000000020000cb0                PROVIDE (__init_array_end = .)
                0x0000000020000cb0                . = ALIGN (0x4)
                0x0000000020000cb0                PROVIDE (__fini_array_start = .)
 *(SORT_BY_NAME(.fini_array.*))
 *(.fini_array)
                0x0000000020000cb0                PROVIDE (__fini_array_end = .)
 *(.jcr)
                0x0000000020000cb0                . = ALIGN (0x4)
                0x0000000020000cb0                __data_end__ = .
                0x0000000010007fdc                __etext = LOADADDR (.data)

.tm_clone_table
                0x0000000020000cb0        0x0 load address 0x0000000010008bcc
 .tm_clone_table
                0x0000000020000cb0        0x0 /usr/lib/gcc/arm-none-eabi/10.3.1/thumb/v6-m/nofp/crtbegin.o
 .tm_clone_table
                0x0000000020000cb0        0x0 /usr/lib/gcc/arm-none-eabi/10.3.1/thumb/v6-m/nofp/crtend.o

.igot.plt       0x0000000020000cb0        0x0 load address 0x0000000010008bcc
 .igot.plt      0x0000000020000cb0        0x0 /usr/lib/gcc/arm-none-eabi/10.3.1/thumb/v6-m/nofp/crtbegin.o

.uninitialized_data