Archive member included to satisfy reference by file (symbol)

c:/progra~2/gnuarm~1/102021~1.10/bin/../lib/gcc/arm-none-eabi/10.3.1/thumb/v6-m/nofp\libgcc.a(_dvmd_tls.o)
                              CMakeFiles/DisplayFases.dir/5d64f9d4ca8bf32a7e3e5214f2144dff/Pico/pico-sdk/src/rp2_common/pico_divider/divider.S.obj (__aeabi_idiv0)
c:/progra~2/gnuarm~1/102021~1.10/bin/../lib/gcc/arm-none-eabi/10.3.1/../../../../arm-none-eabi/lib/thumb/v6-m/nofp\libg.a(lib_a-calloc.o)
                              CMakeFiles/DisplayFases.dir/5d64f9d4ca8bf32a7e3e5214f2144dff/Pico/pico-sdk/src/rp2_common/pico_malloc/pico_malloc.c.obj (calloc)
c:/progra~2/gnuarm~1/102021~1.10/bin/../lib/gcc/arm-none-eabi/10.3.1/../../../../arm-none-eabi/lib/thumb/v6-m/nofp\libg.a(lib_a-callocr.o)
                              c:/progra~2/gnuarm~1/102021~1.10/bin/../lib/gcc/arm-none-eabi/10.3.1/../../../../arm-none-eabi/lib/thumb/v6-m/nofp\libg.a(lib_a-calloc.o) (_calloc_r)
c:/progra~2/gnuarm~1/102021~1.10/bin/../lib/gcc/arm-none-eabi/10.3.1/../../../../arm-none-eabi/lib/thumb/v6-m/nofp\libg.a(lib_a-errno.o)
                              c:/progra~2/gnuarm~1/102021~1.10/bin/../lib/gcc/arm-none-eabi/10.3.1/../../../../arm-none-eabi/lib/thumb/v6-m/nofp\libg.a(lib_a-callocr.o) (__errno)
c:/progra~2/gnuarm~1/102021~1.10/bin/../lib/gcc/arm-none-eabi/10.3.1/../../../../arm-none-eabi/lib/thumb/v6-m/nofp\libg.a(lib_a-impure.o)
                              c:/progra~2/gnuarm~1/102021~1.10/bin/../lib/gcc/arm-none-eabi/10.3.1/../../../../arm-none-eabi/lib/thumb/v6-m/nofp\libg.a(lib_a-calloc.o) (_impure_ptr)
c:/progra~2/gnuarm~1/102021~1.10/bin/../lib/gcc/arm-none-eabi/10.3.1/../../../../arm-none-eabi/lib/thumb/v6-m/nofp\libg.a(lib_a-init.o)
                              c:/progra~2/gnuarm~1/102021~1.10/bin/../lib/gcc/arm-none-eabi/10.3.1/../../../../arm-none-eabi/lib/thumb/v6-m/nofp/crt0.o (__libc_init_array)
c:/progra~2/gnuarm~1/102021~1.10/bin/../lib/gcc/arm-none-eabi/10.3.1/../../../../arm-none-eabi/lib/thumb/v6-m/nofp\libg.a(lib_a-malloc.o)
                              CMakeFiles/DisplayFases.dir/5d64f9d4ca8bf32a7e3e5214f2144dff/Pico/pico-sdk/src/rp2_common/pico_malloc/pico_malloc.c.obj (malloc)
c:/progra~2/gnuarm~1/102021~1.10/bin/../lib/gcc/arm-none-eabi/10.3.1/../../../../arm-none-eabi/lib/thumb/v6-m/nofp\libg.a(lib_a-mallocr.o)
                              c:/progra~2/gnuarm~1/102021~1.10/bin/../lib/gcc/arm-none-eabi/10.3.1/../../../../arm-none-eabi/lib/thumb/v6-m/nofp\libg.a(lib_a-callocr.o) (_malloc_r)
c:/progra~2/gnuarm~1/102021~1.10/bin/../lib/gcc/arm-none-eabi/10.3.1/../../../../arm-none-eabi/lib/thumb/v6-m/nofp\libg.a(lib_a-mlock.o)
                              c:/progra~2/gnuarm~1/102021~1.10/bin/../lib/gcc/arm-none-eabi/10.3.1/../../../../arm-none-eabi/lib/thumb/v6-m/nofp\libg.a(lib_a-mallocr.o) (__malloc_lock)
c:/progra~2/gnuarm~1/102021~1.10/bin/../lib/gcc/arm-none-eabi/10.3.1/../../../../arm-none-eabi/lib/thumb/v6-m/nofp\libg.a(lib_a-realloc.o)
                              CMakeFiles/DisplayFases.dir/5d64f9d4ca8bf32a7e3e5214f2144dff/Pico/pico-sdk/src/rp2_common/pico_malloc/pico_malloc.c.obj (realloc)
c:/progra~2/gnuarm~1/102021~1.10/bin/../lib/gcc/arm-none-eabi/10.3.1/../../../../arm-none-eabi/lib/thumb/v6-m/nofp\libg.a(lib_a-reallocr.o)
                              c:/progra~2/gnuarm~1/102021~1.10/bin/../lib/gcc/arm-none-eabi/10.3.1/../../../../arm-none-eabi/lib/thumb/v6-m/nofp\libg.a(lib_a-realloc.o) (_realloc_r)
c:/progra~2/gnuarm~1/102021~1.10/bin/../lib/gcc/arm-none-eabi/10.3.1/../../../../arm-none-eabi/lib/thumb/v6-m/nofp\libg.a(lib_a-sbrkr.o)
                              c:/progra~2/gnuarm~1/102021~1.10/bin/../lib/gcc/arm-none-eabi/10.3.1/../../../../arm-none-eabi/lib/thumb/v6-m/nofp\libg.a(lib_a-mallocr.o) (_sbrk_r)
c:/progra~2/gnuarm~1/102021~1.10/bin/../lib/gcc/arm-none-eabi/10.3.1/../../../../arm-none-eabi/lib/thumb/v6-m/nofp\libg.a(lib_a-strlen-stub.o)
                              CMakeFiles/DisplayFases.dir/4145340374906f2701120b7e08072c6c/Microcontroladores/Pico/pico-sdk/src/rp2_common/pico_stdio/stdio.c.obj (strlen)
c:/progra~2/gnuarm~1/102021~1.10/bin/../lib/gcc/arm-none-eabi/10.3.1/../../../../arm-none-eabi/lib/thumb/v6-m/nofp\libg.a(lib_a-freer.o)
                              c:/progra~2/gnuarm~1/102021~1.10/bin/../lib/gcc/arm-none-eabi/10.3.1/../../../../arm-none-eabi/lib/thumb/v6-m/nofp\libg.a(lib_a-malloc.o) (_free_r)
c:/progra~2/gnuarm~1/102021~1.10/bin/../lib/gcc/arm-none-eabi/10.3.1/../../../../arm-none-eabi/lib/thumb/v6-m/nofp\libg.a(lib_a-lock.o)
                              c:/progra~2/gnuarm~1/102021~1.10/bin/../lib/gcc/arm-none-eabi/10.3.1/../../../../arm-none-eabi/lib/thumb/v6-m/nofp\libg.a(lib_a-mlock.o) (__retarget_lock_acquire_recursive)
c:/progra~2/gnuarm~1/102021~1.10/bin/../lib/gcc/arm-none-eabi/10.3.1/../../../../arm-none-eabi/lib/thumb/v6-m/nofp\libg.a(lib_a-memmove.o)
[...]
Memory Configuration

Name             Origin             Length             Attributes
FLASH            0x10000000         0x00200000         xr
RAM              0x20000000         0x00040000         xrw
SCRATCH_X        0x20040000         0x00001000         xrw
SCRATCH_Y        0x20041000         0x00001000         xrw
*default*        0x00000000         0xffffffff

Linker script and memory map

LOAD c:/progra~2/gnuarm~1/102021~1.10/bin/../lib/gcc/arm-none-eabi/10.3.1/thumb/v6-m/nofp/crti.o
LOAD c:/progra~2/gnuarm~1/102021~1.10/bin/../lib/gcc/arm-none-eabi/10.3.1/thumb/v6-m/nofp/crtbegin.o
LOAD c:/progra~2/gnuarm~1/102021~1.10/bin/../lib/gcc/arm-none-eabi/10.3.1/../../../../arm-none-eabi/lib/thumb/v6-m/nofp/crt0.o

.flash_begin    0x10000000        0x0
                0x10000000                __flash_binary_start = .

.boot2          0x10000000      0x100
                0x10000000                __boot2_start__ = .
 *(.boot2)
 .boot2         0x10000000      0x100 C:\Users\royza\AppData\Local\Temp\cc9uF2jq.o
                0x10000100                __boot2_end__ = .
                0x00000001                ASSERT (((__boot2_end__ - __boot2_start__) == 0x100), ERROR: Pico second stage bootloader must be 256 bytes in size)

.text           0x10000100     0x4180
                0x10000100                __logical_binary_start = .
 *(.vectors)
 .vectors       0x10000100       0xd4 CMakeFiles/DisplayFases.dir/5d64f9d4ca8bf32a7e3e5214f2144dff/Pico/pico-sdk/src/rp2_common/pico_standard_link/crt0.S.obj
                0x10000100                __VECTOR_TABLE
                0x10000100                __vectors
                0x100001c0                isr_invalid
                0x100001c0                __default_isrs_start
                0x100001c2                isr_nmi
                0x100001c4                isr_hardfault
                0x100001c6                isr_svcall
                0x100001c8                isr_pendsv
                0x100001ca                isr_systick
                0x100001cc                isr_irq23
                0x100001cc                isr_irq18
                0x100001cc                isr_irq11
                0x100001cc                isr_irq28
                0x100001cc                isr_irq19
                0x100001cc                isr_irq0
                0x100001cc                isr_irq6
                0x100001cc                isr_irq5
                0x100001cc                isr_irq12
                0x100001cc                isr_irq22
                0x100001cc                isr_irq31
                0x100001cc                isr_irq17
                0x100001cc                isr_irq27
                0x100001cc                isr_irq30
                0x100001cc                isr_irq2
                0x100001cc                isr_irq10
                0x100001cc                isr_irq8
                0x100001cc                isr_irq24
                0x100001cc                isr_irq1
                0x100001cc                isr_irq7
                0x100001cc                isr_irq21
                0x100001cc                isr_irq20
                0x100001cc                isr_irq15
                0x100001cc                isr_irq25
                0x100001cc                isr_irq13
                0x100001cc                __unhandled_user_irq
                0x100001cc                isr_irq4
                0x100001cc                isr_irq16
                0x100001cc                isr_irq29
                0x100001cc                isr_irq26
                0x100001cc                __default_isrs_end
                0x100001cc                isr_irq3
                0x100001cc                isr_irq14
                0x100001cc                isr_irq9
                0x100001d2                unhandled_user_irq_num_in_r0
 *(.binary_info_header)
 .binary_info_header
                0x100001d4       0x14 CMakeFiles/DisplayFases.dir/5d64f9d4ca8bf32a7e3e5214f2144dff/Pico/pico-sdk/src/rp2_common/pico_standard_link/crt0.S.obj
                0x100001e8                __binary_info_header_end = .
 *(.reset)
 .reset         0x100001e8       0xa0 CMakeFiles/DisplayFases.dir/5d64f9d4ca8bf32a7e3e5214f2144dff/Pico/pico-sdk/src/rp2_common/pico_standard_link/crt0.S.obj
                0x100001e8                _entry_point
 .reset         0x10000288       0x30 CMakeFiles/DisplayFases.dir/5d64f9d4ca8bf32a7e3e5214f2144dff/Pico/pico-sdk/src/rp2_common/pico_standard_link/binary_info.c.obj
 *(.init)
 .init          0x100002b8        0x4 c:/progra~2/gnuarm~1/102021~1.10/bin/../lib/gcc/arm-none-eabi/10.3.1/thumb/v6-m/nofp/crti.o
                0x100002b8                _init
 *(EXCLUDE_FILE(*libm.a: *libc.a:*lib_a-mem*.o *libgcc.a:) .text*)
 .text          0x100002bc       0x48 c:/progra~2/gnuarm~1/102021~1.10/bin/../lib/gcc/arm-none-eabi/10.3.1/thumb/v6-m/nofp/crtbegin.o
 .text.configurarGPIOs
                0x10000304       0x44 CMakeFiles/DisplayFases.dir/display_fasesM.c.obj
                0x10000304                configurarGPIOs
 .text.botonFasesPresionado
                0x10000348       0x28 CMakeFiles/DisplayFases.dir/display_fasesM.c.obj
                0x10000348                botonFasesPresionado
 .text.cambiarFase
                0x10000370       0x1c CMakeFiles/DisplayFases.dir/display_fasesM.c.obj
                0x10000370                cambiarFase
 .text.mostrarFase
                0x1000038c       0x40 CMakeFiles/DisplayFases.dir/display_fasesM.c.obj
                0x1000038c                mostrarFase
 .text.ejecutarSecuencia
                0x100003cc       0x80 CMakeFiles/DisplayFases.dir/display_fasesM.c.obj
                0x100003cc                ejecutarSecuencia
 .text.main     0x1000044c       0x22 CMakeFiles/DisplayFases.dir/display_fasesM.c.obj
                0x1000044c                main
 *fill*         0x1000046e        0x2 
 .text.gpio_set_function
                0x10000470       0x30 CMakeFiles/DisplayFases.dir/5d64f9d4ca8bf32a7e3e5214f2144dff/Pico/pico-sdk/src/rp2_common/hardware_gpio/gpio.c.obj
                0x10000470                gpio_set_function
 .text.gpio_set_pulls
                0x100004a0       0x34 CMakeFiles/DisplayFases.dir/5d64f9d4ca8bf32a7e3e5214f2144dff/Pico/pico-sdk/src/rp2_common/hardware_gpio/gpio.c.obj
                0x100004a0                gpio_set_pulls
 .text.gpio_init
                0x100004d4       0x16 CMakeFiles/DisplayFases.dir/5d64f9d4ca8bf32a7e3e5214f2144dff/Pico/pico-sdk/src/rp2_common/hardware_gpio/gpio.c.obj
                0x100004d4                gpio_init
 *fill*         0x100004ea        0x2 
 .text.running_on_fpga
                0x100004ec       0x14 CMakeFiles/DisplayFases.dir/5d64f9d4ca8bf32a7e3e5214f2144dff/Pico/pico-sdk/src/rp2_common/pico_platform/platform.c.obj
                0x100004ec                running_on_fpga
 .text.hw_claim_lock
                0x10000500       0x18 CMakeFiles/DisplayFases.dir/5d64f9d4ca8bf32a7e3e5214f2144dff/Pico/pico-sdk/src/rp2_common/hardware_claim/claim.c.obj
                0x10000500                hw_claim_lock
 .text.hw_claim_unlock
                0x10000518       0x14 CMakeFiles/DisplayFases.dir/5d64f9d4ca8bf32a7e3e5214f2144dff/Pico/pico-sdk/src/rp2_common/hardware_claim/claim.c.obj
                0x10000518                hw_claim_unlock
 .text.hw_claim_or_assert
                0x1000052c       0x32 CMakeFiles/DisplayFases.dir/5d64f9d4ca8bf32a7e3e5214f2144dff/Pico/pico-sdk/src/rp2_common/hardware_claim/claim.c.obj
                0x1000052c                hw_claim_or_assert
 *fill*         0x1000055e        0x2 
 .text.spin_locks_reset
                0x10000560       0x20 CMakeFiles/DisplayFases.dir/5d64f9d4ca8bf32a7e3e5214f2144dff/Pico/pico-sdk/src/rp2_common/hardware_sync/sync.c.obj
                0x10000560                spin_locks_reset
 .text.next_striped_spin_lock_num
                0x10000580       0x1c CMakeFiles/DisplayFases.dir/5d64f9d4ca8bf32a7e3e5214f2144dff/Pico/pico-sdk/src/rp2_common/hardware_sync/sync.c.obj
                0x10000580                next_striped_spin_lock_num
 .text.set_raw_irq_handler_and_unlock
                0x1000059c       0x28 CMakeFiles/DisplayFases.dir/4145340374906f2701120b7e08072c6c/Microcontroladores/Pico/pico-sdk/src/rp2_common/hardware_irq/irq.c.obj
 .text.make_branch
                0x100005c4       0x48 CMakeFiles/DisplayFases.dir/4145340374906f2701120b7e08072c6c/Microcontroladores/Pico/pico-sdk/src/rp2_common/hardware_irq/irq.c.obj
 .text.insert_branch_and_link
                0x1000060c       0x40 CMakeFiles/DisplayFases.dir/4145340374906f2701120b7e08072c6c/Microcontroladores/Pico/pico-sdk/src/rp2_common/hardware_irq/irq.c.obj
 .text.irq_is_enabled
                0x1000064c       0x18 CMakeFiles/DisplayFases.dir/4145340374906f2701120b7e08072c6c/Microcontroladores/Pico/pico-sdk/src/rp2_common/hardware_irq/irq.c.obj
                0x1000064c                irq_is_enabled
 .text.irq_set_mask_enabled
                0x10000664       0x20 CMakeFiles/DisplayFases.dir/4145340374906f2701120b7e08072c6c/Microcontroladores/Pico/pico-sdk/src/rp2_common/hardware_irq/irq.c.obj
                0x10000664                irq_set_mask_enabled
 .text.irq_set_enabled
                0x10000684        0xe CMakeFiles/DisplayFases.dir/4145340374906f2701120b7e08072c6c/Microcontroladores/Pico/pico-sdk/src/rp2_common/hardware_irq/irq.c.obj
                0x10000684                irq_set_enabled
 *fill*         0x10000692        0x2 
 .text.irq_get_vtable_handler
                0x10000694       0x10 CMakeFiles/DisplayFases.dir/4145340374906f2701120b7e08072c6c/Microcontroladores/Pico/pico-sdk/src/rp2_common/hardware_irq/irq.c.obj
                0x10000694                irq_get_vtable_handler
 .text.irq_set_exclusive_handler
                0x100006a4       0x54 CMakeFiles/DisplayFases.dir/4145340374906f2701120b7e08072c6c/Microcontroladores/Pico/pico-sdk/src/rp2_common/hardware_irq/irq.c.obj
                0x100006a4                irq_set_exclusive_handler
 .text.irq_remove_handler
                0x100006f8      0x1ac CMakeFiles/DisplayFases.dir/4145340374906f2701120b7e08072c6c/Microcontroladores/Pico/pico-sdk/src/rp2_common/hardware_irq/irq.c.obj
                0x100006f8                irq_remove_handler
 .text.irq_add_tail_to_free_list
                0x100008a4       0xf0 CMakeFiles/DisplayFases.dir/4145340374906f2701120b7e08072c6c/Microcontroladores/Pico/pico-sdk/src/rp2_common/hardware_irq/irq.c.obj
                0x100008a4                irq_add_tail_to_free_list
 .text.irq_init_priorities
                0x10000994       0x1c CMakeFiles/DisplayFases.dir/4145340374906f2701120b7e08072c6c/Microcontroladores/Pico/pico-sdk/src/rp2_common/hardware_irq/irq.c.obj
                0x10000994                irq_init_priorities
 .text.lock_init
                0x100009b0       0x10 CMakeFiles/DisplayFases.dir/4145340374906f2701120b7e08072c6c/Microcontroladores/Pico/pico-sdk/src/common/pico_sync/lock_core.c.obj
                0x100009b0                lock_init
 .text.mutex_init
                0x100009c0       0x1a CMakeFiles/DisplayFases.dir/4145340374906f2701120b7e08072c6c/Microcontroladores/Pico/pico-sdk/src/common/pico_sync/mutex.c.obj
                0x100009c0                mutex_init
 .text.recursive_mutex_init
                0x100009da       0x1e CMakeFiles/DisplayFases.dir/4145340374906f2701120b7e08072c6c/Microcontroladores/Pico/pico-sdk/src/common/pico_sync/mutex.c.obj
                0x100009da                recursive_mutex_init
 .text.alarm_pool_post_alloc_init
                0x100009f8       0x40 CMakeFiles/DisplayFases.dir/4145340374906f2701120b7e08072c6c/Microcontroladores/Pico/pico-sdk/src/common/pico_time/time.c.obj
 .text.sleep_until_callback
                0x10000a38       0x30 CMakeFiles/DisplayFases.dir/4145340374906f2701120b7e08072c6c/Microcontroladores/Pico/pico-sdk/src/common/pico_time/time.c.obj
 .text.timer_pool_entry_comparator
                0x10000a68       0x7c CMakeFiles/DisplayFases.dir/4145340374906f2701120b7e08072c6c/Microcontroladores/Pico/pico-sdk/src/common/pico_time/time.c.obj
                0x10000a68                timer_pool_entry_comparator
 .text.ph_add_child_node
                0x10000ae4       0xa4 CMakeFiles/DisplayFases.dir/4145340374906f2701120b7e08072c6c/Microcontroladores/Pico/pico-sdk/src/common/pico_time/time.c.obj
 .text.ph_merge_nodes
                0x10000b88       0x3e CMakeFiles/DisplayFases.dir/4145340374906f2701120b7e08072c6c/Microcontroladores/Pico/pico-sdk/src/common/pico_time/time.c.obj
 *fill*         0x10000bc6        0x2 
 .text.add_alarm_under_lock
                0x10000bc8      0x174 CMakeFiles/DisplayFases.dir/4145340374906f2701120b7e08072c6c/Microcontroladores/Pico/pico-sdk/src/common/pico_time/time.c.obj
 .text.alarm_pool_alarm_callback
                0x10000d3c      0x33c CMakeFiles/DisplayFases.dir/4145340374906f2701120b7e08072c6c/Microcontroladores/Pico/pico-sdk/src/common/pico_time/time.c.obj
 .text.alarm_pool_init_default
                0x10001078       0x40 CMakeFiles/DisplayFases.dir/4145340374906f2701120b7e08072c6c/Microcontroladores/Pico/pico-sdk/src/common/pico_time/time.c.obj
                0x10001078                alarm_pool_init_default
 .text.alarm_pool_get_default
                0x100010b8       0x2c CMakeFiles/DisplayFases.dir/4145340374906f2701120b7e08072c6c/Microcontroladores/Pico/pico-sdk/src/common/pico_time/time.c.obj
                0x100010b8                alarm_pool_get_default
 .text.alarm_pool_add_alarm_at
                0x100010e4      0x168 CMakeFiles/DisplayFases.dir/4145340374906f2701120b7e08072c6c/Microcontroladores/Pico/pico-sdk/src/common/pico_time/time.c.obj
                0x100010e4                alarm_pool_add_alarm_at
 .text.alarm_pool_cancel_alarm
                0x1000124c       0xf8 CMakeFiles/DisplayFases.dir/4145340374906f2701120b7e08072c6c/Microcontroladores/Pico/pico-sdk/src/common/pico_time/time.c.obj
                0x1000124c                alarm_pool_cancel_alarm
 .text.sleep_until
                0x10001344       0xfc CMakeFiles/DisplayFases.dir/4145340374906f2701120b7e08072c6c/Microcontroladores/Pico/pico-sdk/src/common/pico_time/time.c.obj
                0x10001344                sleep_until
 .text.sleep_us
                0x10001440       0x58 CMakeFiles/DisplayFases.dir/4145340374906f2701120b7e08072c6c/Microcontroladores/Pico/pico-sdk/src/common/pico_time/time.c.obj
                0x10001440                sleep_us
 .text.sleep_ms
                0x10001498       0x14 CMakeFiles/DisplayFases.dir/4145340374906f2701120b7e08072c6c/Microcontroladores/Pico/pico-sdk/src/common/pico_time/time.c.obj
                0x10001498                sleep_ms
 .text.best_effort_wfe_or_timeout
                0x100014ac       0xac CMakeFiles/DisplayFases.dir/4145340374906f2701120b7e08072c6c/Microcontroladores/Pico/pico-sdk/src/common/pico_time/time.c.obj
                0x100014ac                best_effort_wfe_or_timeout
 .text.hardware_alarm_irq_handler
                0x10001558       0x90 CMakeFiles/DisplayFases.dir/5d64f9d4ca8bf32a7e3e5214f2144dff/Pico/pico-sdk/src/rp2_common/hardware_timer/timer.c.obj
 .text.hardware_alarm_claim
                0x100015e8       0x18 CMakeFiles/DisplayFases.dir/5d64f9d4ca8bf32a7e3e5214f2144dff/Pico/pico-sdk/src/rp2_common/hardware_timer/timer.c.obj
                0x100015e8                hardware_alarm_claim
 .text.time_us_64
                0x10001600       0x18 CMakeFiles/DisplayFases.dir/5d64f9d4ca8bf32a7e3e5214f2144dff/Pico/pico-sdk/src/rp2_common/hardware_timer/timer.c.obj
                0x10001600                time_us_64
 .text.busy_wait_until
                0x10001618       0x28 CMakeFiles/DisplayFases.dir/5d64f9d4ca8bf32a7e3e5214f2144dff/Pico/pico-sdk/src/rp2_common/hardware_timer/timer.c.obj
                0x10001618                busy_wait_until
 .text.busy_wait_us
                0x10001640       0x48 CMakeFiles/DisplayFases.dir/5d64f9d4ca8bf32a7e3e5214f2144dff/Pico/pico-sdk/src/rp2_common/hardware_timer/timer.c.obj
                0x10001640                busy_wait_us
 .text.hardware_alarm_set_callback
                0x10001688       0x90 CMakeFiles/DisplayFases.dir/5d64f9d4ca8bf32a7e3e5214f2144dff/Pico/pico-sdk/src/rp2_common/hardware_timer/timer.c.obj
                0x10001688                hardware_alarm_set_callback
 .text.hardware_alarm_set_target
                0x10001718       0xe8 CMakeFiles/DisplayFases.dir/5d64f9d4ca8bf32a7e3e5214f2144dff/Pico/pico-sdk/src/rp2_common/hardware_timer/timer.c.obj
                0x10001718                hardware_alarm_set_target
 .text.hardware_alarm_cancel
                0x10001800       0x40 CMakeFiles/DisplayFases.dir/5d64f9d4ca8bf32a7e3e5214f2144dff/Pico/pico-sdk/src/rp2_common/hardware_timer/timer.c.obj
                0x10001800                hardware_alarm_cancel
 .text.ph_add_child_node
                0x10001840       0xa4 CMakeFiles/DisplayFases.dir/4145340374906f2701120b7e08072c6c/Microcontroladores/Pico/pico-sdk/src/common/pico_util/pheap.c.obj
 .text.ph_merge_nodes
                0x100018e4       0x3e CMakeFiles/DisplayFases.dir/4145340374906f2701120b7e08072c6c/Microcontroladores/Pico/pico-sdk/src/common/pico_util/pheap.c.obj
 *fill*         0x10001922        0x2 
 .text.ph_clear
                0x10001924       0x70 CMakeFiles/DisplayFases.dir/4145340374906f2701120b7e08072c6c/Microcontroladores/Pico/pico-sdk/src/common/pico_util/pheap.c.obj
                0x10001924                ph_clear
 .text.ph_post_alloc_init
                0x10001994        0xe CMakeFiles/DisplayFases.dir/4145340374906f2701120b7e08072c6c/Microcontroladores/Pico/pico-sdk/src/common/pico_util/pheap.c.obj
                0x10001994                ph_post_alloc_init
 *fill*         0x100019a2        0x2 
 .text.ph_merge_two_pass
                0x100019a4       0xa8 CMakeFiles/DisplayFases.dir/4145340374906f2701120b7e08072c6c/Microcontroladores/Pico/pico-sdk/src/common/pico_util/pheap.c.obj
                0x100019a4                ph_merge_two_pass
 .text.ph_remove_any_head
                0x10001a4c      0x128 CMakeFiles/DisplayFases.dir/4145340374906f2701120b7e08072c6c/Microcontroladores/Pico/pico-sdk/src/common/pico_util/pheap.c.obj
 .text.ph_remove_head
                0x10001b74       0x14 CMakeFiles/DisplayFases.dir/4145340374906f2701120b7e08072c6c/Microcontroladores/Pico/pico-sdk/src/common/pico_util/pheap.c.obj
                0x10001b74                ph_remove_head
 .text.ph_remove_and_free_node
                0x10001b88       0xf8 CMakeFiles/DisplayFases.dir/4145340374906f2701120b7e08072c6c/Microcontroladores/Pico/pico-sdk/src/common/pico_util/pheap.c.obj
                0x10001b88                ph_remove_and_free_node
 .text.uart_disable_before_lcr_write
                0x10001c80       0x48 CMakeFiles/DisplayFases.dir/5d64f9d4ca8bf32a7e3e5214f2144dff/Pico/pico-sdk/src/rp2_common/hardware_uart/uart.c.obj
 .text.uart_write_lcr_bits_masked
                0x10001cc8       0x22 CMakeFiles/DisplayFases.dir/5d64f9d4ca8bf32a7e3e5214f2144dff/Pico/pico-sdk/src/rp2_common/hardware_uart/uart.c.obj
 *fill*         0x10001cea        0x2 
 .text.uart_set_baudrate
                0x10001cec       0x5c CMakeFiles/DisplayFases.dir/5d64f9d4ca8bf32a7e3e5214f2144dff/Pico/pico-sdk/src/rp2_common/hardware_uart/uart.c.obj
                0x10001cec                uart_set_baudrate
 .text.uart_set_format
                0x10001d48       0x2c CMakeFiles/DisplayFases.dir/5d64f9d4ca8bf32a7e3e5214f2144dff/Pico/pico-sdk/src/rp2_common/hardware_uart/uart.c.obj
                0x10001d48                uart_set_format
 .text.uart_set_translate_crlf
                0x10001d74       0x28 CMakeFiles/DisplayFases.dir/5d64f9d4ca8bf32a7e3e5214f2144dff/Pico/pico-sdk/src/rp2_common/hardware_uart/uart.c.obj
                0x10001d74                uart_set_translate_crlf
 .text.uart_init
                0x10001d9c       0x80 CMakeFiles/DisplayFases.dir/5d64f9d4ca8bf32a7e3e5214f2144dff/Pico/pico-sdk/src/rp2_common/hardware_uart/uart.c.obj
                0x10001d9c                uart_init
 .text.clock_configure
                0x10001e1c      0x108 CMakeFiles/DisplayFases.dir/5d64f9d4ca8bf32a7e3e5214f2144dff/Pico/pico-sdk/src/rp2_common/hardware_clocks/clocks.c.obj
                0x10001e1c                clock_configure
 .text.clocks_init
                0x10001f24      0x100 CMakeFiles/DisplayFases.dir/5d64f9d4ca8bf32a7e3e5214f2144dff/Pico/pico-sdk/src/rp2_common/hardware_clocks/clocks.c.obj
                0x10001f24                clocks_init
 .text.clock_get_hz
                0x10002024        0xc CMakeFiles/DisplayFases.dir/5d64f9d4ca8bf32a7e3e5214f2144dff/Pico/pico-sdk/src/rp2_common/hardware_clocks/clocks.c.obj
                0x10002024                clock_get_hz
 .text.pll_init
                0x10002030      0x120 CMakeFiles/DisplayFases.dir/4145340374906f2701120b7e08072c6c/Microcontroladores/Pico/pico-sdk/src/rp2_common/hardware_pll/pll.c.obj
                0x10002030                pll_init
 .text.watchdog_start_tick
                0x10002150       0x10 CMakeFiles/DisplayFases.dir/5d64f9d4ca8bf32a7e3e5214f2144dff/Pico/pico-sdk/src/rp2_common/hardware_watchdog/watchdog.c.obj
                0x10002150                watchdog_start_tick
 .text.xosc_init
                0x10002160       0x28 CMakeFiles/DisplayFases.dir/5d64f9d4ca8bf32a7e3e5214f2144dff/Pico/pico-sdk/src/rp2_common/hardware_xosc/xosc.c.obj
                0x10002160                xosc_init
 .text._exit    0x10002188        0x4 CMakeFiles/DisplayFases.dir/5d64f9d4ca8bf32a7e3e5214f2144dff/Pico/pico-sdk/src/rp2_common/pico_runtime/runtime.c.obj
                0x10002188                _exit
 .text.exit     0x1000218c        0x6 CMakeFiles/DisplayFases.dir/5d64f9d4ca8bf32a7e3e5214f2144dff/Pico/pico-sdk/src/rp2_common/pico_runtime/runtime.c.obj
                0x1000218c                exit
 *fill*         0x10002192        0x2 
 .text.__assert_func
                0x10002194       0x3c CMakeFiles/DisplayFases.dir/5d64f9d4ca8bf32a7e3e5214f2144dff/Pico/pico-sdk/src/rp2_common/pico_runtime/runtime.c.obj
                0x10002194                __assert_func
 .text.runtime_init
                0x100021d0       0xf8 CMakeFiles/DisplayFases.dir/5d64f9d4ca8bf32a7e3e5214f2144dff/Pico/pico-sdk/src/rp2_common/pico_runtime/runtime.c.obj
                0x100021d0                runtime_init
 .text.panic    0x100022c8       0x30 CMakeFiles/DisplayFases.dir/5d64f9d4ca8bf32a7e3e5214f2144dff/Pico/pico-sdk/src/rp2_common/pico_runtime/runtime.c.obj
                0x100022c8                panic
 .text._out_null
                0x100022f8        0x2 CMakeFiles/DisplayFases.dir/5d64f9d4ca8bf32a7e3e5214f2144dff/Pico/pico-sdk/src/rp2_common/pico_printf/printf.c.obj
 .text._out_fct
                0x100022fa        0xe CMakeFiles/DisplayFases.dir/5d64f9d4ca8bf32a7e3e5214f2144dff/Pico/pico-sdk/src/rp2_common/pico_printf/printf.c.obj
 .text._atoi    0x10002308       0x24 CMakeFiles/DisplayFases.dir/5d64f9d4ca8bf32a7e3e5214f2144dff/Pico/pico-sdk/src/rp2_common/pico_printf/printf.c.obj
 .text._out_rev
                0x1000232c       0xae CMakeFiles/DisplayFases.dir/5d64f9d4ca8bf32a7e3e5214f2144dff/Pico/pico-sdk/src/rp2_common/pico_printf/printf.c.obj
 .text._ntoa_format
                0x100023da      0x112 CMakeFiles/DisplayFases.dir/5d64f9d4ca8bf32a7e3e5214f2144dff/Pico/pico-sdk/src/rp2_common/pico_printf/printf.c.obj
 .text._ntoa_long
                0x100024ec       0xbc CMakeFiles/DisplayFases.dir/5d64f9d4ca8bf32a7e3e5214f2144dff/Pico/pico-sdk/src/rp2_common/pico_printf/printf.c.obj
 .text._ntoa_long_long
                0x100025a8       0xe2 CMakeFiles/DisplayFases.dir/5d64f9d4ca8bf32a7e3e5214f2144dff/Pico/pico-sdk/src/rp2_common/pico_printf/printf.c.obj
 *fill*         0x1000268a        0x2 
 .text._etoa    0x1000268c      0x414 CMakeFiles/DisplayFases.dir/5d64f9d4ca8bf32a7e3e5214f2144dff/Pico/pico-sdk/src/rp2_common/pico_printf/printf.c.obj
 .text._ftoa    0x10002aa0      0x354 CMakeFiles/DisplayFases.dir/5d64f9d4ca8bf32a7e3e5214f2144dff/Pico/pico-sdk/src/rp2_common/pico_printf/printf.c.obj
 .text._vsnprintf
                0x10002df4      0x624 CMakeFiles/DisplayFases.dir/5d64f9d4ca8bf32a7e3e5214f2144dff/Pico/pico-sdk/src/rp2_common/pico_printf/printf.c.obj
 .text.vfctprintf
                0x10003418       0x20 CMakeFiles/DisplayFases.dir/5d64f9d4ca8bf32a7e3e5214f2144dff/Pico/pico-sdk/src/rp2_common/pico_printf/printf.c.obj
                0x10003418                vfctprintf
 .text          0x10003438       0x10 CMakeFiles/DisplayFases.dir/5d64f9d4ca8bf32a7e3e5214f2144dff/Pico/pico-sdk/src/rp2_common/pico_bit_ops/bit_ops_aeabi.S.obj
 .text.rom_func_lookup
                0x10003448       0x10 CMakeFiles/DisplayFases.dir/5d64f9d4ca8bf32a7e3e5214f2144dff/Pico/pico-sdk/src/rp2_common/pico_bootrom/bootrom.c.obj
                0x10003448                rom_func_lookup
 .text.rom_data_lookup
                0x10003458       0x10 CMakeFiles/DisplayFases.dir/5d64f9d4ca8bf32a7e3e5214f2144dff/Pico/pico-sdk/src/rp2_common/pico_bootrom/bootrom.c.obj
                0x10003458                rom_data_lookup
 .text.rom_funcs_lookup
                0x10003468       0x36 CMakeFiles/DisplayFases.dir/5d64f9d4ca8bf32a7e3e5214f2144dff/Pico/pico-sdk/src/rp2_common/pico_bootrom/bootrom.c.obj
                0x10003468                rom_funcs_lookup
 *fill*         0x1000349e        0x2 
 .text.__wrap___aeabi_idiv
                0x100034a0       0x50 CMakeFiles/DisplayFases.dir/5d64f9d4ca8bf32a7e3e5214f2144dff/Pico/pico-sdk/src/rp2_common/pico_divider/divider.S.obj
                0x100034a0                __wrap___aeabi_idivmod
                0x100034a0                divmod_s32s32
                0x100034a0                div_s32s32
                0x100034a0                __wrap___aeabi_idiv
                0x100034a8                divmod_s32s32_unsafe
                0x100034d4                divmod_s32s32_savestate
 .text.__wrap___aeabi_uidiv
                0x100034f0       0x4c CMakeFiles/DisplayFases.dir/5d64f9d4ca8bf32a7e3e5214f2144dff/Pico/pico-sdk/src/rp2_common/pico_divider/divider.S.obj
                0x100034f0                __wrap___aeabi_uidiv
                0x100034f0                __wrap___aeabi_uidivmod
                0x100034f0                div_u32u32
                0x100034f0                divmod_u32u32
                0x100034f8                divmod_u32u32_unsafe
                0x10003520                divmod_u32u32_savestate
 .text.__wrap___aeabi_ldiv
                0x1000353c      0x424 CMakeFiles/DisplayFases.dir/5d64f9d4ca8bf32a7e3e5214f2144dff/Pico/pico-sdk/src/rp2_common/pico_divider/divider.S.obj
                0x1000353c                div_s64s64
                0x1000353c                divmod_s64s64
                0x1000353c                __wrap___aeabi_ldivmod
                0x1000356c                divmod_u64u64
                0x1000356c                div_u64u64
                0x1000356c                __wrap___aeabi_uldivmod
                0x1000357c                divmod_u64u64_savestate
                0x1000359c                divmod_s64s64_unsafe
                0x10003624                divmod_u64u64_unsafe
 .text.__wrap___aeabi_darithmetic
                0x10003960       0x60 CMakeFiles/DisplayFases.dir/5d64f9d4ca8bf32a7e3e5214f2144dff/Pico/pico-sdk/src/rp2_common/pico_double/double_aeabi.S.obj
                0x10003960                __wrap___aeabi_drsub
                0x10003966                __wrap___aeabi_dsub
                0x10003970                __wrap___aeabi_dadd
                0x1000397a                __wrap___aeabi_ddiv
                0x100039ae                __wrap___aeabi_dmul
 .text.__wrap___aeabi_cdcmple
                0x100039c0       0x6c CMakeFiles/DisplayFases.dir/5d64f9d4ca8bf32a7e3e5214f2144dff/Pico/pico-sdk/src/rp2_common/pico_double/double_aeabi.S.obj
                0x100039c0                __wrap___aeabi_cdrcmple
                0x100039d0                __wrap___aeabi_cdcmpeq
                0x100039d0                __wrap___aeabi_cdcmple
 .text.__wrap___aeabi_dcmplt
                0x10003a2c        0xc CMakeFiles/DisplayFases.dir/5d64f9d4ca8bf32a7e3e5214f2144dff/Pico/pico-sdk/src/rp2_common/pico_double/double_aeabi.S.obj
                0x10003a2c                __wrap___aeabi_dcmplt
 .text.__wrap___aeabi_dcmple
                0x10003a38       0x10 CMakeFiles/DisplayFases.dir/5d64f9d4ca8bf32a7e3e5214f2144dff/Pico/pico-sdk/src/rp2_common/pico_double/double_aeabi.S.obj
                0x10003a38                __wrap___aeabi_dcmple
 .text.__wrap___aeabi_dcmpge
                0x10003a48       0x10 CMakeFiles/DisplayFases.dir/5d64f9d4ca8bf32a7e3e5214f2144dff/Pico/pico-sdk/src/rp2_common/pico_double/double_aeabi.S.obj
                0x10003a48                __wrap___aeabi_dcmpge
 .text.__wrap___aeabi_dcmpgt
                0x10003a58        0xa CMakeFiles/DisplayFases.dir/5d64f9d4ca8bf32a7e3e5214f2144dff/Pico/pico-sdk/src/rp2_common/pico_double/double_aeabi.S.obj
                0x10003a58                __wrap___aeabi_dcmpgt
 .text.__wrap___aeabi_dcmpun
                0x10003a62       0x1c CMakeFiles/DisplayFases.dir/5d64f9d4ca8bf32a7e3e5214f2144dff/Pico/pico-sdk/src/rp2_common/pico_double/double_aeabi.S.obj
                0x10003a62                __wrap___aeabi_dcmpun
 *fill*         0x10003a7e        0x2 
 .text.__wrap___aeabi_i2d
                0x10003a80       0x38 CMakeFiles/DisplayFases.dir/5d64f9d4ca8bf32a7e3e5214f2144dff/Pico/pico-sdk/src/rp2_common/pico_double/double_aeabi.S.obj
                0x10003a80                __wrap___aeabi_ui2d
                0x10003a88                __wrap___aeabi_i2d
 .text.__wrap___aeabi_d2iz
                0x10003ab8       0x48 CMakeFiles/DisplayFases.dir/5d64f9d4ca8bf32a7e3e5214f2144dff/Pico/pico-sdk/src/rp2_common/pico_double/double_aeabi.S.obj
                0x10003ab8                double2int_z
                0x10003ab8                __wrap___aeabi_d2iz
 .text.__wrap___aeabi_d2uiz
                0x10003b00       0x10 CMakeFiles/DisplayFases.dir/5d64f9d4ca8bf32a7e3e5214f2144dff/Pico/pico-sdk/src/rp2_common/pico_double/double_aeabi.S.obj
                0x10003b00                __wrap___aeabi_d2uiz
                0x10003b00                double2uint
 .text.missing_double_func_shim
                0x10003b10        0xc CMakeFiles/DisplayFases.dir/5d64f9d4ca8bf32a7e3e5214f2144dff/Pico/pico-sdk/src/rp2_common/pico_double/double_init_rom.c.obj
 .text.__aeabi_double_init
                0x10003b1c       0xcc CMakeFiles/DisplayFases.dir/5d64f9d4ca8bf32a7e3e5214f2144dff/Pico/pico-sdk/src/rp2_common/pico_double/double_init_rom.c.obj
                0x10003b1c                __aeabi_double_init
 .text.double_table_shim_on_use_helper
                0x10003be8       0x34 CMakeFiles/DisplayFases.dir/5d64f9d4ca8bf32a7e3e5214f2144dff/Pico/pico-sdk/src/rp2_common/pico_double/double_v1_rom_shim.S.obj
                0x10003be8                double_table_shim_on_use_helper
 .text.__aeabi_lmul
                0x10003c1c       0x32 CMakeFiles/DisplayFases.dir/5d64f9d4ca8bf32a7e3e5214f2144dff/Pico/pico-sdk/src/rp2_common/pico_int64_ops/pico_int64_ops_aeabi.S.obj
                0x10003c1c                __wrap___aeabi_lmul
 *fill*         0x10003c4e        0x2 
 .text.missing_float_func_shim
                0x10003c50        0xc CMakeFiles/DisplayFases.dir/5d64f9d4ca8bf32a7e3e5214f2144dff/Pico/pico-sdk/src/rp2_common/pico_float/float_init_rom.c.obj
 .text.__aeabi_float_init
                0x10003c5c       0x88 CMakeFiles/DisplayFases.dir/5d64f9d4ca8bf32a7e3e5214f2144dff/Pico/pico-sdk/src/rp2_common/pico_float/float_init_rom.c.obj
                0x10003c5c                __aeabi_float_init
 .text          0x10003ce4       0x10 CMakeFiles/DisplayFases.dir/5d64f9d4ca8bf32a7e3e5214f2144dff/Pico/pico-sdk/src/rp2_common/pico_mem_ops/mem_ops_aeabi.S.obj
                0x10003ce4                __aeabi_mem_init
 .text.memcpy   0x10003cf4        0xc CMakeFiles/DisplayFases.dir/5d64f9d4ca8bf32a7e3e5214f2144dff/Pico/pico-sdk/src/rp2_common/pico_mem_ops/mem_ops_aeabi.S.obj
                0x10003cf4                __wrap_memcpy
                0x10003cf4                __wrap___aeabi_memcpy
 .text.stdio_out_chars_no_crlf
                0x10003d00        0xe CMakeFiles/DisplayFases.dir/4145340374906f2701120b7e08072c6c/Microcontroladores/Pico/pico-sdk/src/rp2_common/pico_stdio/stdio.c.obj
 *fill*         0x10003d0e        0x2 
 .text.stdio_out_chars_crlf
                0x10003d10       0x80 CMakeFiles/DisplayFases.dir/4145340374906f2701120b7e08072c6c/Microcontroladores/Pico/pico-sdk/src/rp2_common/pico_stdio/stdio.c.obj
 .text.stdio_stack_buffer_flush
                0x10003d90       0x44 CMakeFiles/DisplayFases.dir/4145340374906f2701120b7e08072c6c/Microcontroladores/Pico/pico-sdk/src/rp2_common/pico_stdio/stdio.c.obj
 .text.stdio_buffered_printer
                0x10003dd4       0x20 CMakeFiles/DisplayFases.dir/4145340374906f2701120b7e08072c6c/Microcontroladores/Pico/pico-sdk/src/rp2_common/pico_stdio/stdio.c.obj
 .text.stdout_serialize_begin
                0x10003df4       0x5c CMakeFiles/DisplayFases.dir/4145340374906f2701120b7e08072c6c/Microcontroladores/Pico/pico-sdk/src/rp2_common/pico_stdio/stdio.c.obj
                0x10003df4                stdout_serialize_begin
 .text.stdout_serialize_end
                0x10003e50       0x10 CMakeFiles/DisplayFases.dir/4145340374906f2701120b7e08072c6c/Microcontroladores/Pico/pico-sdk/src/rp2_common/pico_stdio/stdio.c.obj
                0x10003e50                stdout_serialize_end
 .text.stdio_put_string
                0x10003e60       0x98 CMakeFiles/DisplayFases.dir/4145340374906f2701120b7e08072c6c/Microcontroladores/Pico/pico-sdk/src/rp2_common/pico_stdio/stdio.c.obj
 .text.stdio_set_driver_enabled
                0x10003ef8       0x2c CMakeFiles/DisplayFases.dir/4145340374906f2701120b7e08072c6c/Microcontroladores/Pico/pico-sdk/src/rp2_common/pico_stdio/stdio.c.obj
                0x10003ef8                stdio_set_driver_enabled
 .text.stdio_flush
                0x10003f24       0x20 CMakeFiles/DisplayFases.dir/4145340374906f2701120b7e08072c6c/Microcontroladores/Pico/pico-sdk/src/rp2_common/pico_stdio/stdio.c.obj
                0x10003f24                stdio_flush
 .text.__wrap_puts
                0x10003f44       0x1e CMakeFiles/DisplayFases.dir/4145340374906f2701120b7e08072c6c/Microcontroladores/Pico/pico-sdk/src/rp2_common/pico_stdio/stdio.c.obj
                0x10003f44                __wrap_puts
 *fill*         0x10003f62        0x2 
 .text.__wrap_vprintf
                0x10003f64       0x40 CMakeFiles/DisplayFases.dir/4145340374906f2701120b7e08072c6c/Microcontroladores/Pico/pico-sdk/src/rp2_common/pico_stdio/stdio.c.obj
                0x10003f64                __wrap_vprintf
 .text.__wrap_printf
                0x10003fa4       0x18 CMakeFiles/DisplayFases.dir/4145340374906f2701120b7e08072c6c/Microcontroladores/Pico/pico-sdk/src/rp2_common/pico_stdio/stdio.c.obj
                0x10003fa4                __wrap_printf
 .text.stdio_init_all
                0x10003fbc        0xa CMakeFiles/DisplayFases.dir/4145340374906f2701120b7e08072c6c/Microcontroladores/Pico/pico-sdk/src/rp2_common/pico_stdio/stdio.c.obj
                0x10003fbc                stdio_init_all
 *fill*         0x10003fc6        0x2 
 .text.stdio_uart_out_chars
                0x10003fc8       0x74 CMakeFiles/DisplayFases.dir/5d64f9d4ca8bf32a7e3e5214f2144dff/Pico/pico-sdk/src/rp2_common/pico_stdio_uart/stdio_uart.c.obj
 .text.stdio_uart_in_chars
                0x1000403c       0x80 CMakeFiles/DisplayFases.dir/5d64f9d4ca8bf32a7e3e5214f2144dff/Pico/pico-sdk/src/rp2_common/pico_stdio_uart/stdio_uart.c.obj
                0x1000403c                stdio_uart_in_chars
 .text.on_uart_rx
                0x100040bc       0x28 CMakeFiles/DisplayFases.dir/5d64f9d4ca8bf32a7e3e5214f2144dff/Pico/pico-sdk/src/rp2_common/pico_stdio_uart/stdio_uart.c.obj
 .text.stdio_uart_set_chars_available_callback
                0x100040e4       0x8c CMakeFiles/DisplayFases.dir/5d64f9d4ca8bf32a7e3e5214f2144dff/Pico/pico-sdk/src/rp2_common/pico_stdio_uart/stdio_uart.c.obj
 .text.stdio_uart_init_full
                0x10004170       0x44 CMakeFiles/DisplayFases.dir/5d64f9d4ca8bf32a7e3e5214f2144dff/Pico/pico-sdk/src/rp2_common/pico_stdio_uart/stdio_uart.c.obj
                0x10004170                stdio_uart_init_full
 .text.stdio_uart_init
                0x100041b4       0x28 CMakeFiles/DisplayFases.dir/5d64f9d4ca8bf32a7e3e5214f2144dff/Pico/pico-sdk/src/rp2_common/pico_stdio_uart/stdio_uart.c.obj
                0x100041b4                stdio_uart_init
 .text.strlen   0x100041dc       0x5c c:/progra~2/gnuarm~1/102021~1.10/bin/../lib/gcc/arm-none-eabi/10.3.1/../../../../arm-none-eabi/lib/thumb/v6-m/nofp\libg.a(lib_a-strlen-stub.o)
                0x100041dc                strlen
 *(.fini)
 .fini          0x10004238        0x4 c:/progra~2/gnuarm~1/102021~1.10/bin/../lib/gcc/arm-none-eabi/10.3.1/thumb/v6-m/nofp/crti.o
                0x10004238                _fini
 *fill*         0x1000423c        0x4 
 .fini.__stub   0x10004240       0x40 linker stubs
 *crtbegin.o(.ctors)
 *crtbegin?.o(.ctors)
 *(EXCLUDE_FILE(*crtend.o *crtend?.o) .ctors)
 *(SORT_BY_NAME(.ctors.*))
 *(.ctors)
 *crtbegin.o(.dtors)
 *crtbegin?.o(.dtors)
 *(EXCLUDE_FILE(*crtend.o *crtend?.o) .dtors)
 *(SORT_BY_NAME(.dtors.*))
 *(.dtors)
 *(.eh_frame*)
 .eh_frame      0x10004280        0x0 c:/progra~2/gnuarm~1/102021~1.10/bin/../lib/gcc/arm-none-eabi/10.3.1/thumb/v6-m/nofp/crtbegin.o
                0x10004280                . = ALIGN (0x4)

.glue_7         0x10004280        0x0
 .glue_7        0x10004280        0x0 linker stubs

.glue_7t        0x10004280        0x0
 .glue_7t       0x10004280        0x0 linker stubs

.vfp11_veneer   0x10004280        0x0
 .vfp11_veneer  0x10004280        0x0 linker stubs

.v4_bx          0x10004280        0x0
 .v4_bx         0x10004280        0x0 linker stubs

.iplt           0x10004280        0x0
 .iplt          0x10004280        0x0 c:/progra~2/gnuarm~1/102021~1.10/bin/../lib/gcc/arm-none-eabi/10.3.1/thumb/v6-m/nofp/crtbegin.o

.rodata         0x10004280     0x1230
 *(EXCLUDE_FILE(*libm.a: *libc.a:*lib_a-mem*.o *libgcc.a:) .rodata*)
 .rodata.configurarGPIOs.str1.4
                0x10004280       0x2f CMakeFiles/DisplayFases.dir/display_fasesM.c.obj
 *fill*         0x100042af        0x1 
 .rodata.mostrarFase.str1.4
                0x100042b0       0x58 CMakeFiles/DisplayFases.dir/display_fasesM.c.obj
 .rodata.make_branch.str1.4
                0x10004308       0x9e CMakeFiles/DisplayFases.dir/4145340374906f2701120b7e08072c6c/Microcontroladores/Pico/pico-sdk/src/rp2_common/hardware_irq/irq.c.obj
 *fill*         0x100043a6        0x2 
 .rodata.insert_branch_and_link.str1.4
                0x100043a8       0x10 CMakeFiles/DisplayFases.dir/4145340374906f2701120b7e08072c6c/Microcontroladores/Pico/pico-sdk/src/rp2_common/hardware_irq/irq.c.obj
 .rodata.irq_set_exclusive_handler.str1.4
                0x100043b8       0x36 CMakeFiles/DisplayFases.dir/4145340374906f2701120b7e08072c6c/Microcontroladores/Pico/pico-sdk/src/rp2_common/hardware_irq/irq.c.obj
 *fill*         0x100043ee        0x2 
 .rodata.irq_add_shared_handler.str1.4
                0x100043f0       0xd9 CMakeFiles/DisplayFases.dir/4145340374906f2701120b7e08072c6c/Microcontroladores/Pico/pico-sdk/src/rp2_common/hardware_irq/irq.c.obj
 *fill*         0x100044c9        0x3 
 .rodata.irq_remove_handler.str1.4
                0x100044cc       0x3a CMakeFiles/DisplayFases.dir/4145340374906f2701120b7e08072c6c/Microcontroladores/Pico/pico-sdk/src/rp2_common/hardware_irq/irq.c.obj
 *fill*         0x10004506        0x2 
 .rodata.irq_add_tail_to_free_list.str1.4
                0x10004508       0x3a CMakeFiles/DisplayFases.dir/4145340374906f2701120b7e08072c6c/Microcontroladores/Pico/pico-sdk/src/rp2_common/hardware_irq/irq.c.obj
 *fill*         0x10004542        0x2 
 .rodata.__func__.0
                0x10004544       0x1a CMakeFiles/DisplayFases.dir/4145340374906f2701120b7e08072c6c/Microcontroladores/Pico/pico-sdk/src/rp2_common/hardware_irq/irq.c.obj
 *fill*         0x1000455e        0x2 
 .rodata.__func__.1
                0x10004560       0x17 CMakeFiles/DisplayFases.dir/4145340374906f2701120b7e08072c6c/Microcontroladores/Pico/pico-sdk/src/rp2_common/hardware_irq/irq.c.obj
 *fill*         0x10004577        0x1 
 .rodata.__func__.2
                0x10004578       0x13 CMakeFiles/DisplayFases.dir/4145340374906f2701120b7e08072c6c/Microcontroladores/Pico/pico-sdk/src/rp2_common/hardware_irq/irq.c.obj
 *fill*         0x1000458b        0x1 
 .rodata.__func__.3
                0x1000458c        0xc CMakeFiles/DisplayFases.dir/4145340374906f2701120b7e08072c6c/Microcontroladores/Pico/pico-sdk/src/rp2_common/hardware_irq/irq.c.obj
 .rodata.__func__.4
                0x10004598        0xf CMakeFiles/DisplayFases.dir/4145340374906f2701120b7e08072c6c/Microcontroladores/Pico/pico-sdk/src/rp2_common/hardware_irq/irq.c.obj
 *fill*         0x100045a7        0x1 
 .rodata.__func__.6
                0x100045a8       0x1a CMakeFiles/DisplayFases.dir/4145340374906f2701120b7e08072c6c/Microcontroladores/Pico/pico-sdk/src/rp2_common/hardware_irq/irq.c.obj
 *fill*         0x100045c2        0x2 
 .rodata.str1.4
                0x100045c4      0x151 CMakeFiles/DisplayFases.dir/4145340374906f2701120b7e08072c6c/Microcontroladores/Pico/pico-sdk/src/common/pico_sync/mutex.c.obj
 *fill*         0x10004715        0x3 
 .rodata.__func__.1
                0x10004718        0xb CMakeFiles/DisplayFases.dir/4145340374906f2701120b7e08072c6c/Microcontroladores/Pico/pico-sdk/src/common/pico_sync/mutex.c.obj
 *fill*         0x10004723        0x1 
 .rodata.__func__.3
                0x10004724       0x18 CMakeFiles/DisplayFases.dir/4145340374906f2701120b7e08072c6c/Microcontroladores/Pico/pico-sdk/src/common/pico_sync/mutex.c.obj
 .rodata.repeating_timer_callback.str1.4
                0x1000473c       0x7c CMakeFiles/DisplayFases.dir/4145340374906f2701120b7e08072c6c/Microcontroladores/Pico/pico-sdk/src/common/pico_time/time.c.obj
 .rodata.timer_pool_entry_comparator.str1.4
                0x100047b8       0x22 CMakeFiles/DisplayFases.dir/4145340374906f2701120b7e08072c6c/Microcontroladores/Pico/pico-sdk/src/common/pico_time/time.c.obj
 *fill*         0x100047da        0x2 
 .rodata.ph_add_child_node.str1.4
                0x100047dc       0xc6 CMakeFiles/DisplayFases.dir/4145340374906f2701120b7e08072c6c/Microcontroladores/Pico/pico-sdk/src/common/pico_time/time.c.obj
 *fill*         0x100048a2        0x2 
 .rodata.add_alarm_under_lock.str1.4
                0x100048a4       0x28 CMakeFiles/DisplayFases.dir/4145340374906f2701120b7e08072c6c/Microcontroladores/Pico/pico-sdk/src/common/pico_time/time.c.obj
                                 0x2b (size before relaxing)
 .rodata.alarm_pool_alarm_callback.str1.4
                0x100048cc       0x98 CMakeFiles/DisplayFases.dir/4145340374906f2701120b7e08072c6c/Microcontroladores/Pico/pico-sdk/src/common/pico_time/time.c.obj
                                0x12c (size before relaxing)
 .rodata.alarm_pool_get_default.str1.4
                0x10004964       0x21 CMakeFiles/DisplayFases.dir/4145340374906f2701120b7e08072c6c/Microcontroladores/Pico/pico-sdk/src/common/pico_time/time.c.obj
 *fill*         0x10004985        0x3 
 .rodata.alarm_pool_cancel_alarm.str1.4
                0x10004988       0x27 CMakeFiles/DisplayFases.dir/4145340374906f2701120b7e08072c6c/Microcontroladores/Pico/pico-sdk/src/common/pico_time/time.c.obj
 *fill*         0x100049af        0x1 
 .rodata.sleep_until.str1.4
                0x100049b0       0x4d CMakeFiles/DisplayFases.dir/4145340374906f2701120b7e08072c6c/Microcontroladores/Pico/pico-sdk/src/common/pico_time/time.c.obj
 *fill*         0x100049fd        0x3 
 .rodata.__func__.1
                0x10004a00       0x18 CMakeFiles/DisplayFases.dir/4145340374906f2701120b7e08072c6c/Microcontroladores/Pico/pico-sdk/src/common/pico_time/time.c.obj
 .rodata.__func__.10
                0x10004a18       0x15 CMakeFiles/DisplayFases.dir/4145340374906f2701120b7e08072c6c/Microcontroladores/Pico/pico-sdk/src/common/pico_time/time.c.obj
 *fill*         0x10004a2d        0x3 
 .rodata.__func__.11
                0x10004a30       0x1a CMakeFiles/DisplayFases.dir/4145340374906f2701120b7e08072c6c/Microcontroladores/Pico/pico-sdk/src/common/pico_time/time.c.obj
 *fill*         0x10004a4a        0x2 
 .rodata.__func__.12
                0x10004a4c        0xa CMakeFiles/DisplayFases.dir/4145340374906f2701120b7e08072c6c/Microcontroladores/Pico/pico-sdk/src/common/pico_time/time.c.obj
 *fill*         0x10004a56        0x2 
 .rodata.__func__.3
                0x10004a58       0x17 CMakeFiles/DisplayFases.dir/4145340374906f2701120b7e08072c6c/Microcontroladores/Pico/pico-sdk/src/common/pico_time/time.c.obj
 *fill*         0x10004a6f        0x1 
 .rodata.__func__.4
                0x10004a70       0x12 CMakeFiles/DisplayFases.dir/4145340374906f2701120b7e08072c6c/Microcontroladores/Pico/pico-sdk/src/common/pico_time/time.c.obj
 *fill*         0x10004a82        0x2 
 .rodata.__func__.5
                0x10004a84        0xd CMakeFiles/DisplayFases.dir/4145340374906f2701120b7e08072c6c/Microcontroladores/Pico/pico-sdk/src/common/pico_time/time.c.obj
 *fill*         0x10004a91        0x3 
 .rodata.__func__.6
                0x10004a94       0x12 CMakeFiles/DisplayFases.dir/4145340374906f2701120b7e08072c6c/Microcontroladores/Pico/pico-sdk/src/common/pico_time/time.c.obj
 *fill*         0x10004aa6        0x2 
 .rodata.__func__.7
                0x10004aa8        0xf CMakeFiles/DisplayFases.dir/4145340374906f2701120b7e08072c6c/Microcontroladores/Pico/pico-sdk/src/common/pico_time/time.c.obj
 *fill*         0x10004ab7        0x1 
 .rodata.__func__.8
                0x10004ab8        0xc CMakeFiles/DisplayFases.dir/4145340374906f2701120b7e08072c6c/Microcontroladores/Pico/pico-sdk/src/common/pico_time/time.c.obj
 .rodata.__func__.9
                0x10004ac4       0x15 CMakeFiles/DisplayFases.dir/4145340374906f2701120b7e08072c6c/Microcontroladores/Pico/pico-sdk/src/common/pico_time/time.c.obj
 *fill*         0x10004ad9        0x3 
 .rodata.hardware_alarm_claim.str1.4
                0x10004adc       0x22 CMakeFiles/DisplayFases.dir/5d64f9d4ca8bf32a7e3e5214f2144dff/Pico/pico-sdk/src/rp2_common/hardware_timer/timer.c.obj
 .rodata.busy_wait_us.str1.4
                0x10004afe       0x92 CMakeFiles/DisplayFases.dir/5d64f9d4ca8bf32a7e3e5214f2144dff/Pico/pico-sdk/src/rp2_common/hardware_timer/timer.c.obj
 *fill*         0x10004afe        0x2 
 .rodata.hardware_alarm_set_target.str1.4
                0x10004b00       0x96 CMakeFiles/DisplayFases.dir/5d64f9d4ca8bf32a7e3e5214f2144dff/Pico/pico-sdk/src/rp2_common/hardware_timer/timer.c.obj
 *fill*         0x10004b96        0x2 
 .rodata.__func__.0
                0x10004b98       0x1a CMakeFiles/DisplayFases.dir/5d64f9d4ca8bf32a7e3e5214f2144dff/Pico/pico-sdk/src/rp2_common/hardware_timer/timer.c.obj
 *fill*         0x10004bb2        0x2 
 .rodata.__func__.1
                0x10004bb4       0x15 CMakeFiles/DisplayFases.dir/5d64f9d4ca8bf32a7e3e5214f2144dff/Pico/pico-sdk/src/rp2_common/hardware_timer/timer.c.obj
 .rodata.ph_add_child_node.str1.4
                0x10004bc9       0xc6 CMakeFiles/DisplayFases.dir/4145340374906f2701120b7e08072c6c/Microcontroladores/Pico/pico-sdk/src/common/pico_util/pheap.c.obj
 *fill*         0x10004bc9        0x3 
 .rodata.ph_remove_any_head.str1.4
                0x10004bcc       0xc0 CMakeFiles/DisplayFases.dir/4145340374906f2701120b7e08072c6c/Microcontroladores/Pico/pico-sdk/src/common/pico_util/pheap.c.obj
                                 0xd4 (size before relaxing)
 .rodata.ph_remove_and_free_node.str1.4
                0x10004c8c       0x1e CMakeFiles/DisplayFases.dir/4145340374906f2701120b7e08072c6c/Microcontroladores/Pico/pico-sdk/src/common/pico_util/pheap.c.obj
                                 0x26 (size before relaxing)
 *fill*         0x10004caa        0x2 
 .rodata.__func__.0
                0x10004cac       0x18 CMakeFiles/DisplayFases.dir/4145340374906f2701120b7e08072c6c/Microcontroladores/Pico/pico-sdk/src/common/pico_util/pheap.c.obj
 .rodata.__func__.1
                0x10004cc4       0x13 CMakeFiles/DisplayFases.dir/4145340374906f2701120b7e08072c6c/Microcontroladores/Pico/pico-sdk/src/common/pico_util/pheap.c.obj
 *fill*         0x10004cd7        0x1 
 .rodata.__func__.2
                0x10004cd8       0x12 CMakeFiles/DisplayFases.dir/4145340374906f2701120b7e08072c6c/Microcontroladores/Pico/pico-sdk/src/common/pico_util/pheap.c.obj
 *fill*         0x10004cea        0x2 
 .rodata.__func__.3
                0x10004cec        0xc CMakeFiles/DisplayFases.dir/4145340374906f2701120b7e08072c6c/Microcontroladores/Pico/pico-sdk/src/common/pico_util/pheap.c.obj
 .rodata.clock_configure.str1.4
                0x10004cf8       0x88 CMakeFiles/DisplayFases.dir/5d64f9d4ca8bf32a7e3e5214f2144dff/Pico/pico-sdk/src/rp2_common/hardware_clocks/clocks.c.obj
 .rodata.__func__.1
                0x10004d80       0x10 CMakeFiles/DisplayFases.dir/5d64f9d4ca8bf32a7e3e5214f2144dff/Pico/pico-sdk/src/rp2_common/hardware_clocks/clocks.c.obj
 .rodata.pll_init.str1.4
                0x10004d90      0x154 CMakeFiles/DisplayFases.dir/4145340374906f2701120b7e08072c6c/Microcontroladores/Pico/pico-sdk/src/rp2_common/hardware_pll/pll.c.obj
 .rodata.__func__.0
                0x10004ee4        0x9 CMakeFiles/DisplayFases.dir/4145340374906f2701120b7e08072c6c/Microcontroladores/Pico/pico-sdk/src/rp2_common/hardware_pll/pll.c.obj
 *fill*         0x10004eed        0x3 
 .rodata.__assert_func.str1.4
                0x10004ef0       0x3f CMakeFiles/DisplayFases.dir/5d64f9d4ca8bf32a7e3e5214f2144dff/Pico/pico-sdk/src/rp2_common/pico_runtime/runtime.c.obj
                                 0x43 (size before relaxing)
 *fill*         0x10004f2f        0x1 
 .rodata.runtime_init.str1.4
                0x10004f30       0x92 CMakeFiles/DisplayFases.dir/5d64f9d4ca8bf32a7e3e5214f2144dff/Pico/pico-sdk/src/rp2_common/pico_runtime/runtime.c.obj
 *fill*         0x10004fc2        0x2 
 .rodata.panic.str1.4
                0x10004fc4       0x10 CMakeFiles/DisplayFases.dir/5d64f9d4ca8bf32a7e3e5214f2144dff/Pico/pico-sdk/src/rp2_common/pico_runtime/runtime.c.obj
                                 0x12 (size before relaxing)
 .rodata.__func__.2
                0x10004fd4        0xd CMakeFiles/DisplayFases.dir/5d64f9d4ca8bf32a7e3e5214f2144dff/Pico/pico-sdk/src/rp2_common/pico_runtime/runtime.c.obj
 *fill*         0x10004fe1        0x3 
 .rodata._ftoa.str1.4
                0x10004fe4       0x15 CMakeFiles/DisplayFases.dir/5d64f9d4ca8bf32a7e3e5214f2144dff/Pico/pico-sdk/src/rp2_common/pico_printf/printf.c.obj
 *fill*         0x10004ff9        0x3 
 .rodata._vsnprintf
                0x10004ffc      0x1e0 CMakeFiles/DisplayFases.dir/5d64f9d4ca8bf32a7e3e5214f2144dff/Pico/pico-sdk/src/rp2_common/pico_printf/printf.c.obj
 *fill*         0x100051dc        0x4 
 .rodata.pow10.0
                0x100051e0       0x50 CMakeFiles/DisplayFases.dir/5d64f9d4ca8bf32a7e3e5214f2144dff/Pico/pico-sdk/src/rp2_common/pico_printf/printf.c.obj
 .rodata.missing_double_func_shim.str1.4
                0x10005230       0x18 CMakeFiles/DisplayFases.dir/5d64f9d4ca8bf32a7e3e5214f2144dff/Pico/pico-sdk/src/rp2_common/pico_double/double_init_rom.c.obj
 .rodata.__aeabi_double_init.str1.4
                0x10005248       0xcd CMakeFiles/DisplayFases.dir/5d64f9d4ca8bf32a7e3e5214f2144dff/Pico/pico-sdk/src/rp2_common/pico_double/double_init_rom.c.obj
 *fill*         0x10005315        0x3 
 .rodata.__func__.0
                0x10005318       0x14 CMakeFiles/DisplayFases.dir/5d64f9d4ca8bf32a7e3e5214f2144dff/Pico/pico-sdk/src/rp2_common/pico_double/double_init_rom.c.obj
 .rodata.missing_float_func_shim.str1.4
                0x1000532c        0x1 CMakeFiles/DisplayFases.dir/5d64f9d4ca8bf32a7e3e5214f2144dff/Pico/pico-sdk/src/rp2_common/pico_float/float_init_rom.c.obj
 .rodata.__aeabi_float_init.str1.4
                0x1000532c       0xab CMakeFiles/DisplayFases.dir/5d64f9d4ca8bf32a7e3e5214f2144dff/Pico/pico-sdk/src/rp2_common/pico_float/float_init_rom.c.obj
 *fill*         0x100053d7        0x1 
 .rodata.__func__.0
                0x100053d8       0x13 CMakeFiles/DisplayFases.dir/5d64f9d4ca8bf32a7e3e5214f2144dff/Pico/pico-sdk/src/rp2_common/pico_float/float_init_rom.c.obj
 *fill*         0x100053eb        0x1 
 .rodata.str1.4
                0x100053ec       0x44 CMakeFiles/DisplayFases.dir/5d64f9d4ca8bf32a7e3e5214f2144dff/Pico/pico-sdk/src/rp2_common/pico_standard_link/binary_info.c.obj
 .rodata.__bi_44
                0x10005430        0xc CMakeFiles/DisplayFases.dir/5d64f9d4ca8bf32a7e3e5214f2144dff/Pico/pico-sdk/src/rp2_common/pico_standard_link/binary_info.c.obj
 .rodata.__bi_75
                0x1000543c        0xc CMakeFiles/DisplayFases.dir/5d64f9d4ca8bf32a7e3e5214f2144dff/Pico/pico-sdk/src/rp2_common/pico_standard_link/binary_info.c.obj
 .rodata.__bi_81
                0x10005448        0xc CMakeFiles/DisplayFases.dir/5d64f9d4ca8bf32a7e3e5214f2144dff/Pico/pico-sdk/src/rp2_common/pico_standard_link/binary_info.c.obj
 .rodata.stdout_serialize_begin.str1.4
                0x10005454       0x92 CMakeFiles/DisplayFases.dir/4145340374906f2701120b7e08072c6c/Microcontroladores/Pico/pico-sdk/src/rp2_common/pico_stdio/stdio.c.obj
 .rodata.__func__.3
                0x10005454       0x15 CMakeFiles/DisplayFases.dir/4145340374906f2701120b7e08072c6c/Microcontroladores/Pico/pico-sdk/src/rp2_common/pico_stdio/stdio.c.obj
 *fill*         0x10005469        0x3 
 .rodata.crlf_str.2
                0x1000546c        0x2 CMakeFiles/DisplayFases.dir/4145340374906f2701120b7e08072c6c/Microcontroladores/Pico/pico-sdk/src/rp2_common/pico_stdio/stdio.c.obj
 *fill*         0x1000546e        0x2 
 .rodata.str1.4
                0x10005470       0x2c CMakeFiles/DisplayFases.dir/5d64f9d4ca8bf32a7e3e5214f2144dff/Pico/pico-sdk/src/rp2_common/pico_stdio_uart/stdio_uart.c.obj
 .rodata.__bi_33.4
                0x1000549c        0xc CMakeFiles/DisplayFases.dir/5d64f9d4ca8bf32a7e3e5214f2144dff/Pico/pico-sdk/src/rp2_common/pico_stdio_uart/stdio_uart.c.obj
 .rodata.__bi_34.5
                0x100054a8        0x8 CMakeFiles/DisplayFases.dir/5d64f9d4ca8bf32a7e3e5214f2144dff/Pico/pico-sdk/src/rp2_common/pico_stdio_uart/stdio_uart.c.obj
                0x100054b0                . = ALIGN (0x4)
 *(SORT_BY_ALIGNMENT(SORT_BY_NAME(.flashdata*)))
                0x100054b0                . = ALIGN (0x4)

.ARM.extab
 *(.ARM.extab* .gnu.linkonce.armextab.*)
                0x100054b0                __exidx_start = .

.ARM.exidx
 *(.ARM.exidx* .gnu.linkonce.armexidx.*)
                0x100054b0                __exidx_end = .
                0x100054b0                . = ALIGN (0x4)
                0x100054b0                __binary_info_start = .

.binary_info    0x100054b0       0x24
 *(.binary_info.keep.*)
 .binary_info.keep.__bi_ptr22
                0x100054b0        0x4 CMakeFiles/DisplayFases.dir/5d64f9d4ca8bf32a7e3e5214f2144dff/Pico/pico-sdk/src/rp2_common/pico_standard_link/binary_info.c.obj
 .binary_info.keep.__bi_ptr30
                0x100054b4        0x4 CMakeFiles/DisplayFases.dir/5d64f9d4ca8bf32a7e3e5214f2144dff/Pico/pico-sdk/src/rp2_common/pico_standard_link/binary_info.c.obj
 .binary_info.keep.__bi_ptr38
                0x100054b8        0x4 CMakeFiles/DisplayFases.dir/5d64f9d4ca8bf32a7e3e5214f2144dff/Pico/pico-sdk/src/rp2_common/pico_standard_link/binary_info.c.obj
 .binary_info.keep.__bi_ptr44
                0x100054bc        0x4 CMakeFiles/DisplayFases.dir/5d64f9d4ca8bf32a7e3e5214f2144dff/Pico/pico-sdk/src/rp2_common/pico_standard_link/binary_info.c.obj
 .binary_info.keep.__bi_ptr50
                0x100054c0        0x4 CMakeFiles/DisplayFases.dir/5d64f9d4ca8bf32a7e3e5214f2144dff/Pico/pico-sdk/src/rp2_common/pico_standard_link/binary_info.c.obj
 .binary_info.keep.__bi_ptr75
                0x100054c4        0x4 CMakeFiles/DisplayFases.dir/5d64f9d4ca8bf32a7e3e5214f2144dff/Pico/pico-sdk/src/rp2_common/pico_standard_link/binary_info.c.obj
 .binary_info.keep.__bi_ptr81
                0x100054c8        0x4 CMakeFiles/DisplayFases.dir/5d64f9d4ca8bf32a7e3e5214f2144dff/Pico/pico-sdk/src/rp2_common/pico_standard_link/binary_info.c.obj
 *(.binary_info.*)
 .binary_info.__bi_ptr33
                0x100054cc        0x4 CMakeFiles/DisplayFases.dir/5d64f9d4ca8bf32a7e3e5214f2144dff/Pico/pico-sdk/src/rp2_common/pico_stdio_uart/stdio_uart.c.obj
 .binary_info.__bi_ptr34
                0x100054d0        0x4 CMakeFiles/DisplayFases.dir/5d64f9d4ca8bf32a7e3e5214f2144dff/Pico/pico-sdk/src/rp2_common/pico_stdio_uart/stdio_uart.c.obj
                0x100054d4                __binary_info_end = .

.rel.dyn        0x100054d4        0x0
 .rel.iplt      0x100054d4        0x0 c:/progra~2/gnuarm~1/102021~1.10/bin/../lib/gcc/arm-none-eabi/10.3.1/thumb/v6-m/nofp/crtbegin.o
                0x100054d4                . = ALIGN (0x4)

.ram_vector_table
                0x20000000       0xc0
 *(.ram_vector_table)
 .ram_vector_table
                0x20000000       0xc0 CMakeFiles/DisplayFases.dir/5d64f9d4ca8bf32a7e3e5214f2144dff/Pico/pico-sdk/src/rp2_common/pico_runtime/runtime.c.obj
                0x20000000                ram_vector_table

.data           0x200000c0      0x294 load address 0x100054d4
                0x200000c0                __data_start__ = .
 *(vtable)
 *(.time_critical*)
 .time_critical.mutex_try_enter
                0x200000c0       0x46 CMakeFiles/DisplayFases.dir/4145340374906f2701120b7e08072c6c/Microcontroladores/Pico/pico-sdk/src/common/pico_sync/mutex.c.obj
                0x200000c0                mutex_try_enter
 *fill*         0x20000106        0x2 
 .time_critical.mutex_enter_block_until
                0x20000108       0x8c CMakeFiles/DisplayFases.dir/4145340374906f2701120b7e08072c6c/Microcontroladores/Pico/pico-sdk/src/common/pico_sync/mutex.c.obj
                0x20000108                mutex_enter_block_until
 .time_critical.mutex_try_enter_block_until
                0x20000194       0x34 CMakeFiles/DisplayFases.dir/4145340374906f2701120b7e08072c6c/Microcontroladores/Pico/pico-sdk/src/common/pico_sync/mutex.c.obj
                0x20000194                mutex_try_enter_block_until
 .time_critical.mutex_exit
                0x200001c8       0x4c CMakeFiles/DisplayFases.dir/4145340374906f2701120b7e08072c6c/Microcontroladores/Pico/pico-sdk/src/common/pico_sync/mutex.c.obj
                0x200001c8                mutex_exit
 *(.text*)
 .text          0x20000214        0x4 c:/progra~2/gnuarm~1/102021~1.10/bin/../lib/gcc/arm-none-eabi/10.3.1/thumb/v6-m/nofp\libgcc.a(_dvmd_tls.o)
                0x20000214                __aeabi_idiv0
                0x20000214                __aeabi_ldiv0
 .text.__stub   0x20000218       0x20 linker stubs
                0x20000238                . = ALIGN (0x4)
 *(.rodata*)
                0x20000238                . = ALIGN (0x4)
 *(.data*)
 .data.secCentrifugar
                0x20000238       0x18 CMakeFiles/DisplayFases.dir/display_fasesM.c.obj
                0x20000238                secCentrifugar
 .data.secEnjuagar
                0x20000250       0x20 CMakeFiles/DisplayFases.dir/display_fasesM.c.obj
                0x20000250                secEnjuagar
 .data.secLavar
                0x20000270       0x10 CMakeFiles/DisplayFases.dir/display_fasesM.c.obj
                0x20000270                secLavar
 .data.ultimoEstado.0
                0x20000280        0x1 CMakeFiles/DisplayFases.dir/display_fasesM.c.obj
 .data.striped_spin_lock_num
                0x20000281        0x1 CMakeFiles/DisplayFases.dir/5d64f9d4ca8bf32a7e3e5214f2144dff/Pico/pico-sdk/src/rp2_common/hardware_sync/sync.c.obj
 *fill*         0x20000282        0x2 
 .data          0x20000284       0x48 CMakeFiles/DisplayFases.dir/5d64f9d4ca8bf32a7e3e5214f2144dff/Pico/pico-sdk/src/rp2_common/hardware_irq/irq_handler_chain.S.obj
                0x20000284                irq_handler_chain_slots
                0x200002b4                irq_handler_chain_first_slot
                0x200002be                irq_handler_chain_remove_tail
 .data.default_alarm_pool
                0x200002cc       0x18 CMakeFiles/DisplayFases.dir/4145340374906f2701120b7e08072c6c/Microcontroladores/Pico/pico-sdk/src/common/pico_time/time.c.obj
 .data.default_alarm_pool_heap
                0x200002e4       0x10 CMakeFiles/DisplayFases.dir/4145340374906f2701120b7e08072c6c/Microcontroladores/Pico/pico-sdk/src/common/pico_time/time.c.obj
 *fill*         0x200002f4        0xc 
 .data.aeabi_bits_funcs
                0x20000300       0x10 CMakeFiles/DisplayFases.dir/5d64f9d4ca8bf32a7e3e5214f2144dff/Pico/pico-sdk/src/rp2_common/pico_bit_ops/bit_ops_aeabi.S.obj
                0x20000300                aeabi_bits_funcs
                0x20000310                aeabi_bits_funcs_end
 .data.aeabi_mem_funcs
                0x20000310       0x10 CMakeFiles/DisplayFases.dir/5d64f9d4ca8bf32a7e3e5214f2144dff/Pico/pico-sdk/src/rp2_common/pico_mem_ops/mem_ops_aeabi.S.obj
                0x20000310                aeabi_mem_funcs
                0x20000320                aeabi_mem_funcs_end
 .data.stdio_uart
                0x20000320       0x18 CMakeFiles/DisplayFases.dir/5d64f9d4ca8bf32a7e3e5214f2144dff/Pico/pico-sdk/src/rp2_common/pico_stdio_uart/stdio_uart.c.obj
                0x20000320                stdio_uart
                0x20000338                . = ALIGN (0x4)
 *(.after_data.*)
                0x20000338                . = ALIGN (0x4)
                0x20000338                PROVIDE (__mutex_array_start = .)
 *(SORT_BY_NAME(.mutex_array.*))
 *(.mutex_array)
 .mutex_array   0x20000338        0x8 CMakeFiles/DisplayFases.dir/4145340374906f2701120b7e08072c6c/Microcontroladores/Pico/pico-sdk/src/rp2_common/pico_stdio/stdio.c.obj
                0x20000340                PROVIDE (__mutex_array_end = .)
                0x20000340                . = ALIGN (0x4)
                0x20000340                PROVIDE (__preinit_array_start = .)
 *(SORT_BY_NAME(.preinit_array.*))
 .preinit_array.00001
                0x20000340        0x4 CMakeFiles/DisplayFases.dir/5d64f9d4ca8bf32a7e3e5214f2144dff/Pico/pico-sdk/src/rp2_common/pico_mem_ops/mem_ops_aeabi.S.obj
 .preinit_array.00010
                0x20000344        0x4 CMakeFiles/DisplayFases.dir/5d64f9d4ca8bf32a7e3e5214f2144dff/Pico/pico-sdk/src/rp2_common/pico_bit_ops/bit_ops_aeabi.S.obj
 .preinit_array.00020
                0x20000348        0x4 CMakeFiles/DisplayFases.dir/5d64f9d4ca8bf32a7e3e5214f2144dff/Pico/pico-sdk/src/rp2_common/pico_double/double_aeabi.S.obj
 .preinit_array.00020
                0x2000034c        0x4 CMakeFiles/DisplayFases.dir/5d64f9d4ca8bf32a7e3e5214f2144dff/Pico/pico-sdk/src/rp2_common/pico_float/float_aeabi.S.obj
 *(.preinit_array)
                0x20000350                PROVIDE (__preinit_array_end = .)
                0x20000350                . = ALIGN (0x4)
                0x20000350                PROVIDE (__init_array_start = .)
 *(SORT_BY_NAME(.init_array.*))
 *(.init_array)
 .init_array    0x20000350        0x4 c:/progra~2/gnuarm~1/102021~1.10/bin/../lib/gcc/arm-none-eabi/10.3.1/thumb/v6-m/nofp/crtbegin.o
                0x20000354                PROVIDE (__init_array_end = .)
                0x20000354                . = ALIGN (0x4)
                [!provide]                PROVIDE (__fini_array_start = .)
 *(SORT_BY_NAME(.fini_array.*))
 *(.fini_array)
                [!provide]                PROVIDE (__fini_array_end = .)
 *(.jcr)
                0x20000354                . = ALIGN (0x4)
                0x20000354                __data_end__ = .
                0x100054d4                __etext = LOADADDR (.data)

.igot.plt       0x20000354        0x0 load address 0x10005768
 .igot.plt      0x20000354        0x0 c:/progra~2/gnuarm~1/102021~1.10/bin/../lib/gcc/arm-none-eabi/10.3.1/thumb/v6-m/nofp/crtbegin.o

.uninitialized_data
                0x20000354        0x0 load address 0x10005768
                0x20000354                . = ALIGN (0x4)
 *(.uninitialized_data*)

.scratch_x      0x20040000        0x0 load address 0x10005768
                0x20040000                __scratch_x_start__ = .
 *(.scratch_x.*)
                0x20040000                . = ALIGN (0x4)
                0x20040000                __scratch_x_end__ = .
                0x10005768                __scratch_x_source__ = LOADADDR (.scratch_x)

.scratch_y      0x20041000        0x0 load address 0x10005768
                0x20041000                __scratch_y_start__ = .
 *(.scratch_y.*)
                0x20041000                . = ALIGN (0x4)
                0x20041000                __scratch_y_end__ = .
                0x10005768                __scratch_y_source__ = LOADADDR (.scratch_y)

.bss            0x20000358      0x3d8
                0x20000358                . = ALIGN (0x4)
                0x20000358                __bss_start__ = .
 *(SORT_BY_ALIGNMENT(SORT_BY_NAME(.bss*)))
 .bss.default_alarm_pool_entries
                0x20000358      0x100 CMakeFiles/DisplayFases.dir/4145340374906f2701120b7e08072c6c/Microcontroladores/Pico/pico-sdk/src/common/pico_time/time.c.obj
 .bss           0x20000458       0x1c c:/progra~2/gnuarm~1/102021~1.10/bin/../lib/gcc/arm-none-eabi/10.3.1/thumb/v6-m/nofp/crtbegin.o
 .bss.alarm_callbacks
                0x20000474       0x10 CMakeFiles/DisplayFases.dir/5d64f9d4ca8bf32a7e3e5214f2144dff/Pico/pico-sdk/src/rp2_common/hardware_timer/timer.c.obj
 .bss.chars_available_callback
                0x20000484        0x4 CMakeFiles/DisplayFases.dir/5d64f9d4ca8bf32a7e3e5214f2144dff/Pico/pico-sdk/src/rp2_common/pico_stdio_uart/stdio_uart.c.obj
 .bss.chars_available_param
                0x20000488        0x4 CMakeFiles/DisplayFases.dir/5d64f9d4ca8bf32a7e3e5214f2144dff/Pico/pico-sdk/src/rp2_common/pico_stdio_uart/stdio_uart.c.obj
 .bss.configured_freq
                0x2000048c       0x28 CMakeFiles/DisplayFases.dir/5d64f9d4ca8bf32a7e3e5214f2144dff/Pico/pico-sdk/src/rp2_common/hardware_clocks/clocks.c.obj
 .bss.default_alarm_pool_entry_ids_high
                0x200004b4       0x10 CMakeFiles/DisplayFases.dir/4145340374906f2701120b7e08072c6c/Microcontroladores/Pico/pico-sdk/src/common/pico_time/time.c.obj
 .bss.default_alarm_pool_heap_nodes
                0x200004c4       0x30 CMakeFiles/DisplayFases.dir/4145340374906f2701120b7e08072c6c/Microcontroladores/Pico/pico-sdk/src/common/pico_time/time.c.obj
 .bss.drivers   0x200004f4        0x4 CMakeFiles/DisplayFases.dir/4145340374906f2701120b7e08072c6c/Microcontroladores/Pico/pico-sdk/src/rp2_common/pico_stdio/stdio.c.obj
 .bss.filter    0x200004f8        0x4 CMakeFiles/DisplayFases.dir/4145340374906f2701120b7e08072c6c/Microcontroladores/Pico/pico-sdk/src/rp2_common/pico_stdio/stdio.c.obj
 .bss.pools     0x200004fc       0x10 CMakeFiles/DisplayFases.dir/4145340374906f2701120b7e08072c6c/Microcontroladores/Pico/pico-sdk/src/common/pico_time/time.c.obj
 .bss.sd_table  0x2000050c      0x100 CMakeFiles/DisplayFases.dir/5d64f9d4ca8bf32a7e3e5214f2144dff/Pico/pico-sdk/src/rp2_common/pico_double/double_init_rom.c.obj
                0x2000050c                sd_table
 .bss.sf_clz_func
                0x2000060c        0x4 CMakeFiles/DisplayFases.dir/5d64f9d4ca8bf32a7e3e5214f2144dff/Pico/pico-sdk/src/rp2_common/pico_double/double_init_rom.c.obj
                0x2000060c                sf_clz_func
 .bss.sf_table  0x20000610      0x100 CMakeFiles/DisplayFases.dir/5d64f9d4ca8bf32a7e3e5214f2144dff/Pico/pico-sdk/src/rp2_common/pico_float/float_init_rom.c.obj
                0x20000610                sf_table
 .bss.sleep_notifier
                0x20000710        0x4 CMakeFiles/DisplayFases.dir/4145340374906f2701120b7e08072c6c/Microcontroladores/Pico/pico-sdk/src/common/pico_time/time.c.obj
 .bss.target_hi
                0x20000714       0x10 CMakeFiles/DisplayFases.dir/5d64f9d4ca8bf32a7e3e5214f2144dff/Pico/pico-sdk/src/rp2_common/hardware_timer/timer.c.obj
 .bss.uart_char_to_line_feed
                0x20000724        0x4 CMakeFiles/DisplayFases.dir/5d64f9d4ca8bf32a7e3e5214f2144dff/Pico/pico-sdk/src/rp2_common/hardware_uart/uart.c.obj
                0x20000724                uart_char_to_line_feed
 .bss.uart_instance
                0x20000728        0x4 CMakeFiles/DisplayFases.dir/5d64f9d4ca8bf32a7e3e5214f2144dff/Pico/pico-sdk/src/rp2_common/pico_stdio_uart/stdio_uart.c.obj
 .bss.claimed   0x2000072c        0x1 CMakeFiles/DisplayFases.dir/5d64f9d4ca8bf32a7e3e5214f2144dff/Pico/pico-sdk/src/rp2_common/hardware_timer/timer.c.obj
 .bss.irq_hander_chain_free_slot_head
                0x2000072d        0x1 CMakeFiles/DisplayFases.dir/4145340374906f2701120b7e08072c6c/Microcontroladores/Pico/pico-sdk/src/rp2_common/hardware_irq/irq.c.obj
 .bss.timer_callbacks_pending
                0x2000072e        0x1 CMakeFiles/DisplayFases.dir/5d64f9d4ca8bf32a7e3e5214f2144dff/Pico/pico-sdk/src/rp2_common/hardware_timer/timer.c.obj
 *(COMMON)
                0x20000730                . = ALIGN (0x4)
 *fill*         0x2000072f        0x1 
                0x20000730                __bss_end__ = .

.heap           0x20000730      0x800
                0x20000730                __end__ = .
                0x20000730                end = __end__
 *(.heap*)
 .heap          0x20000730      0x800 CMakeFiles/DisplayFases.dir/5d64f9d4ca8bf32a7e3e5214f2144dff/Pico/pico-sdk/src/rp2_common/pico_standard_link/crt0.S.obj
                0x20000f30                __HeapLimit = .

.stack1_dummy   0x20040000        0x0
 *(.stack1*)

.stack_dummy    0x20041000      0x800
 *(.stack*)
 .stack         0x20041000      0x800 CMakeFiles/DisplayFases.dir/5d64f9d4ca8bf32a7e3e5214f2144dff/Pico/pico-sdk/src/rp2_common/pico_standard_link/crt0.S.obj

.flash_end      0x10005768        0x0
                0x10005768                PROVIDE (__flash_binary_end = .)
                0x20040000                __StackLimit = (ORIGIN (RAM) + LENGTH (RAM))
                0x20041000                __StackOneTop = (ORIGIN (SCRATCH_X) + LENGTH (SCRATCH_X))
                0x20042000                __StackTop = (ORIGIN (SCRATCH_Y) + LENGTH (SCRATCH_Y))
                0x20041000                __StackOneBottom = (__StackOneTop - SIZEOF (.stack1_dummy))
                0x20041800                __StackBottom = (__StackTop - SIZEOF (.stack_dummy))
                0x20042000                PROVIDE (__stack = __StackTop)
                0x00000001                ASSERT ((__StackLimit >= __HeapLimit), region RAM overflowed)
                0x00000001                ASSERT (((__binary_info_header_end - __logical_binary_start) <= 0x100), Binary info must be in first 256 bytes of the binary)
LOAD CMakeFiles/DisplayFases.dir/display_fasesM.c.obj
LOAD CMakeFiles/DisplayFases.dir/5d64f9d4ca8bf32a7e3e5214f2144dff/Pico/pico-sdk/src/rp2_common/pico_stdlib/stdlib.c.obj
LOAD CMakeFiles/DisplayFases.dir/5d64f9d4ca8bf32a7e3e5214f2144dff/Pico/pico-sdk/src/rp2_common/hardware_gpio/gpio.c.obj
LOAD CMakeFiles/DisplayFases.dir/5d64f9d4ca8bf32a7e3e5214f2144dff/Pico/pico-sdk/src/rp2_common/pico_platform/platform.c.obj
LOAD CMakeFiles/DisplayFases.dir/5d64f9d4ca8bf32a7e3e5214f2144dff/Pico/pico-sdk/src/rp2_common/hardware_claim/claim.c.obj
LOAD CMakeFiles/DisplayFases.dir/5d64f9d4ca8bf32a7e3e5214f2144dff/Pico/pico-sdk/src/rp2_common/hardware_sync/sync.c.obj
LOAD CMakeFiles/DisplayFases.dir/4145340374906f2701120b7e08072c6c/Microcontroladores/Pico/pico-sdk/src/rp2_common/hardware_irq/irq.c.obj
LOAD CMakeFiles/DisplayFases.dir/5d64f9d4ca8bf32a7e3e5214f2144dff/Pico/pico-sdk/src/rp2_common/hardware_irq/irq_handler_chain.S.obj
LOAD CMakeFiles/DisplayFases.dir/4145340374906f2701120b7e08072c6c/Microcontroladores/Pico/pico-sdk/src/common/pico_sync/sem.c.obj
LOAD CMakeFiles/DisplayFases.dir/4145340374906f2701120b7e08072c6c/Microcontroladores/Pico/pico-sdk/src/common/pico_sync/lock_core.c.obj
LOAD CMakeFiles/DisplayFases.dir/4145340374906f2701120b7e08072c6c/Microcontroladores/Pico/pico-sdk/src/common/pico_sync/mutex.c.obj
LOAD CMakeFiles/DisplayFases.dir/5d64f9d4ca8bf32a7e3e5214f2144dff/Pico/pico-sdk/src/common/pico_sync/critical_section.c.obj
LOAD CMakeFiles/DisplayFases.dir/4145340374906f2701120b7e08072c6c/Microcontroladores/Pico/pico-sdk/src/common/pico_time/time.c.obj
LOAD CMakeFiles/DisplayFases.dir/5d64f9d4ca8bf32a7e3e5214f2144dff/Pico/pico-sdk/src/common/pico_time/timeout_helper.c.obj
LOAD CMakeFiles/DisplayFases.dir/5d64f9d4ca8bf32a7e3e5214f2144dff/Pico/pico-sdk/src/rp2_common/hardware_timer/timer.c.obj
LOAD CMakeFiles/DisplayFases.dir/4145340374906f2701120b7e08072c6c/Microcontroladores/Pico/pico-sdk/src/common/pico_util/datetime.c.obj
LOAD CMakeFiles/DisplayFases.dir/4145340374906f2701120b7e08072c6c/Microcontroladores/Pico/pico-sdk/src/common/pico_util/pheap.c.obj
LOAD CMakeFiles/DisplayFases.dir/4145340374906f2701120b7e08072c6c/Microcontroladores/Pico/pico-sdk/src/common/pico_util/queue.c.obj
LOAD CMakeFiles/DisplayFases.dir/5d64f9d4ca8bf32a7e3e5214f2144dff/Pico/pico-sdk/src/rp2_common/hardware_uart/uart.c.obj
LOAD CMakeFiles/DisplayFases.dir/5d64f9d4ca8bf32a7e3e5214f2144dff/Pico/pico-sdk/src/rp2_common/hardware_clocks/clocks.c.obj
LOAD CMakeFiles/DisplayFases.dir/4145340374906f2701120b7e08072c6c/Microcontroladores/Pico/pico-sdk/src/rp2_common/hardware_pll/pll.c.obj
LOAD CMakeFiles/DisplayFases.dir/5d64f9d4ca8bf32a7e3e5214f2144dff/Pico/pico-sdk/src/rp2_common/hardware_vreg/vreg.c.obj
LOAD CMakeFiles/DisplayFases.dir/5d64f9d4ca8bf32a7e3e5214f2144dff/Pico/pico-sdk/src/rp2_common/hardware_watchdog/watchdog.c.obj
LOAD CMakeFiles/DisplayFases.dir/5d64f9d4ca8bf32a7e3e5214f2144dff/Pico/pico-sdk/src/rp2_common/hardware_xosc/xosc.c.obj
LOAD CMakeFiles/DisplayFases.dir/5d64f9d4ca8bf32a7e3e5214f2144dff/Pico/pico-sdk/src/rp2_common/hardware_divider/divider.S.obj
LOAD CMakeFiles/DisplayFases.dir/5d64f9d4ca8bf32a7e3e5214f2144dff/Pico/pico-sdk/src/rp2_common/pico_runtime/runtime.c.obj
LOAD CMakeFiles/DisplayFases.dir/5d64f9d4ca8bf32a7e3e5214f2144dff/Pico/pico-sdk/src/rp2_common/pico_printf/printf.c.obj
LOAD CMakeFiles/DisplayFases.dir/5d64f9d4ca8bf32a7e3e5214f2144dff/Pico/pico-sdk/src/rp2_common/pico_bit_ops/bit_ops_aeabi.S.obj
LOAD CMakeFiles/DisplayFases.dir/5d64f9d4ca8bf32a7e3e5214f2144dff/Pico/pico-sdk/src/rp2_common/pico_bootrom/bootrom.c.obj
LOAD CMakeFiles/DisplayFases.dir/5d64f9d4ca8bf32a7e3e5214f2144dff/Pico/pico-sdk/src/rp2_common/pico_divider/divider.S.obj
LOAD CMakeFiles/DisplayFases.dir/5d64f9d4ca8bf32a7e3e5214f2144dff/Pico/pico-sdk/src/rp2_common/pico_double/double_aeabi.S.obj
LOAD CMakeFiles/DisplayFases.dir/5d64f9d4ca8bf32a7e3e5214f2144dff/Pico/pico-sdk/src/rp2_common/pico_double/double_init_rom.c.obj
LOAD CMakeFiles/DisplayFases.dir/5d64f9d4ca8bf32a7e3e5214f2144dff/Pico/pico-sdk/src/rp2_common/pico_double/double_math.c.obj
LOAD CMakeFiles/DisplayFases.dir/5d64f9d4ca8bf32a7e3e5214f2144dff/Pico/pico-sdk/src/rp2_common/pico_double/double_v1_rom_shim.S.obj
LOAD CMakeFiles/DisplayFases.dir/5d64f9d4ca8bf32a7e3e5214f2144dff/Pico/pico-sdk/src/rp2_common/pico_int64_ops/pico_int64_ops_aeabi.S.obj
LOAD CMakeFiles/DisplayFases.dir/5d64f9d4ca8bf32a7e3e5214f2144dff/Pico/pico-sdk/src/rp2_common/pico_float/float_aeabi.S.obj
LOAD CMakeFiles/DisplayFases.dir/5d64f9d4ca8bf32a7e3e5214f2144dff/Pico/pico-sdk/src/rp2_common/pico_float/float_init_rom.c.obj
LOAD CMakeFiles/DisplayFases.dir/5d64f9d4ca8bf32a7e3e5214f2144dff/Pico/pico-sdk/src/rp2_common/pico_float/float_math.c.obj
LOAD CMakeFiles/DisplayFases.dir/5d64f9d4ca8bf32a7e3e5214f2144dff/Pico/pico-sdk/src/rp2_common/pico_float/float_v1_rom_shim.S.obj
LOAD CMakeFiles/DisplayFases.dir/5d64f9d4ca8bf32a7e3e5214f2144dff/Pico/pico-sdk/src/rp2_common/pico_malloc/pico_malloc.c.obj
LOAD CMakeFiles/DisplayFases.dir/5d64f9d4ca8bf32a7e3e5214f2144dff/Pico/pico-sdk/src/rp2_common/pico_mem_ops/mem_ops_aeabi.S.obj
LOAD CMakeFiles/DisplayFases.dir/5d64f9d4ca8bf32a7e3e5214f2144dff/Pico/pico-sdk/src/rp2_common/pico_standard_link/crt0.S.obj
LOAD CMakeFiles/DisplayFases.dir/5d64f9d4ca8bf32a7e3e5214f2144dff/Pico/pico-sdk/src/rp2_common/pico_standard_link/new_delete.cpp.obj
LOAD CMakeFiles/DisplayFases.dir/5d64f9d4ca8bf32a7e3e5214f2144dff/Pico/pico-sdk/src/rp2_common/pico_standard_link/binary_info.c.obj
LOAD CMakeFiles/DisplayFases.dir/4145340374906f2701120b7e08072c6c/Microcontroladores/Pico/pico-sdk/src/rp2_common/pico_stdio/stdio.c.obj
LOAD CMakeFiles/DisplayFases.dir/5d64f9d4ca8bf32a7e3e5214f2144dff/Pico/pico-sdk/src/rp2_common/pico_stdio_uart/stdio_uart.c.obj
LOAD C:\Users\royza\AppData\Local\Temp\cc9uF2jq.o
LOAD c:/progra~2/gnuarm~1/102021~1.10/bin/../lib/gcc/arm-none-eabi/10.3.1/../../../../arm-none-eabi/lib/thumb/v6-m/nofp\libstdc++.a
LOAD c:/progra~2/gnuarm~1/102021~1.10/bin/../lib/gcc/arm-none-eabi/10.3.1/../../../../arm-none-eabi/lib/thumb/v6-m/nofp\libm.a
START GROUP
LOAD c:/progra~2/gnuarm~1/102021~1.10/bin/../lib/gcc/arm-none-eabi/10.3.1/thumb/v6-m/nofp\libgcc.a
LOAD c:/progra~2/gnuarm~1/102021~1.10/bin/../lib/gcc/arm-none-eabi/10.3.1/../../../../arm-none-eabi/lib/thumb/v6-m/nofp\libg.a
LOAD c:/progra~2/gnuarm~1/102021~1.10/bin/../lib/gcc/arm-none-eabi/10.3.1/../../../../arm-none-eabi/lib/thumb/v6-m/nofp\libc.a
END GROUP
START GROUP
LOAD c:/progra~2/gnuarm~1/102021~1.10/bin/../lib/gcc/arm-none-eabi/10.3.1/thumb/v6-m/nofp\libgcc.a
LOAD c:/progra~2/gnuarm~1/102021~1.10/bin/../lib/gcc/arm-none-eabi/10.3.1/../../../../arm-none-eabi/lib/thumb/v6-m/nofp\libc.a
LOAD c:/progra~2/gnuarm~1/102021~1.10/bin/../lib/gcc/arm-none-eabi/10.3.1/../../../../arm-none-eabi/lib/thumb/v6-m/nofp\libnosys.a
END GROUP
LOAD c:/progra~2/gnuarm~1/102021~1.10/bin/../lib/gcc/arm-none-eabi/10.3.1/thumb/v6-m/nofp/crtend.o
LOAD c:/progra~2/gnuarm~1/102021~1.10/bin/../lib/gcc/arm-none-eabi/10.3.1/thumb/v6-m/nofp/crtn.o
OUTPUT(DisplayFases.elf elf32-littlearm)
LOAD linker stubs

.ARM.attributes
                0x00000000       0x28
 .ARM.attributes
                0x00000000       0x1e c:/progra~2/gnuarm~1/102021~1.10/bin/../lib/gcc/arm-none-eabi/10.3.1/thumb/v6-m/nofp/crti.o
 .ARM.attributes
                0x0000001e       0x2c c:/progra~2/gnuarm~1/102021~1.10/bin/../lib/gcc/arm-none-eabi/10.3.1/thumb/v6-m/nofp/crtbegin.o
 .ARM.attributes
                0x0000004a       0x2c CMakeFiles/DisplayFases.dir/display_fasesM.c.obj
 .ARM.attributes
                0x00000076       0x2c CMakeFiles/DisplayFases.dir/5d64f9d4ca8bf32a7e3e5214f2144dff/Pico/pico-sdk/src/rp2_common/hardware_gpio/gpio.c.obj
 .ARM.attributes
                0x000000a2       0x2c CMakeFiles/DisplayFases.dir/5d64f9d4ca8bf32a7e3e5214f2144dff/Pico/pico-sdk/src/rp2_common/pico_platform/platform.c.obj
 .ARM.attributes
                0x000000ce       0x2c CMakeFiles/DisplayFases.dir/5d64f9d4ca8bf32a7e3e5214f2144dff/Pico/pico-sdk/src/rp2_common/hardware_claim/claim.c.obj
 .ARM.attributes
                0x000000fa       0x2c CMakeFiles/DisplayFases.dir/5d64f9d4ca8bf32a7e3e5214f2144dff/Pico/pico-sdk/src/rp2_common/hardware_sync/sync.c.obj
 .ARM.attributes
                0x00000126       0x2c CMakeFiles/DisplayFases.dir/4145340374906f2701120b7e08072c6c/Microcontroladores/Pico/pico-sdk/src/rp2_common/hardware_irq/irq.c.obj
 .ARM.attributes
                0x00000152       0x22 CMakeFiles/DisplayFases.dir/5d64f9d4ca8bf32a7e3e5214f2144dff/Pico/pico-sdk/src/rp2_common/hardware_irq/irq_handler_chain.S.obj
 .ARM.attributes
                0x00000174       0x2c CMakeFiles/DisplayFases.dir/4145340374906f2701120b7e08072c6c/Microcontroladores/Pico/pico-sdk/src/common/pico_sync/lock_core.c.obj
 .ARM.attributes
                0x000001a0       0x2c CMakeFiles/DisplayFases.dir/4145340374906f2701120b7e08072c6c/Microcontroladores/Pico/pico-sdk/src/common/pico_sync/mutex.c.obj
 .ARM.attributes
                0x000001cc       0x2c CMakeFiles/DisplayFases.dir/4145340374906f2701120b7e08072c6c/Microcontroladores/Pico/pico-sdk/src/common/pico_time/time.c.obj
 .ARM.attributes
                0x000001f8       0x2c CMakeFiles/DisplayFases.dir/5d64f9d4ca8bf32a7e3e5214f2144dff/Pico/pico-sdk/src/rp2_common/hardware_timer/timer.c.obj
 .ARM.attributes
                0x00000224       0x2c CMakeFiles/DisplayFases.dir/4145340374906f2701120b7e08072c6c/Microcontroladores/Pico/pico-sdk/src/common/pico_util/pheap.c.obj
 .ARM.attributes
                0x00000250       0x2c CMakeFiles/DisplayFases.dir/5d64f9d4ca8bf32a7e3e5214f2144dff/Pico/pico-sdk/src/rp2_common/hardware_uart/uart.c.obj
 .ARM.attributes
                0x0000027c       0x2c CMakeFiles/DisplayFases.dir/5d64f9d4ca8bf32a7e3e5214f2144dff/Pico/pico-sdk/src/rp2_common/hardware_clocks/clocks.c.obj
 .ARM.attributes
                0x000002a8       0x2c CMakeFiles/DisplayFases.dir/4145340374906f2701120b7e08072c6c/Microcontroladores/Pico/pico-sdk/src/rp2_common/hardware_pll/pll.c.obj
 .ARM.attributes
                0x000002d4       0x2c CMakeFiles/DisplayFases.dir/5d64f9d4ca8bf32a7e3e5214f2144dff/Pico/pico-sdk/src/rp2_common/hardware_watchdog/watchdog.c.obj
 .ARM.attributes
                0x00000300       0x2c CMakeFiles/DisplayFases.dir/5d64f9d4ca8bf32a7e3e5214f2144dff/Pico/pico-sdk/src/rp2_common/hardware_xosc/xosc.c.obj
 .ARM.attributes
                0x0000032c       0x2c CMakeFiles/DisplayFases.dir/5d64f9d4ca8bf32a7e3e5214f2144dff/Pico/pico-sdk/src/rp2_common/pico_runtime/runtime.c.obj
 .ARM.attributes
                0x00000358       0x2c CMakeFiles/DisplayFases.dir/5d64f9d4ca8bf32a7e3e5214f2144dff/Pico/pico-sdk/src/rp2_common/pico_printf/printf.c.obj
 .ARM.attributes
                0x00000384       0x22 CMakeFiles/DisplayFases.dir/5d64f9d4ca8bf32a7e3e5214f2144dff/Pico/pico-sdk/src/rp2_common/pico_bit_ops/bit_ops_aeabi.S.obj
 .ARM.attributes
                0x000003a6       0x2c CMakeFiles/DisplayFases.dir/5d64f9d4ca8bf32a7e3e5214f2144dff/Pico/pico-sdk/src/rp2_common/pico_bootrom/bootrom.c.obj
 .ARM.attributes
                0x000003d2       0x22 CMakeFiles/DisplayFases.dir/5d64f9d4ca8bf32a7e3e5214f2144dff/Pico/pico-sdk/src/rp2_common/pico_divider/divider.S.obj
 .ARM.attributes
                0x000003f4       0x22 CMakeFiles/DisplayFases.dir/5d64f9d4ca8bf32a7e3e5214f2144dff/Pico/pico-sdk/src/rp2_common/pico_double/double_aeabi.S.obj
 .ARM.attributes
                0x00000416       0x2c CMakeFiles/DisplayFases.dir/5d64f9d4ca8bf32a7e3e5214f2144dff/Pico/pico-sdk/src/rp2_common/pico_double/double_init_rom.c.obj
 .ARM.attributes
                0x00000442       0x22 CMakeFiles/DisplayFases.dir/5d64f9d4ca8bf32a7e3e5214f2144dff/Pico/pico-sdk/src/rp2_common/pico_double/double_v1_rom_shim.S.obj
 .ARM.attributes
                0x00000464       0x22 CMakeFiles/DisplayFases.dir/5d64f9d4ca8bf32a7e3e5214f2144dff/Pico/pico-sdk/src/rp2_common/pico_int64_ops/pico_int64_ops_aeabi.S.obj
 .ARM.attributes
                0x00000486       0x22 CMakeFiles/DisplayFases.dir/5d64f9d4ca8bf32a7e3e5214f2144dff/Pico/pico-sdk/src/rp2_common/pico_float/float_aeabi.S.obj
 .ARM.attributes
                0x000004a8       0x2c CMakeFiles/DisplayFases.dir/5d64f9d4ca8bf32a7e3e5214f2144dff/Pico/pico-sdk/src/rp2_common/pico_float/float_init_rom.c.obj
 .ARM.attributes
                0x000004d4       0x22 CMakeFiles/DisplayFases.dir/5d64f9d4ca8bf32a7e3e5214f2144dff/Pico/pico-sdk/src/rp2_common/pico_mem_ops/mem_ops_aeabi.S.obj
 .ARM.attributes
                0x000004f6       0x22 CMakeFiles/DisplayFases.dir/5d64f9d4ca8bf32a7e3e5214f2144dff/Pico/pico-sdk/src/rp2_common/pico_standard_link/crt0.S.obj
 .ARM.attributes
                0x00000518       0x2c CMakeFiles/DisplayFases.dir/5d64f9d4ca8bf32a7e3e5214f2144dff/Pico/pico-sdk/src/rp2_common/pico_standard_link/binary_info.c.obj
 .ARM.attributes
                0x00000544       0x2c CMakeFiles/DisplayFases.dir/4145340374906f2701120b7e08072c6c/Microcontroladores/Pico/pico-sdk/src/rp2_common/pico_stdio/stdio.c.obj
 .ARM.attributes
                0x00000570       0x2c CMakeFiles/DisplayFases.dir/5d64f9d4ca8bf32a7e3e5214f2144dff/Pico/pico-sdk/src/rp2_common/pico_stdio_uart/stdio_uart.c.obj
 .ARM.attributes
                0x0000059c       0x22 C:\Users\royza\AppData\Local\Temp\cc9uF2jq.o
 .ARM.attributes
                0x000005be       0x1e c:/progra~2/gnuarm~1/102021~1.10/bin/../lib/gcc/arm-none-eabi/10.3.1/thumb/v6-m/nofp\libgcc.a(_dvmd_tls.o)
 .ARM.attributes
                0x000005dc       0x2c c:/progra~2/gnuarm~1/102021~1.10/bin/../lib/gcc/arm-none-eabi/10.3.1/../../../../arm-none-eabi/lib/thumb/v6-m/nofp\libg.a(lib_a-strlen-stub.o)

.comment        0x00000000       0x49
 .comment       0x00000000       0x49 CMakeFiles/DisplayFases.dir/display_fasesM.c.obj
                                 0x4a (size before relaxing)
 .comment       0x00000049       0x4a CMakeFiles/DisplayFases.dir/5d64f9d4ca8bf32a7e3e5214f2144dff/Pico/pico-sdk/src/rp2_common/hardware_gpio/gpio.c.obj
 .comment       0x00000049       0x4a CMakeFiles/DisplayFases.dir/5d64f9d4ca8bf32a7e3e5214f2144dff/Pico/pico-sdk/src/rp2_common/pico_platform/platform.c.obj
 .comment       0x00000049       0x4a CMakeFiles/DisplayFases.dir/5d64f9d4ca8bf32a7e3e5214f2144dff/Pico/pico-sdk/src/rp2_common/hardware_claim/claim.c.obj
 .comment       0x00000049       0x4a CMakeFiles/DisplayFases.dir/5d64f9d4ca8bf32a7e3e5214f2144dff/Pico/pico-sdk/src/rp2_common/hardware_sync/sync.c.obj
 .comment       0x00000049       0x4a CMakeFiles/DisplayFases.dir/4145340374906f2701120b7e08072c6c/Microcontroladores/Pico/pico-sdk/src/rp2_common/hardware_irq/irq.c.obj
 .comment       0x00000049       0x4a CMakeFiles/DisplayFases.dir/4145340374906f2701120b7e08072c6c/Microcontroladores/Pico/pico-sdk/src/common/pico_sync/lock_core.c.obj
 .comment       0x00000049       0x4a CMakeFiles/DisplayFases.dir/4145340374906f2701120b7e08072c6c/Microcontroladores/Pico/pico-sdk/src/common/pico_sync/mutex.c.obj
 .comment       0x00000049       0x4a CMakeFiles/DisplayFases.dir/4145340374906f2701120b7e08072c6c/Microcontroladores/Pico/pico-sdk/src/common/pico_time/time.c.obj
 .comment       0x00000049       0x4a CMakeFiles/DisplayFases.dir/5d64f9d4ca8bf32a7e3e5214f2144dff/Pico/pico-sdk/src/rp2_common/hardware_timer/timer.c.obj
 .comment       0x00000049       0x4a CMakeFiles/DisplayFases.dir/4145340374906f2701120b7e08072c6c/Microcontroladores/Pico/pico-sdk/src/common/pico_util/pheap.c.obj
 .comment       0x00000049       0x4a CMakeFiles/DisplayFases.dir/5d64f9d4ca8bf32a7e3e5214f2144dff/Pico/pico-sdk/src/rp2_common/hardware_uart/uart.c.obj
 .comment       0x00000049       0x4a CMakeFiles/DisplayFases.dir/5d64f9d4ca8bf32a7e3e5214f2144dff/Pico/pico-sdk/src/rp2_common/hardware_clocks/clocks.c.obj
 .comment       0x00000049       0x4a CMakeFiles/DisplayFases.dir/4145340374906f2701120b7e08072c6c/Microcontroladores/Pico/pico-sdk/src/rp2_common/hardware_pll/pll.c.obj
 .comment       0x00000049       0x4a CMakeFiles/DisplayFases.dir/5d64f9d4ca8bf32a7e3e5214f2144dff/Pico/pico-sdk/src/rp2_common/hardware_watchdog/watchdog.c.obj
 .comment       0x00000049       0x4a CMakeFiles/DisplayFases.dir/5d64f9d4ca8bf32a7e3e5214f2144dff/Pico/pico-sdk/src/rp2_common/hardware_xosc/xosc.c.obj
 .comment       0x00000049       0x4a CMakeFiles/DisplayFases.dir/5d64f9d4ca8bf32a7e3e5214f2144dff/Pico/pico-sdk/src/rp2_common/pico_runtime/runtime.c.obj
 .comment       0x00000049       0x4a CMakeFiles/DisplayFases.dir/5d64f9d4ca8bf32a7e3e5214f2144dff/Pico/pico-sdk/src/rp2_common/pico_printf/printf.c.obj
 .comment       0x00000049       0x4a CMakeFiles/DisplayFases.dir/5d64f9d4ca8bf32a7e3e5214f2144dff/Pico/pico-sdk/src/rp2_common/pico_bootrom/bootrom.c.obj
 .comment       0x00000049       0x4a CMakeFiles/DisplayFases.dir/5d64f9d4ca8bf32a7e3e5214f2144dff/Pico/pico-sdk/src/rp2_common/pico_double/double_init_rom.c.obj
 .comment       0x00000049       0x4a CMakeFiles/DisplayFases.dir/5d64f9d4ca8bf32a7e3e5214f2144dff/Pico/pico-sdk/src/rp2_common/pico_float/float_init_rom.c.obj
 .comment       0x00000049       0x4a CMakeFiles/DisplayFases.dir/5d64f9d4ca8bf32a7e3e5214f2144dff/Pico/pico-sdk/src/rp2_common/pico_standard_link/binary_info.c.obj
 .comment       0x00000049       0x4a CMakeFiles/DisplayFases.dir/4145340374906f2701120b7e08072c6c/Microcontroladores/Pico/pico-sdk/src/rp2_common/pico_stdio/stdio.c.obj
 .comment       0x00000049       0x4a CMakeFiles/DisplayFases.dir/5d64f9d4ca8bf32a7e3e5214f2144dff/Pico/pico-sdk/src/rp2_common/pico_stdio_uart/stdio_uart.c.obj

.debug_info     0x00000000    0x15fb4
 .debug_info    0x00000000      0xa51 CMakeFiles/DisplayFases.dir/display_fasesM.c.obj
 .debug_info    0x00000a51     0x187e CMakeFiles/DisplayFases.dir/5d64f9d4ca8bf32a7e3e5214f2144dff/Pico/pico-sdk/src/rp2_common/hardware_gpio/gpio.c.obj
 .debug_info    0x000022cf      0x1e3 CMakeFiles/DisplayFases.dir/5d64f9d4ca8bf32a7e3e5214f2144dff/Pico/pico-sdk/src/rp2_common/pico_platform/platform.c.obj
 .debug_info    0x000024b2      0x6be CMakeFiles/DisplayFases.dir/5d64f9d4ca8bf32a7e3e5214f2144dff/Pico/pico-sdk/src/rp2_common/hardware_claim/claim.c.obj
 .debug_info    0x00002b70      0x58e CMakeFiles/DisplayFases.dir/5d64f9d4ca8bf32a7e3e5214f2144dff/Pico/pico-sdk/src/rp2_common/hardware_sync/sync.c.obj
 .debug_info    0x000030fe     0x1c9e CMakeFiles/DisplayFases.dir/4145340374906f2701120b7e08072c6c/Microcontroladores/Pico/pico-sdk/src/rp2_common/hardware_irq/irq.c.obj
 .debug_info    0x00004d9c      0x1a4 CMakeFiles/DisplayFases.dir/4145340374906f2701120b7e08072c6c/Microcontroladores/Pico/pico-sdk/src/common/pico_sync/lock_core.c.obj
 .debug_info    0x00004f40     0x20d5 CMakeFiles/DisplayFases.dir/4145340374906f2701120b7e08072c6c/Microcontroladores/Pico/pico-sdk/src/common/pico_sync/mutex.c.obj
 .debug_info    0x00007015     0x4068 CMakeFiles/DisplayFases.dir/4145340374906f2701120b7e08072c6c/Microcontroladores/Pico/pico-sdk/src/common/pico_time/time.c.obj
 .debug_info    0x0000b07d     0x13f0 CMakeFiles/DisplayFases.dir/5d64f9d4ca8bf32a7e3e5214f2144dff/Pico/pico-sdk/src/rp2_common/hardware_timer/timer.c.obj
 .debug_info    0x0000c46d     0x123b CMakeFiles/DisplayFases.dir/4145340374906f2701120b7e08072c6c/Microcontroladores/Pico/pico-sdk/src/common/pico_util/pheap.c.obj
 .debug_info    0x0000d6a8      0xdd2 CMakeFiles/DisplayFases.dir/5d64f9d4ca8bf32a7e3e5214f2144dff/Pico/pico-sdk/src/rp2_common/hardware_uart/uart.c.obj
 .debug_info    0x0000e47a      0xfcf CMakeFiles/DisplayFases.dir/5d64f9d4ca8bf32a7e3e5214f2144dff/Pico/pico-sdk/src/rp2_common/hardware_clocks/clocks.c.obj
 .debug_info    0x0000f449      0x51b CMakeFiles/DisplayFases.dir/4145340374906f2701120b7e08072c6c/Microcontroladores/Pico/pico-sdk/src/rp2_common/hardware_pll/pll.c.obj
 .debug_info    0x0000f964      0x4ee CMakeFiles/DisplayFases.dir/5d64f9d4ca8bf32a7e3e5214f2144dff/Pico/pico-sdk/src/rp2_common/hardware_watchdog/watchdog.c.obj
 .debug_info    0x0000fe52      0x1d8 CMakeFiles/DisplayFases.dir/5d64f9d4ca8bf32a7e3e5214f2144dff/Pico/pico-sdk/src/rp2_common/hardware_xosc/xosc.c.obj
 .debug_info    0x0001002a     0x1053 CMakeFiles/DisplayFases.dir/5d64f9d4ca8bf32a7e3e5214f2144dff/Pico/pico-sdk/src/rp2_common/pico_runtime/runtime.c.obj
 .debug_info    0x0001107d     0x1a5f CMakeFiles/DisplayFases.dir/5d64f9d4ca8bf32a7e3e5214f2144dff/Pico/pico-sdk/src/rp2_common/pico_printf/printf.c.obj
 .debug_info    0x00012adc       0x22 CMakeFiles/DisplayFases.dir/5d64f9d4ca8bf32a7e3e5214f2144dff/Pico/pico-sdk/src/rp2_common/pico_bit_ops/bit_ops_aeabi.S.obj
 .debug_info    0x00012afe      0x27c CMakeFiles/DisplayFases.dir/5d64f9d4ca8bf32a7e3e5214f2144dff/Pico/pico-sdk/src/rp2_common/pico_bootrom/bootrom.c.obj
 .debug_info    0x00012d7a       0x22 CMakeFiles/DisplayFases.dir/5d64f9d4ca8bf32a7e3e5214f2144dff/Pico/pico-sdk/src/rp2_common/pico_divider/divider.S.obj
 .debug_info    0x00012d9c       0x22 CMakeFiles/DisplayFases.dir/5d64f9d4ca8bf32a7e3e5214f2144dff/Pico/pico-sdk/src/rp2_common/pico_double/double_aeabi.S.obj
 .debug_info    0x00012dbe      0x2fb CMakeFiles/DisplayFases.dir/5d64f9d4ca8bf32a7e3e5214f2144dff/Pico/pico-sdk/src/rp2_common/pico_double/double_init_rom.c.obj
 .debug_info    0x000130b9       0x26 CMakeFiles/DisplayFases.dir/5d64f9d4ca8bf32a7e3e5214f2144dff/Pico/pico-sdk/src/rp2_common/pico_double/double_v1_rom_shim.S.obj
 .debug_info    0x000130df       0x26 CMakeFiles/DisplayFases.dir/5d64f9d4ca8bf32a7e3e5214f2144dff/Pico/pico-sdk/src/rp2_common/pico_int64_ops/pico_int64_ops_aeabi.S.obj
 .debug_info    0x00013105       0x22 CMakeFiles/DisplayFases.dir/5d64f9d4ca8bf32a7e3e5214f2144dff/Pico/pico-sdk/src/rp2_common/pico_float/float_aeabi.S.obj
 .debug_info    0x00013127      0x2d8 CMakeFiles/DisplayFases.dir/5d64f9d4ca8bf32a7e3e5214f2144dff/Pico/pico-sdk/src/rp2_common/pico_float/float_init_rom.c.obj
 .debug_info    0x000133ff       0x22 CMakeFiles/DisplayFases.dir/5d64f9d4ca8bf32a7e3e5214f2144dff/Pico/pico-sdk/src/rp2_common/pico_mem_ops/mem_ops_aeabi.S.obj
 .debug_info    0x00013421       0x22 CMakeFiles/DisplayFases.dir/5d64f9d4ca8bf32a7e3e5214f2144dff/Pico/pico-sdk/src/rp2_common/pico_standard_link/crt0.S.obj
 .debug_info    0x00013443      0x2fb CMakeFiles/DisplayFases.dir/5d64f9d4ca8bf32a7e3e5214f2144dff/Pico/pico-sdk/src/rp2_common/pico_standard_link/binary_info.c.obj
 .debug_info    0x0001373e     0x1827 CMakeFiles/DisplayFases.dir/4145340374906f2701120b7e08072c6c/Microcontroladores/Pico/pico-sdk/src/rp2_common/pico_stdio/stdio.c.obj
 .debug_info    0x00014f65     0x104f CMakeFiles/DisplayFases.dir/5d64f9d4ca8bf32a7e3e5214f2144dff/Pico/pico-sdk/src/rp2_common/pico_stdio_uart/stdio_uart.c.obj

.debug_abbrev   0x00000000     0x4378
 .debug_abbrev  0x00000000      0x2c3 CMakeFiles/DisplayFases.dir/display_fasesM.c.obj
 .debug_abbrev  0x000002c3      0x379 CMakeFiles/DisplayFases.dir/5d64f9d4ca8bf32a7e3e5214f2144dff/Pico/pico-sdk/src/rp2_common/hardware_gpio/gpio.c.obj
 .debug_abbrev  0x0000063c       0xeb CMakeFiles/DisplayFases.dir/5d64f9d4ca8bf32a7e3e5214f2144dff/Pico/pico-sdk/src/rp2_common/pico_platform/platform.c.obj
 .debug_abbrev  0x00000727      0x2e9 CMakeFiles/DisplayFases.dir/5d64f9d4ca8bf32a7e3e5214f2144dff/Pico/pico-sdk/src/rp2_common/hardware_claim/claim.c.obj
 .debug_abbrev  0x00000a10      0x21b CMakeFiles/DisplayFases.dir/5d64f9d4ca8bf32a7e3e5214f2144dff/Pico/pico-sdk/src/rp2_common/hardware_sync/sync.c.obj
 .debug_abbrev  0x00000c2b      0x4e7 CMakeFiles/DisplayFases.dir/4145340374906f2701120b7e08072c6c/Microcontroladores/Pico/pico-sdk/src/rp2_common/hardware_irq/irq.c.obj
 .debug_abbrev  0x00001112      0x116 CMakeFiles/DisplayFases.dir/4145340374906f2701120b7e08072c6c/Microcontroladores/Pico/pico-sdk/src/common/pico_sync/lock_core.c.obj
 .debug_abbrev  0x00001228      0x397 CMakeFiles/DisplayFases.dir/4145340374906f2701120b7e08072c6c/Microcontroladores/Pico/pico-sdk/src/common/pico_sync/mutex.c.obj