Archive member included to satisfy reference by file (symbol)

c:/progra~1/raspbe~1/picosd~1.1/gcc-ar~1/bin/../lib/gcc/arm-none-eabi/10.3.1/thumb/v6-m/nofp\libgcc.a(_dvmd_tls.o)
                              boton_encendido/CMakeFiles/boton_encendido.dir/C_/Program_Files/Raspberry_Pi/Pico_SDK_v1.5.1/pico-sdk/src/rp2_common/pico_divider/divider.S.obj (__aeabi_idiv0)
c:/progra~1/raspbe~1/picosd~1.1/gcc-ar~1/bin/../lib/gcc/arm-none-eabi/10.3.1/../../../../arm-none-eabi/lib/thumb/v6-m/nofp\libg.a(lib_a-calloc.o)
                              boton_encendido/CMakeFiles/boton_encendido.dir/C_/Program_Files/Raspberry_Pi/Pico_SDK_v1.5.1/pico-sdk/src/rp2_common/pico_malloc/pico_malloc.c.obj (calloc)
c:/progra~1/raspbe~1/picosd~1.1/gcc-ar~1/bin/../lib/gcc/arm-none-eabi/10.3.1/../../../../arm-none-eabi/lib/thumb/v6-m/nofp\libg.a(lib_a-callocr.o)
                              c:/progra~1/raspbe~1/picosd~1.1/gcc-ar~1/bin/../lib/gcc/arm-none-eabi/10.3.1/../../../../arm-none-eabi/lib/thumb/v6-m/nofp\libg.a(lib_a-calloc.o) (_calloc_r)
c:/progra~1/raspbe~1/picosd~1.1/gcc-ar~1/bin/../lib/gcc/arm-none-eabi/10.3.1/../../../../arm-none-eabi/lib/thumb/v6-m/nofp\libg.a(lib_a-errno.o)
                              c:/progra~1/raspbe~1/picosd~1.1/gcc-ar~1/bin/../lib/gcc/arm-none-eabi/10.3.1/../../../../arm-none-eabi/lib/thumb/v6-m/nofp\libg.a(lib_a-callocr.o) (__errno)
c:/progra~1/raspbe~1/picosd~1.1/gcc-ar~1/bin/../lib/gcc/arm-none-eabi/10.3.1/../../../../arm-none-eabi/lib/thumb/v6-m/nofp\libg.a(lib_a-impure.o)
                              c:/progra~1/raspbe~1/picosd~1.1/gcc-ar~1/bin/../lib/gcc/arm-none-eabi/10.3.1/../../../../arm-none-eabi/lib/thumb/v6-m/nofp\libg.a(lib_a-calloc.o) (_impure_ptr)
c:/progra~1/raspbe~1/picosd~1.1/gcc-ar~1/bin/../lib/gcc/arm-none-eabi/10.3.1/../../../../arm-none-eabi/lib/thumb/v6-m/nofp\libg.a(lib_a-init.o)
                              c:/progra~1/raspbe~1/picosd~1.1/gcc-ar~1/bin/../lib/gcc/arm-none-eabi/10.3.1/../../../../arm-none-eabi/lib/thumb/v6-m/nofp/crt0.o (__libc_init_array)
c:/progra~1/raspbe~1/picosd~1.1/gcc-ar~1/bin/../lib/gcc/arm-none-eabi/10.3.1/../../../../arm-none-eabi/lib/thumb/v6-m/nofp\libg.a(lib_a-malloc.o)
                              boton_encendido/CMakeFiles/boton_encendido.dir/C_/Program_Files/Raspberry_Pi/Pico_SDK_v1.5.1/pico-sdk/src/rp2_common/pico_malloc/pico_malloc.c.obj (malloc)
c:/progra~1/raspbe~1/picosd~1.1/gcc-ar~1/bin/../lib/gcc/arm-none-eabi/10.3.1/../../../../arm-none-eabi/lib/thumb/v6-m/nofp\libg.a(lib_a-mallocr.o)
                              c:/progra~1/raspbe~1/picosd~1.1/gcc-ar~1/bin/../lib/gcc/arm-none-eabi/10.3.1/../../../../arm-none-eabi/lib/thumb/v6-m/nofp\libg.a(lib_a-callocr.o) (_malloc_r)
c:/progra~1/raspbe~1/picosd~1.1/gcc-ar~1/bin/../lib/gcc/arm-none-eabi/10.3.1/../../../../arm-none-eabi/lib/thumb/v6-m/nofp\libg.a(lib_a-mlock.o)
                              c:/progra~1/raspbe~1/picosd~1.1/gcc-ar~1/bin/../lib/gcc/arm-none-eabi/10.3.1/../../../../arm-none-eabi/lib/thumb/v6-m/nofp\libg.a(lib_a-mallocr.o) (__malloc_lock)
c:/progra~1/raspbe~1/picosd~1.1/gcc-ar~1/bin/../lib/gcc/arm-none-eabi/10.3.1/../../../../arm-none-eabi/lib/thumb/v6-m/nofp\libg.a(lib_a-realloc.o)
                              boton_encendido/CMakeFiles/boton_encendido.dir/C_/Program_Files/Raspberry_Pi/Pico_SDK_v1.5.1/pico-sdk/src/rp2_common/pico_malloc/pico_malloc.c.obj (realloc)
c:/progra~1/raspbe~1/picosd~1.1/gcc-ar~1/bin/../lib/gcc/arm-none-eabi/10.3.1/../../../../arm-none-eabi/lib/thumb/v6-m/nofp\libg.a(lib_a-reallocr.o)
                              c:/progra~1/raspbe~1/picosd~1.1/gcc-ar~1/bin/../lib/gcc/arm-none-eabi/10.3.1/../../../../arm-none-eabi/lib/thumb/v6-m/nofp\libg.a(lib_a-realloc.o) (_realloc_r)
c:/progra~1/raspbe~1/picosd~1.1/gcc-ar~1/bin/../lib/gcc/arm-none-eabi/10.3.1/../../../../arm-none-eabi/lib/thumb/v6-m/nofp\libg.a(lib_a-sbrkr.o)
                              c:/progra~1/raspbe~1/picosd~1.1/gcc-ar~1/bin/../lib/gcc/arm-none-eabi/10.3.1/../../../../arm-none-eabi/lib/thumb/v6-m/nofp\libg.a(lib_a-mallocr.o) (_sbrk_r)
c:/progra~1/raspbe~1/picosd~1.1/gcc-ar~1/bin/../lib/gcc/arm-none-eabi/10.3.1/../../../../arm-none-eabi/lib/thumb/v6-m/nofp\libg.a(lib_a-strlen-stub.o)
                              boton_encendido/CMakeFiles/boton_encendido.dir/C_/Program_Files/Raspberry_Pi/Pico_SDK_v1.5.1/pico-sdk/src/rp2_common/pico_stdio/stdio.c.obj (strlen)
c:/progra~1/raspbe~1/picosd~1.1/gcc-ar~1/bin/../lib/gcc/arm-none-eabi/10.3.1/../../../../arm-none-eabi/lib/thumb/v6-m/nofp\libg.a(lib_a-freer.o)
                              c:/progra~1/raspbe~1/picosd~1.1/gcc-ar~1/bin/../lib/gcc/arm-none-eabi/10.3.1/../../../../arm-none-eabi/lib/thumb/v6-m/nofp\libg.a(lib_a-malloc.o) (_free_r)
c:/progra~1/raspbe~1/picosd~1.1/gcc-ar~1/bin/../lib/gcc/arm-none-eabi/10.3.1/../../../../arm-none-eabi/lib/thumb/v6-m/nofp\libg.a(lib_a-lock.o)
[...]
Memory Configuration

Name             Origin             Length             Attributes
FLASH            0x10000000         0x00200000         xr
RAM              0x20000000         0x00040000         xrw
SCRATCH_X        0x20040000         0x00001000         xrw
SCRATCH_Y        0x20041000         0x00001000         xrw
*default*        0x00000000         0xffffffff

Linker script and memory map

LOAD c:/progra~1/raspbe~1/picosd~1.1/gcc-ar~1/bin/../lib/gcc/arm-none-eabi/10.3.1/thumb/v6-m/nofp/crti.o
LOAD c:/progra~1/raspbe~1/picosd~1.1/gcc-ar~1/bin/../lib/gcc/arm-none-eabi/10.3.1/thumb/v6-m/nofp/crtbegin.o
LOAD c:/progra~1/raspbe~1/picosd~1.1/gcc-ar~1/bin/../lib/gcc/arm-none-eabi/10.3.1/../../../../arm-none-eabi/lib/thumb/v6-m/nofp/crt0.o

.flash_begin    0x10000000        0x0
                0x10000000                __flash_binary_start = .

.boot2          0x10000000      0x100
                0x10000000                __boot2_start__ = .
 *(.boot2)
 .boot2         0x10000000      0x100 C:\Users\GAMALI~1\AppData\Local\Temp\cc6qGfkU.o
                0x10000100                __boot2_end__ = .
                0x00000001                ASSERT (((__boot2_end__ - __boot2_start__) == 0x100), ERROR: Pico second stage bootloader must be 256 bytes in size)

.text           0x10000100     0x6748
                0x10000100                __logical_binary_start = .
 *(.vectors)
 .vectors       0x10000100       0xd4 boton_encendido/CMakeFiles/boton_encendido.dir/C_/Program_Files/Raspberry_Pi/Pico_SDK_v1.5.1/pico-sdk/src/rp2_common/pico_standard_link/crt0.S.obj
                0x10000100                __VECTOR_TABLE
                0x10000100                __vectors
                0x100001c0                isr_invalid
                0x100001c0                __default_isrs_start
                0x100001c2                isr_nmi
                0x100001c4                isr_hardfault
                0x100001c6                isr_svcall
                0x100001c8                isr_pendsv
                0x100001ca                isr_systick
                0x100001cc                isr_irq23
                0x100001cc                isr_irq18
                0x100001cc                isr_irq11
                0x100001cc                isr_irq28
                0x100001cc                isr_irq19
                0x100001cc                isr_irq0
                0x100001cc                isr_irq6
                0x100001cc                isr_irq5
                0x100001cc                isr_irq12
                0x100001cc                isr_irq22
                0x100001cc                isr_irq31
                0x100001cc                isr_irq17
                0x100001cc                isr_irq27
                0x100001cc                isr_irq30
                0x100001cc                isr_irq2
                0x100001cc                isr_irq10
                0x100001cc                isr_irq8
                0x100001cc                isr_irq24
                0x100001cc                isr_irq1
                0x100001cc                isr_irq7
                0x100001cc                isr_irq21
                0x100001cc                isr_irq20
                0x100001cc                isr_irq15
                0x100001cc                isr_irq25
                0x100001cc                isr_irq13
                0x100001cc                __unhandled_user_irq
                0x100001cc                isr_irq4
                0x100001cc                isr_irq16
                0x100001cc                isr_irq29
                0x100001cc                isr_irq26
                0x100001cc                __default_isrs_end
                0x100001cc                isr_irq3
                0x100001cc                isr_irq14
                0x100001cc                isr_irq9
                0x100001d2                unhandled_user_irq_num_in_r0
 *(.binary_info_header)
 .binary_info_header
                0x100001d4       0x14 boton_encendido/CMakeFiles/boton_encendido.dir/C_/Program_Files/Raspberry_Pi/Pico_SDK_v1.5.1/pico-sdk/src/rp2_common/pico_standard_link/crt0.S.obj
                0x100001e8                __binary_info_header_end = .
 *(.reset)
 .reset         0x100001e8       0xa0 boton_encendido/CMakeFiles/boton_encendido.dir/C_/Program_Files/Raspberry_Pi/Pico_SDK_v1.5.1/pico-sdk/src/rp2_common/pico_standard_link/crt0.S.obj
                0x100001e8                _entry_point
 .reset         0x10000288       0x30 boton_encendido/CMakeFiles/boton_encendido.dir/C_/Program_Files/Raspberry_Pi/Pico_SDK_v1.5.1/pico-sdk/src/rp2_common/pico_standard_link/binary_info.c.obj
 *(.init)
 .init          0x100002b8        0x4 c:/progra~1/raspbe~1/picosd~1.1/gcc-ar~1/bin/../lib/gcc/arm-none-eabi/10.3.1/thumb/v6-m/nofp/crti.o
                0x100002b8                _init
 *(EXCLUDE_FILE(*libm.a: *libc.a:*lib_a-mem*.o *libgcc.a:) .text*)
 .text          0x100002bc       0x48 c:/progra~1/raspbe~1/picosd~1.1/gcc-ar~1/bin/../lib/gcc/arm-none-eabi/10.3.1/thumb/v6-m/nofp/crtbegin.o
 .text.main     0x10000304       0x94 boton_encendido/CMakeFiles/boton_encendido.dir/boton_encendido.c.obj
                0x10000304                main
 .text.gpio_set_function
                0x10000398       0x30 boton_encendido/CMakeFiles/boton_encendido.dir/C_/Program_Files/Raspberry_Pi/Pico_SDK_v1.5.1/pico-sdk/src/rp2_common/hardware_gpio/gpio.c.obj
                0x10000398                gpio_set_function
 .text.gpio_set_pulls
                0x100003c8       0x34 boton_encendido/CMakeFiles/boton_encendido.dir/C_/Program_Files/Raspberry_Pi/Pico_SDK_v1.5.1/pico-sdk/src/rp2_common/hardware_gpio/gpio.c.obj
                0x100003c8                gpio_set_pulls
 .text.gpio_init
                0x100003fc       0x16 boton_encendido/CMakeFiles/boton_encendido.dir/C_/Program_Files/Raspberry_Pi/Pico_SDK_v1.5.1/pico-sdk/src/rp2_common/hardware_gpio/gpio.c.obj
                0x100003fc                gpio_init
 *fill*         0x10000412        0x2 
 .text.running_on_fpga
                0x10000414       0x14 boton_encendido/CMakeFiles/boton_encendido.dir/C_/Program_Files/Raspberry_Pi/Pico_SDK_v1.5.1/pico-sdk/src/rp2_common/pico_platform/platform.c.obj
                0x10000414                running_on_fpga
 .text.hw_claim_lock
                0x10000428       0x18 boton_encendido/CMakeFiles/boton_encendido.dir/C_/Program_Files/Raspberry_Pi/Pico_SDK_v1.5.1/pico-sdk/src/rp2_common/hardware_claim/claim.c.obj
                0x10000428                hw_claim_lock
 .text.hw_claim_unlock
                0x10000440       0x14 boton_encendido/CMakeFiles/boton_encendido.dir/C_/Program_Files/Raspberry_Pi/Pico_SDK_v1.5.1/pico-sdk/src/rp2_common/hardware_claim/claim.c.obj
                0x10000440                hw_claim_unlock
 .text.hw_claim_or_assert
                0x10000454       0x32 boton_encendido/CMakeFiles/boton_encendido.dir/C_/Program_Files/Raspberry_Pi/Pico_SDK_v1.5.1/pico-sdk/src/rp2_common/hardware_claim/claim.c.obj
                0x10000454                hw_claim_or_assert
 .text.hw_claim_unused_from_range
                0x10000486       0x50 boton_encendido/CMakeFiles/boton_encendido.dir/C_/Program_Files/Raspberry_Pi/Pico_SDK_v1.5.1/pico-sdk/src/rp2_common/hardware_claim/claim.c.obj
                0x10000486                hw_claim_unused_from_range
 *fill*         0x100004d6        0x2 
 .text.spin_locks_reset
                0x100004d8       0x20 boton_encendido/CMakeFiles/boton_encendido.dir/C_/Program_Files/Raspberry_Pi/Pico_SDK_v1.5.1/pico-sdk/src/rp2_common/hardware_sync/sync.c.obj
                0x100004d8                spin_locks_reset
 .text.next_striped_spin_lock_num
                0x100004f8       0x1c boton_encendido/CMakeFiles/boton_encendido.dir/C_/Program_Files/Raspberry_Pi/Pico_SDK_v1.5.1/pico-sdk/src/rp2_common/hardware_sync/sync.c.obj
                0x100004f8                next_striped_spin_lock_num
 .text.spin_lock_claim_unused
                0x10000514       0x20 boton_encendido/CMakeFiles/boton_encendido.dir/C_/Program_Files/Raspberry_Pi/Pico_SDK_v1.5.1/pico-sdk/src/rp2_common/hardware_sync/sync.c.obj
                0x10000514                spin_lock_claim_unused
 .text.set_raw_irq_handler_and_unlock
                0x10000534       0x28 boton_encendido/CMakeFiles/boton_encendido.dir/C_/Program_Files/Raspberry_Pi/Pico_SDK_v1.5.1/pico-sdk/src/rp2_common/hardware_irq/irq.c.obj
 .text.make_branch
                0x1000055c       0x48 boton_encendido/CMakeFiles/boton_encendido.dir/C_/Program_Files/Raspberry_Pi/Pico_SDK_v1.5.1/pico-sdk/src/rp2_common/hardware_irq/irq.c.obj
 .text.insert_branch_and_link
                0x100005a4       0x40 boton_encendido/CMakeFiles/boton_encendido.dir/C_/Program_Files/Raspberry_Pi/Pico_SDK_v1.5.1/pico-sdk/src/rp2_common/hardware_irq/irq.c.obj
 .text.irq_is_enabled
                0x100005e4       0x18 boton_encendido/CMakeFiles/boton_encendido.dir/C_/Program_Files/Raspberry_Pi/Pico_SDK_v1.5.1/pico-sdk/src/rp2_common/hardware_irq/irq.c.obj
                0x100005e4                irq_is_enabled
 .text.irq_set_mask_enabled
                0x100005fc       0x20 boton_encendido/CMakeFiles/boton_encendido.dir/C_/Program_Files/Raspberry_Pi/Pico_SDK_v1.5.1/pico-sdk/src/rp2_common/hardware_irq/irq.c.obj
                0x100005fc                irq_set_mask_enabled
 .text.irq_set_enabled
                0x1000061c        0xe boton_encendido/CMakeFiles/boton_encendido.dir/C_/Program_Files/Raspberry_Pi/Pico_SDK_v1.5.1/pico-sdk/src/rp2_common/hardware_irq/irq.c.obj
                0x1000061c                irq_set_enabled
 *fill*         0x1000062a        0x2 
 .text.irq_set_pending
                0x1000062c       0x10 boton_encendido/CMakeFiles/boton_encendido.dir/C_/Program_Files/Raspberry_Pi/Pico_SDK_v1.5.1/pico-sdk/src/rp2_common/hardware_irq/irq.c.obj
                0x1000062c                irq_set_pending
 .text.irq_get_vtable_handler
                0x1000063c       0x10 boton_encendido/CMakeFiles/boton_encendido.dir/C_/Program_Files/Raspberry_Pi/Pico_SDK_v1.5.1/pico-sdk/src/rp2_common/hardware_irq/irq.c.obj
                0x1000063c                irq_get_vtable_handler
 .text.irq_has_shared_handler
                0x1000064c       0x24 boton_encendido/CMakeFiles/boton_encendido.dir/C_/Program_Files/Raspberry_Pi/Pico_SDK_v1.5.1/pico-sdk/src/rp2_common/hardware_irq/irq.c.obj
                0x1000064c                irq_has_shared_handler
 .text.irq_set_exclusive_handler
                0x10000670       0x54 boton_encendido/CMakeFiles/boton_encendido.dir/C_/Program_Files/Raspberry_Pi/Pico_SDK_v1.5.1/pico-sdk/src/rp2_common/hardware_irq/irq.c.obj
                0x10000670                irq_set_exclusive_handler
 .text.irq_add_shared_handler
                0x100006c4      0x234 boton_encendido/CMakeFiles/boton_encendido.dir/C_/Program_Files/Raspberry_Pi/Pico_SDK_v1.5.1/pico-sdk/src/rp2_common/hardware_irq/irq.c.obj
                0x100006c4                irq_add_shared_handler
 .text.irq_remove_handler
                0x100008f8      0x1ac boton_encendido/CMakeFiles/boton_encendido.dir/C_/Program_Files/Raspberry_Pi/Pico_SDK_v1.5.1/pico-sdk/src/rp2_common/hardware_irq/irq.c.obj
                0x100008f8                irq_remove_handler
 .text.irq_add_tail_to_free_list
                0x10000aa4       0xf0 boton_encendido/CMakeFiles/boton_encendido.dir/C_/Program_Files/Raspberry_Pi/Pico_SDK_v1.5.1/pico-sdk/src/rp2_common/hardware_irq/irq.c.obj
                0x10000aa4                irq_add_tail_to_free_list
 .text.irq_init_priorities
                0x10000b94       0x1c boton_encendido/CMakeFiles/boton_encendido.dir/C_/Program_Files/Raspberry_Pi/Pico_SDK_v1.5.1/pico-sdk/src/rp2_common/hardware_irq/irq.c.obj
                0x10000b94                irq_init_priorities
 .text.user_irq_claim_unused
                0x10000bb0       0x28 boton_encendido/CMakeFiles/boton_encendido.dir/C_/Program_Files/Raspberry_Pi/Pico_SDK_v1.5.1/pico-sdk/src/rp2_common/hardware_irq/irq.c.obj
                0x10000bb0                user_irq_claim_unused
 .text.lock_init
                0x10000bd8       0x10 boton_encendido/CMakeFiles/boton_encendido.dir/C_/Program_Files/Raspberry_Pi/Pico_SDK_v1.5.1/pico-sdk/src/common/pico_sync/lock_core.c.obj
                0x10000bd8                lock_init
 .text.mutex_init
                0x10000be8       0x1a boton_encendido/CMakeFiles/boton_encendido.dir/C_/Program_Files/Raspberry_Pi/Pico_SDK_v1.5.1/pico-sdk/src/common/pico_sync/mutex.c.obj
                0x10000be8                mutex_init
 .text.recursive_mutex_init
                0x10000c02       0x1e boton_encendido/CMakeFiles/boton_encendido.dir/C_/Program_Files/Raspberry_Pi/Pico_SDK_v1.5.1/pico-sdk/src/common/pico_sync/mutex.c.obj
                0x10000c02                recursive_mutex_init
 .text.critical_section_init_with_lock_num
                0x10000c20       0x14 boton_encendido/CMakeFiles/boton_encendido.dir/C_/Program_Files/Raspberry_Pi/Pico_SDK_v1.5.1/pico-sdk/src/common/pico_sync/critical_section.c.obj
                0x10000c20                critical_section_init_with_lock_num
 .text.critical_section_init
                0x10000c34       0x14 boton_encendido/CMakeFiles/boton_encendido.dir/C_/Program_Files/Raspberry_Pi/Pico_SDK_v1.5.1/pico-sdk/src/common/pico_sync/critical_section.c.obj
                0x10000c34                critical_section_init
 .text.alarm_pool_post_alloc_init
                0x10000c48       0x40 boton_encendido/CMakeFiles/boton_encendido.dir/C_/Program_Files/Raspberry_Pi/Pico_SDK_v1.5.1/pico-sdk/src/common/pico_time/time.c.obj
 .text.sleep_until_callback
                0x10000c88       0x30 boton_encendido/CMakeFiles/boton_encendido.dir/C_/Program_Files/Raspberry_Pi/Pico_SDK_v1.5.1/pico-sdk/src/common/pico_time/time.c.obj
 .text.timer_pool_entry_comparator
                0x10000cb8       0x7c boton_encendido/CMakeFiles/boton_encendido.dir/C_/Program_Files/Raspberry_Pi/Pico_SDK_v1.5.1/pico-sdk/src/common/pico_time/time.c.obj
                0x10000cb8                timer_pool_entry_comparator
 .text.ph_add_child_node
                0x10000d34       0xa4 boton_encendido/CMakeFiles/boton_encendido.dir/C_/Program_Files/Raspberry_Pi/Pico_SDK_v1.5.1/pico-sdk/src/common/pico_time/time.c.obj
 .text.ph_merge_nodes
                0x10000dd8       0x3e boton_encendido/CMakeFiles/boton_encendido.dir/C_/Program_Files/Raspberry_Pi/Pico_SDK_v1.5.1/pico-sdk/src/common/pico_time/time.c.obj
 *fill*         0x10000e16        0x2 
 .text.add_alarm_under_lock
                0x10000e18      0x174 boton_encendido/CMakeFiles/boton_encendido.dir/C_/Program_Files/Raspberry_Pi/Pico_SDK_v1.5.1/pico-sdk/src/common/pico_time/time.c.obj
 .text.alarm_pool_alarm_callback
                0x10000f8c      0x33c boton_encendido/CMakeFiles/boton_encendido.dir/C_/Program_Files/Raspberry_Pi/Pico_SDK_v1.5.1/pico-sdk/src/common/pico_time/time.c.obj
 .text.alarm_pool_init_default
                0x100012c8       0x40 boton_encendido/CMakeFiles/boton_encendido.dir/C_/Program_Files/Raspberry_Pi/Pico_SDK_v1.5.1/pico-sdk/src/common/pico_time/time.c.obj
                0x100012c8                alarm_pool_init_default
 .text.alarm_pool_get_default
                0x10001308       0x2c boton_encendido/CMakeFiles/boton_encendido.dir/C_/Program_Files/Raspberry_Pi/Pico_SDK_v1.5.1/pico-sdk/src/common/pico_time/time.c.obj
                0x10001308                alarm_pool_get_default
 .text.alarm_pool_add_alarm_at
                0x10001334      0x168 boton_encendido/CMakeFiles/boton_encendido.dir/C_/Program_Files/Raspberry_Pi/Pico_SDK_v1.5.1/pico-sdk/src/common/pico_time/time.c.obj
                0x10001334                alarm_pool_add_alarm_at
 .text.alarm_pool_cancel_alarm
                0x1000149c       0xf8 boton_encendido/CMakeFiles/boton_encendido.dir/C_/Program_Files/Raspberry_Pi/Pico_SDK_v1.5.1/pico-sdk/src/common/pico_time/time.c.obj
                0x1000149c                alarm_pool_cancel_alarm
 .text.alarm_pool_core_num
                0x10001594        0x4 boton_encendido/CMakeFiles/boton_encendido.dir/C_/Program_Files/Raspberry_Pi/Pico_SDK_v1.5.1/pico-sdk/src/common/pico_time/time.c.obj
                0x10001594                alarm_pool_core_num
 .text.sleep_until
                0x10001598       0xfc boton_encendido/CMakeFiles/boton_encendido.dir/C_/Program_Files/Raspberry_Pi/Pico_SDK_v1.5.1/pico-sdk/src/common/pico_time/time.c.obj
                0x10001598                sleep_until
 .text.sleep_us
                0x10001694       0x58 boton_encendido/CMakeFiles/boton_encendido.dir/C_/Program_Files/Raspberry_Pi/Pico_SDK_v1.5.1/pico-sdk/src/common/pico_time/time.c.obj
                0x10001694                sleep_us
 .text.sleep_ms
                0x100016ec       0x14 boton_encendido/CMakeFiles/boton_encendido.dir/C_/Program_Files/Raspberry_Pi/Pico_SDK_v1.5.1/pico-sdk/src/common/pico_time/time.c.obj
                0x100016ec                sleep_ms
 .text.best_effort_wfe_or_timeout
                0x10001700       0xac boton_encendido/CMakeFiles/boton_encendido.dir/C_/Program_Files/Raspberry_Pi/Pico_SDK_v1.5.1/pico-sdk/src/common/pico_time/time.c.obj
                0x10001700                best_effort_wfe_or_timeout
 .text.hardware_alarm_irq_handler
                0x100017ac       0x90 boton_encendido/CMakeFiles/boton_encendido.dir/C_/Program_Files/Raspberry_Pi/Pico_SDK_v1.5.1/pico-sdk/src/rp2_common/hardware_timer/timer.c.obj
 .text.hardware_alarm_claim
                0x1000183c       0x18 boton_encendido/CMakeFiles/boton_encendido.dir/C_/Program_Files/Raspberry_Pi/Pico_SDK_v1.5.1/pico-sdk/src/rp2_common/hardware_timer/timer.c.obj
                0x1000183c                hardware_alarm_claim
 .text.time_us_64
                0x10001854       0x18 boton_encendido/CMakeFiles/boton_encendido.dir/C_/Program_Files/Raspberry_Pi/Pico_SDK_v1.5.1/pico-sdk/src/rp2_common/hardware_timer/timer.c.obj
                0x10001854                time_us_64
 .text.busy_wait_until
                0x1000186c       0x28 boton_encendido/CMakeFiles/boton_encendido.dir/C_/Program_Files/Raspberry_Pi/Pico_SDK_v1.5.1/pico-sdk/src/rp2_common/hardware_timer/timer.c.obj
                0x1000186c                busy_wait_until
 .text.hardware_alarm_set_callback
                0x10001894       0x90 boton_encendido/CMakeFiles/boton_encendido.dir/C_/Program_Files/Raspberry_Pi/Pico_SDK_v1.5.1/pico-sdk/src/rp2_common/hardware_timer/timer.c.obj
                0x10001894                hardware_alarm_set_callback
 .text.hardware_alarm_set_target
                0x10001924       0xe8 boton_encendido/CMakeFiles/boton_encendido.dir/C_/Program_Files/Raspberry_Pi/Pico_SDK_v1.5.1/pico-sdk/src/rp2_common/hardware_timer/timer.c.obj
                0x10001924                hardware_alarm_set_target
 .text.hardware_alarm_cancel
                0x10001a0c       0x40 boton_encendido/CMakeFiles/boton_encendido.dir/C_/Program_Files/Raspberry_Pi/Pico_SDK_v1.5.1/pico-sdk/src/rp2_common/hardware_timer/timer.c.obj
                0x10001a0c                hardware_alarm_cancel
 .text.ph_add_child_node
                0x10001a4c       0xa4 boton_encendido/CMakeFiles/boton_encendido.dir/C_/Program_Files/Raspberry_Pi/Pico_SDK_v1.5.1/pico-sdk/src/common/pico_util/pheap.c.obj
 .text.ph_merge_nodes
                0x10001af0       0x3e boton_encendido/CMakeFiles/boton_encendido.dir/C_/Program_Files/Raspberry_Pi/Pico_SDK_v1.5.1/pico-sdk/src/common/pico_util/pheap.c.obj
 *fill*         0x10001b2e        0x2 
 .text.ph_clear
                0x10001b30       0x70 boton_encendido/CMakeFiles/boton_encendido.dir/C_/Program_Files/Raspberry_Pi/Pico_SDK_v1.5.1/pico-sdk/src/common/pico_util/pheap.c.obj
                0x10001b30                ph_clear
 .text.ph_post_alloc_init
                0x10001ba0        0xe boton_encendido/CMakeFiles/boton_encendido.dir/C_/Program_Files/Raspberry_Pi/Pico_SDK_v1.5.1/pico-sdk/src/common/pico_util/pheap.c.obj
                0x10001ba0                ph_post_alloc_init
 *fill*         0x10001bae        0x2 
 .text.ph_merge_two_pass
                0x10001bb0       0xa8 boton_encendido/CMakeFiles/boton_encendido.dir/C_/Program_Files/Raspberry_Pi/Pico_SDK_v1.5.1/pico-sdk/src/common/pico_util/pheap.c.obj
                0x10001bb0                ph_merge_two_pass
 .text.ph_remove_any_head
                0x10001c58      0x128 boton_encendido/CMakeFiles/boton_encendido.dir/C_/Program_Files/Raspberry_Pi/Pico_SDK_v1.5.1/pico-sdk/src/common/pico_util/pheap.c.obj
 .text.ph_remove_head
                0x10001d80       0x14 boton_encendido/CMakeFiles/boton_encendido.dir/C_/Program_Files/Raspberry_Pi/Pico_SDK_v1.5.1/pico-sdk/src/common/pico_util/pheap.c.obj
                0x10001d80                ph_remove_head
 .text.ph_remove_and_free_node
                0x10001d94       0xf8 boton_encendido/CMakeFiles/boton_encendido.dir/C_/Program_Files/Raspberry_Pi/Pico_SDK_v1.5.1/pico-sdk/src/common/pico_util/pheap.c.obj
                0x10001d94                ph_remove_and_free_node
 .text.clock_configure
                0x10001e8c      0x108 boton_encendido/CMakeFiles/boton_encendido.dir/C_/Program_Files/Raspberry_Pi/Pico_SDK_v1.5.1/pico-sdk/src/rp2_common/hardware_clocks/clocks.c.obj
                0x10001e8c                clock_configure
 .text.clocks_init
                0x10001f94      0x100 boton_encendido/CMakeFiles/boton_encendido.dir/C_/Program_Files/Raspberry_Pi/Pico_SDK_v1.5.1/pico-sdk/src/rp2_common/hardware_clocks/clocks.c.obj
                0x10001f94                clocks_init
 .text.pll_init
                0x10002094      0x120 boton_encendido/CMakeFiles/boton_encendido.dir/C_/Program_Files/Raspberry_Pi/Pico_SDK_v1.5.1/pico-sdk/src/rp2_common/hardware_pll/pll.c.obj
                0x10002094                pll_init
 .text.watchdog_start_tick
                0x100021b4       0x10 boton_encendido/CMakeFiles/boton_encendido.dir/C_/Program_Files/Raspberry_Pi/Pico_SDK_v1.5.1/pico-sdk/src/rp2_common/hardware_watchdog/watchdog.c.obj
                0x100021b4                watchdog_start_tick
 .text.watchdog_update
                0x100021c4       0x14 boton_encendido/CMakeFiles/boton_encendido.dir/C_/Program_Files/Raspberry_Pi/Pico_SDK_v1.5.1/pico-sdk/src/rp2_common/hardware_watchdog/watchdog.c.obj
                0x100021c4                watchdog_update
 .text._watchdog_enable
                0x100021d8       0x78 boton_encendido/CMakeFiles/boton_encendido.dir/C_/Program_Files/Raspberry_Pi/Pico_SDK_v1.5.1/pico-sdk/src/rp2_common/hardware_watchdog/watchdog.c.obj
                0x100021d8                _watchdog_enable
 .text.watchdog_reboot
                0x10002250       0x48 boton_encendido/CMakeFiles/boton_encendido.dir/C_/Program_Files/Raspberry_Pi/Pico_SDK_v1.5.1/pico-sdk/src/rp2_common/hardware_watchdog/watchdog.c.obj
                0x10002250                watchdog_reboot
 .text.xosc_init
                0x10002298       0x28 boton_encendido/CMakeFiles/boton_encendido.dir/C_/Program_Files/Raspberry_Pi/Pico_SDK_v1.5.1/pico-sdk/src/rp2_common/hardware_xosc/xosc.c.obj
                0x10002298                xosc_init
 .text._exit    0x100022c0        0x4 boton_encendido/CMakeFiles/boton_encendido.dir/C_/Program_Files/Raspberry_Pi/Pico_SDK_v1.5.1/pico-sdk/src/rp2_common/pico_runtime/runtime.c.obj
                0x100022c0                _exit
 .text.exit     0x100022c4        0x6 boton_encendido/CMakeFiles/boton_encendido.dir/C_/Program_Files/Raspberry_Pi/Pico_SDK_v1.5.1/pico-sdk/src/rp2_common/pico_runtime/runtime.c.obj
                0x100022c4                exit
 *fill*         0x100022ca        0x2 
 .text.__assert_func
                0x100022cc       0x3c boton_encendido/CMakeFiles/boton_encendido.dir/C_/Program_Files/Raspberry_Pi/Pico_SDK_v1.5.1/pico-sdk/src/rp2_common/pico_runtime/runtime.c.obj
                0x100022cc                __assert_func
 .text.runtime_init
                0x10002308       0xf8 boton_encendido/CMakeFiles/boton_encendido.dir/C_/Program_Files/Raspberry_Pi/Pico_SDK_v1.5.1/pico-sdk/src/rp2_common/pico_runtime/runtime.c.obj
                0x10002308                runtime_init
 .text.panic    0x10002400       0x30 boton_encendido/CMakeFiles/boton_encendido.dir/C_/Program_Files/Raspberry_Pi/Pico_SDK_v1.5.1/pico-sdk/src/rp2_common/pico_runtime/runtime.c.obj
                0x10002400                panic
 .text._out_null
                0x10002430        0x2 boton_encendido/CMakeFiles/boton_encendido.dir/C_/Program_Files/Raspberry_Pi/Pico_SDK_v1.5.1/pico-sdk/src/rp2_common/pico_printf/printf.c.obj
 .text._out_fct
                0x10002432        0xe boton_encendido/CMakeFiles/boton_encendido.dir/C_/Program_Files/Raspberry_Pi/Pico_SDK_v1.5.1/pico-sdk/src/rp2_common/pico_printf/printf.c.obj
 .text._atoi    0x10002440       0x24 boton_encendido/CMakeFiles/boton_encendido.dir/C_/Program_Files/Raspberry_Pi/Pico_SDK_v1.5.1/pico-sdk/src/rp2_common/pico_printf/printf.c.obj
 .text._out_rev
                0x10002464       0xae boton_encendido/CMakeFiles/boton_encendido.dir/C_/Program_Files/Raspberry_Pi/Pico_SDK_v1.5.1/pico-sdk/src/rp2_common/pico_printf/printf.c.obj
 .text._ntoa_format
                0x10002512      0x112 boton_encendido/CMakeFiles/boton_encendido.dir/C_/Program_Files/Raspberry_Pi/Pico_SDK_v1.5.1/pico-sdk/src/rp2_common/pico_printf/printf.c.obj
 .text._ntoa_long
                0x10002624       0xbc boton_encendido/CMakeFiles/boton_encendido.dir/C_/Program_Files/Raspberry_Pi/Pico_SDK_v1.5.1/pico-sdk/src/rp2_common/pico_printf/printf.c.obj
 .text._ntoa_long_long
                0x100026e0       0xe2 boton_encendido/CMakeFiles/boton_encendido.dir/C_/Program_Files/Raspberry_Pi/Pico_SDK_v1.5.1/pico-sdk/src/rp2_common/pico_printf/printf.c.obj
 *fill*         0x100027c2        0x2 
 .text._etoa    0x100027c4      0x414 boton_encendido/CMakeFiles/boton_encendido.dir/C_/Program_Files/Raspberry_Pi/Pico_SDK_v1.5.1/pico-sdk/src/rp2_common/pico_printf/printf.c.obj
 .text._ftoa    0x10002bd8      0x354 boton_encendido/CMakeFiles/boton_encendido.dir/C_/Program_Files/Raspberry_Pi/Pico_SDK_v1.5.1/pico-sdk/src/rp2_common/pico_printf/printf.c.obj
 .text._vsnprintf
                0x10002f2c      0x624 boton_encendido/CMakeFiles/boton_encendido.dir/C_/Program_Files/Raspberry_Pi/Pico_SDK_v1.5.1/pico-sdk/src/rp2_common/pico_printf/printf.c.obj
 .text.vfctprintf
                0x10003550       0x20 boton_encendido/CMakeFiles/boton_encendido.dir/C_/Program_Files/Raspberry_Pi/Pico_SDK_v1.5.1/pico-sdk/src/rp2_common/pico_printf/printf.c.obj
                0x10003550                vfctprintf
 .text          0x10003570       0x10 boton_encendido/CMakeFiles/boton_encendido.dir/C_/Program_Files/Raspberry_Pi/Pico_SDK_v1.5.1/pico-sdk/src/rp2_common/pico_bit_ops/bit_ops_aeabi.S.obj
 .text.rom_func_lookup
                0x10003580       0x10 boton_encendido/CMakeFiles/boton_encendido.dir/C_/Program_Files/Raspberry_Pi/Pico_SDK_v1.5.1/pico-sdk/src/rp2_common/pico_bootrom/bootrom.c.obj
                0x10003580                rom_func_lookup
 .text.rom_data_lookup
                0x10003590       0x10 boton_encendido/CMakeFiles/boton_encendido.dir/C_/Program_Files/Raspberry_Pi/Pico_SDK_v1.5.1/pico-sdk/src/rp2_common/pico_bootrom/bootrom.c.obj
                0x10003590                rom_data_lookup
 .text.rom_funcs_lookup
                0x100035a0       0x36 boton_encendido/CMakeFiles/boton_encendido.dir/C_/Program_Files/Raspberry_Pi/Pico_SDK_v1.5.1/pico-sdk/src/rp2_common/pico_bootrom/bootrom.c.obj
                0x100035a0                rom_funcs_lookup
 *fill*         0x100035d6        0x2 
 .text.__wrap___aeabi_idiv
                0x100035d8       0x50 boton_encendido/CMakeFiles/boton_encendido.dir/C_/Program_Files/Raspberry_Pi/Pico_SDK_v1.5.1/pico-sdk/src/rp2_common/pico_divider/divider.S.obj
                0x100035d8                __wrap___aeabi_idivmod
                0x100035d8                divmod_s32s32
                0x100035d8                div_s32s32
                0x100035d8                __wrap___aeabi_idiv
                0x100035e0                divmod_s32s32_unsafe
                0x1000360c                divmod_s32s32_savestate
 .text.__wrap___aeabi_uidiv
                0x10003628       0x4c boton_encendido/CMakeFiles/boton_encendido.dir/C_/Program_Files/Raspberry_Pi/Pico_SDK_v1.5.1/pico-sdk/src/rp2_common/pico_divider/divider.S.obj
                0x10003628                __wrap___aeabi_uidiv
                0x10003628                __wrap___aeabi_uidivmod
                0x10003628                div_u32u32
                0x10003628                divmod_u32u32
                0x10003630                divmod_u32u32_unsafe
                0x10003658                divmod_u32u32_savestate
 .text.__wrap___aeabi_ldiv
                0x10003674      0x424 boton_encendido/CMakeFiles/boton_encendido.dir/C_/Program_Files/Raspberry_Pi/Pico_SDK_v1.5.1/pico-sdk/src/rp2_common/pico_divider/divider.S.obj
                0x10003674                div_s64s64
                0x10003674                divmod_s64s64
                0x10003674                __wrap___aeabi_ldivmod
                0x100036a4                divmod_u64u64
                0x100036a4                div_u64u64
                0x100036a4                __wrap___aeabi_uldivmod
                0x100036b4                divmod_u64u64_savestate
                0x100036d4                divmod_s64s64_unsafe
                0x1000375c                divmod_u64u64_unsafe
 .text.__wrap___aeabi_darithmetic
                0x10003a98       0x60 boton_encendido/CMakeFiles/boton_encendido.dir/C_/Program_Files/Raspberry_Pi/Pico_SDK_v1.5.1/pico-sdk/src/rp2_common/pico_double/double_aeabi.S.obj
                0x10003a98                __wrap___aeabi_drsub
                0x10003a9e                __wrap___aeabi_dsub
                0x10003aa8                __wrap___aeabi_dadd
                0x10003ab2                __wrap___aeabi_ddiv
                0x10003ae6                __wrap___aeabi_dmul
 .text.__wrap___aeabi_cdcmple
                0x10003af8       0x6c boton_encendido/CMakeFiles/boton_encendido.dir/C_/Program_Files/Raspberry_Pi/Pico_SDK_v1.5.1/pico-sdk/src/rp2_common/pico_double/double_aeabi.S.obj
                0x10003af8                __wrap___aeabi_cdrcmple
                0x10003b08                __wrap___aeabi_cdcmpeq
                0x10003b08                __wrap___aeabi_cdcmple
 .text.__wrap___aeabi_dcmplt
                0x10003b64        0xc boton_encendido/CMakeFiles/boton_encendido.dir/C_/Program_Files/Raspberry_Pi/Pico_SDK_v1.5.1/pico-sdk/src/rp2_common/pico_double/double_aeabi.S.obj
                0x10003b64                __wrap___aeabi_dcmplt
 .text.__wrap___aeabi_dcmple
                0x10003b70       0x10 boton_encendido/CMakeFiles/boton_encendido.dir/C_/Program_Files/Raspberry_Pi/Pico_SDK_v1.5.1/pico-sdk/src/rp2_common/pico_double/double_aeabi.S.obj
                0x10003b70                __wrap___aeabi_dcmple
 .text.__wrap___aeabi_dcmpge
                0x10003b80       0x10 boton_encendido/CMakeFiles/boton_encendido.dir/C_/Program_Files/Raspberry_Pi/Pico_SDK_v1.5.1/pico-sdk/src/rp2_common/pico_double/double_aeabi.S.obj
                0x10003b80                __wrap___aeabi_dcmpge
 .text.__wrap___aeabi_dcmpgt
                0x10003b90        0xa boton_encendido/CMakeFiles/boton_encendido.dir/C_/Program_Files/Raspberry_Pi/Pico_SDK_v1.5.1/pico-sdk/src/rp2_common/pico_double/double_aeabi.S.obj
                0x10003b90                __wrap___aeabi_dcmpgt
 .text.__wrap___aeabi_dcmpun
                0x10003b9a       0x1c boton_encendido/CMakeFiles/boton_encendido.dir/C_/Program_Files/Raspberry_Pi/Pico_SDK_v1.5.1/pico-sdk/src/rp2_common/pico_double/double_aeabi.S.obj
                0x10003b9a                __wrap___aeabi_dcmpun
 *fill*         0x10003bb6        0x2 
 .text.__wrap___aeabi_i2d
                0x10003bb8       0x38 boton_encendido/CMakeFiles/boton_encendido.dir/C_/Program_Files/Raspberry_Pi/Pico_SDK_v1.5.1/pico-sdk/src/rp2_common/pico_double/double_aeabi.S.obj
                0x10003bb8                __wrap___aeabi_ui2d
                0x10003bc0                __wrap___aeabi_i2d
 .text.__wrap___aeabi_d2iz
                0x10003bf0       0x48 boton_encendido/CMakeFiles/boton_encendido.dir/C_/Program_Files/Raspberry_Pi/Pico_SDK_v1.5.1/pico-sdk/src/rp2_common/pico_double/double_aeabi.S.obj
                0x10003bf0                double2int_z
                0x10003bf0                __wrap___aeabi_d2iz
 .text.__wrap___aeabi_d2uiz
                0x10003c38       0x10 boton_encendido/CMakeFiles/boton_encendido.dir/C_/Program_Files/Raspberry_Pi/Pico_SDK_v1.5.1/pico-sdk/src/rp2_common/pico_double/double_aeabi.S.obj
                0x10003c38                __wrap___aeabi_d2uiz
                0x10003c38                double2uint
 .text.missing_double_func_shim
                0x10003c48        0xc boton_encendido/CMakeFiles/boton_encendido.dir/C_/Program_Files/Raspberry_Pi/Pico_SDK_v1.5.1/pico-sdk/src/rp2_common/pico_double/double_init_rom.c.obj
 .text.__aeabi_double_init
                0x10003c54       0xcc boton_encendido/CMakeFiles/boton_encendido.dir/C_/Program_Files/Raspberry_Pi/Pico_SDK_v1.5.1/pico-sdk/src/rp2_common/pico_double/double_init_rom.c.obj
                0x10003c54                __aeabi_double_init
 .text.double_table_shim_on_use_helper
                0x10003d20       0x34 boton_encendido/CMakeFiles/boton_encendido.dir/C_/Program_Files/Raspberry_Pi/Pico_SDK_v1.5.1/pico-sdk/src/rp2_common/pico_double/double_v1_rom_shim.S.obj
                0x10003d20                double_table_shim_on_use_helper
 .text.__aeabi_lmul
                0x10003d54       0x32 boton_encendido/CMakeFiles/boton_encendido.dir/ae783cfadb10a0055c655bcf0b179659/pico-sdk/src/rp2_common/pico_int64_ops/pico_int64_ops_aeabi.S.obj
                0x10003d54                __wrap___aeabi_lmul
 *fill*         0x10003d86        0x2 
 .text.missing_float_func_shim
                0x10003d88        0xc boton_encendido/CMakeFiles/boton_encendido.dir/C_/Program_Files/Raspberry_Pi/Pico_SDK_v1.5.1/pico-sdk/src/rp2_common/pico_float/float_init_rom.c.obj
 .text.__aeabi_float_init
                0x10003d94       0x88 boton_encendido/CMakeFiles/boton_encendido.dir/C_/Program_Files/Raspberry_Pi/Pico_SDK_v1.5.1/pico-sdk/src/rp2_common/pico_float/float_init_rom.c.obj
                0x10003d94                __aeabi_float_init
 .text          0x10003e1c       0x10 boton_encendido/CMakeFiles/boton_encendido.dir/C_/Program_Files/Raspberry_Pi/Pico_SDK_v1.5.1/pico-sdk/src/rp2_common/pico_mem_ops/mem_ops_aeabi.S.obj
                0x10003e1c                __aeabi_mem_init
 .text.memset   0x10003e2c        0xc boton_encendido/CMakeFiles/boton_encendido.dir/C_/Program_Files/Raspberry_Pi/Pico_SDK_v1.5.1/pico-sdk/src/rp2_common/pico_mem_ops/mem_ops_aeabi.S.obj
                0x10003e2c                __wrap_memset
 .text.memcpy   0x10003e38        0xc boton_encendido/CMakeFiles/boton_encendido.dir/C_/Program_Files/Raspberry_Pi/Pico_SDK_v1.5.1/pico-sdk/src/rp2_common/pico_mem_ops/mem_ops_aeabi.S.obj
                0x10003e38                __wrap_memcpy
                0x10003e38                __wrap___aeabi_memcpy
 .text.stdio_out_chars_no_crlf
                0x10003e44        0xe boton_encendido/CMakeFiles/boton_encendido.dir/C_/Program_Files/Raspberry_Pi/Pico_SDK_v1.5.1/pico-sdk/src/rp2_common/pico_stdio/stdio.c.obj
 *fill*         0x10003e52        0x2 
 .text.stdio_out_chars_crlf
                0x10003e54       0x80 boton_encendido/CMakeFiles/boton_encendido.dir/C_/Program_Files/Raspberry_Pi/Pico_SDK_v1.5.1/pico-sdk/src/rp2_common/pico_stdio/stdio.c.obj
 .text.stdio_stack_buffer_flush
                0x10003ed4       0x44 boton_encendido/CMakeFiles/boton_encendido.dir/C_/Program_Files/Raspberry_Pi/Pico_SDK_v1.5.1/pico-sdk/src/rp2_common/pico_stdio/stdio.c.obj
 .text.stdio_buffered_printer
                0x10003f18       0x20 boton_encendido/CMakeFiles/boton_encendido.dir/C_/Program_Files/Raspberry_Pi/Pico_SDK_v1.5.1/pico-sdk/src/rp2_common/pico_stdio/stdio.c.obj
 .text.stdout_serialize_begin
                0x10003f38       0x5c boton_encendido/CMakeFiles/boton_encendido.dir/C_/Program_Files/Raspberry_Pi/Pico_SDK_v1.5.1/pico-sdk/src/rp2_common/pico_stdio/stdio.c.obj
                0x10003f38                stdout_serialize_begin
 .text.stdout_serialize_end
                0x10003f94       0x10 boton_encendido/CMakeFiles/boton_encendido.dir/C_/Program_Files/Raspberry_Pi/Pico_SDK_v1.5.1/pico-sdk/src/rp2_common/pico_stdio/stdio.c.obj
                0x10003f94                stdout_serialize_end
 .text.stdio_put_string
                0x10003fa4       0x98 boton_encendido/CMakeFiles/boton_encendido.dir/C_/Program_Files/Raspberry_Pi/Pico_SDK_v1.5.1/pico-sdk/src/rp2_common/pico_stdio/stdio.c.obj
 .text.stdio_set_driver_enabled
                0x1000403c       0x2c boton_encendido/CMakeFiles/boton_encendido.dir/C_/Program_Files/Raspberry_Pi/Pico_SDK_v1.5.1/pico-sdk/src/rp2_common/pico_stdio/stdio.c.obj
                0x1000403c                stdio_set_driver_enabled
 .text.stdio_flush
                0x10004068       0x20 boton_encendido/CMakeFiles/boton_encendido.dir/C_/Program_Files/Raspberry_Pi/Pico_SDK_v1.5.1/pico-sdk/src/rp2_common/pico_stdio/stdio.c.obj
                0x10004068                stdio_flush
 .text.__wrap_puts
                0x10004088       0x1e boton_encendido/CMakeFiles/boton_encendido.dir/C_/Program_Files/Raspberry_Pi/Pico_SDK_v1.5.1/pico-sdk/src/rp2_common/pico_stdio/stdio.c.obj
                0x10004088                __wrap_puts
 *fill*         0x100040a6        0x2 
 .text.__wrap_vprintf
                0x100040a8       0x40 boton_encendido/CMakeFiles/boton_encendido.dir/C_/Program_Files/Raspberry_Pi/Pico_SDK_v1.5.1/pico-sdk/src/rp2_common/pico_stdio/stdio.c.obj
                0x100040a8                __wrap_vprintf
 .text.__wrap_printf
                0x100040e8       0x18 boton_encendido/CMakeFiles/boton_encendido.dir/C_/Program_Files/Raspberry_Pi/Pico_SDK_v1.5.1/pico-sdk/src/rp2_common/pico_stdio/stdio.c.obj
                0x100040e8                __wrap_printf
 .text.stdio_init_all
                0x10004100        0x8 boton_encendido/CMakeFiles/boton_encendido.dir/C_/Program_Files/Raspberry_Pi/Pico_SDK_v1.5.1/pico-sdk/src/rp2_common/pico_stdio/stdio.c.obj
                0x10004100                stdio_init_all
 .text.resetd_init
                0x10004108        0x2 boton_encendido/CMakeFiles/boton_encendido.dir/C_/Program_Files/Raspberry_Pi/Pico_SDK_v1.5.1/pico-sdk/src/rp2_common/pico_stdio_usb/reset_interface.c.obj
 *fill*         0x1000410a        0x2 
 .text.resetd_reset
                0x1000410c        0xc boton_encendido/CMakeFiles/boton_encendido.dir/C_/Program_Files/Raspberry_Pi/Pico_SDK_v1.5.1/pico-sdk/src/rp2_common/pico_stdio_usb/reset_interface.c.obj
 .text.resetd_open
                0x10004118       0x34 boton_encendido/CMakeFiles/boton_encendido.dir/C_/Program_Files/Raspberry_Pi/Pico_SDK_v1.5.1/pico-sdk/src/rp2_common/pico_stdio_usb/reset_interface.c.obj
 .text.resetd_xfer_cb
                0x1000414c        0x4 boton_encendido/CMakeFiles/boton_encendido.dir/C_/Program_Files/Raspberry_Pi/Pico_SDK_v1.5.1/pico-sdk/src/rp2_common/pico_stdio_usb/reset_interface.c.obj
 .text.reset_usb_boot
                0x10004150       0x18 boton_encendido/CMakeFiles/boton_encendido.dir/C_/Program_Files/Raspberry_Pi/Pico_SDK_v1.5.1/pico-sdk/src/rp2_common/pico_stdio_usb/reset_interface.c.obj
 .text.resetd_control_xfer_cb
                0x10004168       0x5c boton_encendido/CMakeFiles/boton_encendido.dir/C_/Program_Files/Raspberry_Pi/Pico_SDK_v1.5.1/pico-sdk/src/rp2_common/pico_stdio_usb/reset_interface.c.obj
 .text.usbd_app_driver_get_cb
                0x100041c4        0xc boton_encendido/CMakeFiles/boton_encendido.dir/C_/Program_Files/Raspberry_Pi/Pico_SDK_v1.5.1/pico-sdk/src/rp2_common/pico_stdio_usb/reset_interface.c.obj
                0x100041c4                usbd_app_driver_get_cb
 .text.tud_cdc_line_coding_cb
                0x100041d0       0x28 boton_encendido/CMakeFiles/boton_encendido.dir/C_/Program_Files/Raspberry_Pi/Pico_SDK_v1.5.1/pico-sdk/src/rp2_common/pico_stdio_usb/reset_interface.c.obj
                0x100041d0                tud_cdc_line_coding_cb
 .text.stdio_usb_set_chars_available_callback
                0x100041f8       0x14 boton_encendido/CMakeFiles/boton_encendido.dir/C_/Program_Files/Raspberry_Pi/Pico_SDK_v1.5.1/pico-sdk/src/rp2_common/pico_stdio_usb/stdio_usb.c.obj
                0x100041f8                stdio_usb_set_chars_available_callback
 .text.usb_irq  0x1000420c       0x10 boton_encendido/CMakeFiles/boton_encendido.dir/C_/Program_Files/Raspberry_Pi/Pico_SDK_v1.5.1/pico-sdk/src/rp2_common/pico_stdio_usb/stdio_usb.c.obj
 .text.timer_task
                0x1000421c       0x5c boton_encendido/CMakeFiles/boton_encendido.dir/C_/Program_Files/Raspberry_Pi/Pico_SDK_v1.5.1/pico-sdk/src/rp2_common/pico_stdio_usb/stdio_usb.c.obj
 .text.low_priority_worker_irq
                0x10004278       0xdc boton_encendido/CMakeFiles/boton_encendido.dir/C_/Program_Files/Raspberry_Pi/Pico_SDK_v1.5.1/pico-sdk/src/rp2_common/pico_stdio_usb/stdio_usb.c.obj
 .text.tud_cdc_rx_cb
                0x10004354       0x20 boton_encendido/CMakeFiles/boton_encendido.dir/C_/Program_Files/Raspberry_Pi/Pico_SDK_v1.5.1/pico-sdk/src/rp2_common/pico_stdio_usb/stdio_usb.c.obj
                0x10004354                tud_cdc_rx_cb
 .text.stdio_usb_init
                0x10004374      0x11c boton_encendido/CMakeFiles/boton_encendido.dir/C_/Program_Files/Raspberry_Pi/Pico_SDK_v1.5.1/pico-sdk/src/rp2_common/pico_stdio_usb/stdio_usb.c.obj
                0x10004374                stdio_usb_init
 .text.stdio_usb_connected
                0x10004490        0xa boton_encendido/CMakeFiles/boton_encendido.dir/C_/Program_Files/Raspberry_Pi/Pico_SDK_v1.5.1/pico-sdk/src/rp2_common/pico_stdio_usb/stdio_usb.c.obj
                0x10004490                stdio_usb_connected
 *fill*         0x1000449a        0x2 
 .text.stdio_usb_in_chars
                0x1000449c       0xc4 boton_encendido/CMakeFiles/boton_encendido.dir/C_/Program_Files/Raspberry_Pi/Pico_SDK_v1.5.1/pico-sdk/src/rp2_common/pico_stdio_usb/stdio_usb.c.obj
                0x1000449c                stdio_usb_in_chars
 .text.stdio_usb_out_chars
                0x10004560      0x114 boton_encendido/CMakeFiles/boton_encendido.dir/C_/Program_Files/Raspberry_Pi/Pico_SDK_v1.5.1/pico-sdk/src/rp2_common/pico_stdio_usb/stdio_usb.c.obj
 .text.tud_descriptor_device_cb
                0x10004674        0x8 boton_encendido/CMakeFiles/boton_encendido.dir/ae783cfadb10a0055c655bcf0b179659/pico-sdk/src/rp2_common/pico_stdio_usb/stdio_usb_descriptors.c.obj
                0x10004674                tud_descriptor_device_cb
 .text.tud_descriptor_configuration_cb
                0x1000467c        0x8 boton_encendido/CMakeFiles/boton_encendido.dir/ae783cfadb10a0055c655bcf0b179659/pico-sdk/src/rp2_common/pico_stdio_usb/stdio_usb_descriptors.c.obj
                0x1000467c                tud_descriptor_configuration_cb
 .text.tud_descriptor_string_cb
                0x10004684       0x6c boton_encendido/CMakeFiles/boton_encendido.dir/ae783cfadb10a0055c655bcf0b179659/pico-sdk/src/rp2_common/pico_stdio_usb/stdio_usb_descriptors.c.obj
                0x10004684                tud_descriptor_string_cb
 .text._retrieve_unique_id_on_boot
                0x100046f0       0x10 boton_encendido/CMakeFiles/boton_encendido.dir/C_/Program_Files/Raspberry_Pi/Pico_SDK_v1.5.1/pico-sdk/src/rp2_common/pico_unique_id/unique_id.c.obj
 .text.pico_get_unique_board_id_string
                0x10004700       0x60 boton_encendido/CMakeFiles/boton_encendido.dir/C_/Program_Files/Raspberry_Pi/Pico_SDK_v1.5.1/pico-sdk/src/rp2_common/pico_unique_id/unique_id.c.obj
                0x10004700                pico_get_unique_board_id_string
 .text.flash_get_unique_id
                0x10004760       0x46 boton_encendido/CMakeFiles/boton_encendido.dir/C_/Program_Files/Raspberry_Pi/Pico_SDK_v1.5.1/pico-sdk/src/rp2_common/hardware_flash/flash.c.obj
                0x10004760                flash_get_unique_id
 *fill*         0x100047a6        0x2 
 .text.hw_endpoint_get_by_addr
                0x100047a8       0x18 boton_encendido/CMakeFiles/boton_encendido.dir/ae783cfadb10a0055c655bcf0b179659/pico-sdk/lib/tinyusb/src/portable/raspberrypi/rp2040/dcd_rp2040.c.obj
 .text._hw_endpoint_alloc
                0x100047c0       0x70 boton_encendido/CMakeFiles/boton_encendido.dir/ae783cfadb10a0055c655bcf0b179659/pico-sdk/lib/tinyusb/src/portable/raspberrypi/rp2040/dcd_rp2040.c.obj
 .text.hw_endpoint_init
                0x10004830       0x88 boton_encendido/CMakeFiles/boton_encendido.dir/ae783cfadb10a0055c655bcf0b179659/pico-sdk/lib/tinyusb/src/portable/raspberrypi/rp2040/dcd_rp2040.c.obj
 .text.hw_endpoint_xfer
                0x100048b8       0x14 boton_encendido/CMakeFiles/boton_encendido.dir/ae783cfadb10a0055c655bcf0b179659/pico-sdk/lib/tinyusb/src/portable/raspberrypi/rp2040/dcd_rp2040.c.obj
 .text.dcd_int_enable
                0x100048cc       0x2c boton_encendido/CMakeFiles/boton_encendido.dir/ae783cfadb10a0055c655bcf0b179659/pico-sdk/lib/tinyusb/src/portable/raspberrypi/rp2040/dcd_rp2040.c.obj
                0x100048cc                dcd_int_enable
 .text.dcd_set_address
                0x100048f8       0x2c boton_encendido/CMakeFiles/boton_encendido.dir/ae783cfadb10a0055c655bcf0b179659/pico-sdk/lib/tinyusb/src/portable/raspberrypi/rp2040/dcd_rp2040.c.obj
                0x100048f8                dcd_set_address
 .text.dcd_connect
                0x10004924       0x10 boton_encendido/CMakeFiles/boton_encendido.dir/ae783cfadb10a0055c655bcf0b179659/pico-sdk/lib/tinyusb/src/portable/raspberrypi/rp2040/dcd_rp2040.c.obj
                0x10004924                dcd_connect
 .text.dcd_init
                0x10004934       0x80 boton_encendido/CMakeFiles/boton_encendido.dir/ae783cfadb10a0055c655bcf0b179659/pico-sdk/lib/tinyusb/src/portable/raspberrypi/rp2040/dcd_rp2040.c.obj
                0x10004934                dcd_init
 .text.dcd_edpt0_status_complete
                0x100049b4       0x1c boton_encendido/CMakeFiles/boton_encendido.dir/ae783cfadb10a0055c655bcf0b179659/pico-sdk/lib/tinyusb/src/portable/raspberrypi/rp2040/dcd_rp2040.c.obj
                0x100049b4                dcd_edpt0_status_complete
 .text.dcd_edpt_open
                0x100049d0       0x40 boton_encendido/CMakeFiles/boton_encendido.dir/ae783cfadb10a0055c655bcf0b179659/pico-sdk/lib/tinyusb/src/portable/raspberrypi/rp2040/dcd_rp2040.c.obj
                0x100049d0                dcd_edpt_open
 .text.dcd_edpt_close_all
                0x10004a10        0x8 boton_encendido/CMakeFiles/boton_encendido.dir/ae783cfadb10a0055c655bcf0b179659/pico-sdk/lib/tinyusb/src/portable/raspberrypi/rp2040/dcd_rp2040.c.obj
                0x10004a10                dcd_edpt_close_all
 .text.dcd_edpt_xfer
                0x10004a18       0x34 boton_encendido/CMakeFiles/boton_encendido.dir/ae783cfadb10a0055c655bcf0b179659/pico-sdk/lib/tinyusb/src/portable/raspberrypi/rp2040/dcd_rp2040.c.obj
                0x10004a18                dcd_edpt_xfer
 .text.dcd_edpt_stall
                0x10004a4c       0x2c boton_encendido/CMakeFiles/boton_encendido.dir/ae783cfadb10a0055c655bcf0b179659/pico-sdk/lib/tinyusb/src/portable/raspberrypi/rp2040/dcd_rp2040.c.obj
                0x10004a4c                dcd_edpt_stall
 .text.dcd_edpt_clear_stall
                0x10004a78       0x20 boton_encendido/CMakeFiles/boton_encendido.dir/ae783cfadb10a0055c655bcf0b179659/pico-sdk/lib/tinyusb/src/portable/raspberrypi/rp2040/dcd_rp2040.c.obj
                0x10004a78                dcd_edpt_clear_stall
 .text.rp2040_usb_init
                0x10004a98       0x4c boton_encendido/CMakeFiles/boton_encendido.dir/ae783cfadb10a0055c655bcf0b179659/pico-sdk/lib/tinyusb/src/portable/raspberrypi/rp2040/rp2040_usb.c.obj
                0x10004a98                rp2040_usb_init
 .text.hw_endpoint_xfer_start
                0x10004ae4       0x50 boton_encendido/CMakeFiles/boton_encendido.dir/ae783cfadb10a0055c655bcf0b179659/pico-sdk/lib/tinyusb/src/portable/raspberrypi/rp2040/rp2040_usb.c.obj
                0x10004ae4                hw_endpoint_xfer_start
 .text.configuration_reset
                0x10004b34       0x84 boton_encendido/CMakeFiles/boton_encendido.dir/C_/Program_Files/Raspberry_Pi/Pico_SDK_v1.5.1/pico-sdk/lib/tinyusb/src/device/usbd.c.obj
 .text.usbd_reset
                0x10004bb8        0xc boton_encendido/CMakeFiles/boton_encendido.dir/C_/Program_Files/Raspberry_Pi/Pico_SDK_v1.5.1/pico-sdk/lib/tinyusb/src/device/usbd.c.obj
 .text.invoke_class_control
                0x10004bc4       0x1a boton_encendido/CMakeFiles/boton_encendido.dir/C_/Program_Files/Raspberry_Pi/Pico_SDK_v1.5.1/pico-sdk/lib/tinyusb/src/device/usbd.c.obj
 *fill*         0x10004bde        0x2 
 .text.process_set_config
                0x10004be0      0x178 boton_encendido/CMakeFiles/boton_encendido.dir/C_/Program_Files/Raspberry_Pi/Pico_SDK_v1.5.1/pico-sdk/lib/tinyusb/src/device/usbd.c.obj
 .text.process_get_descriptor
                0x10004d58       0xdc boton_encendido/CMakeFiles/boton_encendido.dir/C_/Program_Files/Raspberry_Pi/Pico_SDK_v1.5.1/pico-sdk/lib/tinyusb/src/device/usbd.c.obj
 .text.tud_mounted
                0x10004e34       0x10 boton_encendido/CMakeFiles/boton_encendido.dir/C_/Program_Files/Raspberry_Pi/Pico_SDK_v1.5.1/pico-sdk/lib/tinyusb/src/device/usbd.c.obj
                0x10004e34                tud_mounted
 .text.tud_suspended
                0x10004e44       0x10 boton_encendido/CMakeFiles/boton_encendido.dir/C_/Program_Files/Raspberry_Pi/Pico_SDK_v1.5.1/pico-sdk/lib/tinyusb/src/device/usbd.c.obj
                0x10004e44                tud_suspended
 .text.tud_inited
                0x10004e54       0x14 boton_encendido/CMakeFiles/boton_encendido.dir/C_/Program_Files/Raspberry_Pi/Pico_SDK_v1.5.1/pico-sdk/lib/tinyusb/src/device/usbd.c.obj
                0x10004e54                tud_inited
 .text.tud_init
                0x10004e68       0xcc boton_encendido/CMakeFiles/boton_encendido.dir/C_/Program_Files/Raspberry_Pi/Pico_SDK_v1.5.1/pico-sdk/lib/tinyusb/src/device/usbd.c.obj
                0x10004e68                tud_init
 .text.usbd_defer_func
                0x10004f34       0x2a boton_encendido/CMakeFiles/boton_encendido.dir/C_/Program_Files/Raspberry_Pi/Pico_SDK_v1.5.1/pico-sdk/lib/tinyusb/src/device/usbd.c.obj
                0x10004f34                usbd_defer_func
 *fill*         0x10004f5e        0x2 
 .text.usbd_edpt_open
                0x10004f60       0x34 boton_encendido/CMakeFiles/boton_encendido.dir/C_/Program_Files/Raspberry_Pi/Pico_SDK_v1.5.1/pico-sdk/lib/tinyusb/src/device/usbd.c.obj
                0x10004f60                usbd_edpt_open
 .text.usbd_open_edpt_pair
                0x10004f94       0x62 boton_encendido/CMakeFiles/boton_encendido.dir/C_/Program_Files/Raspberry_Pi/Pico_SDK_v1.5.1/pico-sdk/lib/tinyusb/src/device/usbd.c.obj
                0x10004f94                usbd_open_edpt_pair
 *fill*         0x10004ff6        0x2 
 .text.usbd_edpt_claim
                0x10004ff8       0x28 boton_encendido/CMakeFiles/boton_encendido.dir/C_/Program_Files/Raspberry_Pi/Pico_SDK_v1.5.1/pico-sdk/lib/tinyusb/src/device/usbd.c.obj
                0x10004ff8                usbd_edpt_claim
 .text.usbd_edpt_release
                0x10005020       0x28 boton_encendido/CMakeFiles/boton_encendido.dir/C_/Program_Files/Raspberry_Pi/Pico_SDK_v1.5.1/pico-sdk/lib/tinyusb/src/device/usbd.c.obj
                0x10005020                usbd_edpt_release
 .text.usbd_edpt_xfer
                0x10005048       0x78 boton_encendido/CMakeFiles/boton_encendido.dir/C_/Program_Files/Raspberry_Pi/Pico_SDK_v1.5.1/pico-sdk/lib/tinyusb/src/device/usbd.c.obj
                0x10005048                usbd_edpt_xfer
 .text.usbd_edpt_stall
                0x100050c0       0x48 boton_encendido/CMakeFiles/boton_encendido.dir/C_/Program_Files/Raspberry_Pi/Pico_SDK_v1.5.1/pico-sdk/lib/tinyusb/src/device/usbd.c.obj
                0x100050c0                usbd_edpt_stall
 .text.usbd_edpt_clear_stall
                0x10005108       0x48 boton_encendido/CMakeFiles/boton_encendido.dir/C_/Program_Files/Raspberry_Pi/Pico_SDK_v1.5.1/pico-sdk/lib/tinyusb/src/device/usbd.c.obj
                0x10005108                usbd_edpt_clear_stall
 .text.usbd_edpt_stalled
                0x10005150       0x1c boton_encendido/CMakeFiles/boton_encendido.dir/C_/Program_Files/Raspberry_Pi/Pico_SDK_v1.5.1/pico-sdk/lib/tinyusb/src/device/usbd.c.obj
                0x10005150                usbd_edpt_stalled
 .text.process_control_request
                0x1000516c      0x37c boton_encendido/CMakeFiles/boton_encendido.dir/C_/Program_Files/Raspberry_Pi/Pico_SDK_v1.5.1/pico-sdk/lib/tinyusb/src/device/usbd.c.obj
 .text.tud_task_ext
                0x100054e8      0x1b8 boton_encendido/CMakeFiles/boton_encendido.dir/C_/Program_Files/Raspberry_Pi/Pico_SDK_v1.5.1/pico-sdk/lib/tinyusb/src/device/usbd.c.obj
                0x100054e8                tud_task_ext
 .text._data_stage_xact
                0x100056a0       0x58 boton_encendido/CMakeFiles/boton_encendido.dir/C_/Program_Files/Raspberry_Pi/Pico_SDK_v1.5.1/pico-sdk/lib/tinyusb/src/device/usbd_control.c.obj
 .text.tud_control_status
                0x100056f8       0x38 boton_encendido/CMakeFiles/boton_encendido.dir/C_/Program_Files/Raspberry_Pi/Pico_SDK_v1.5.1/pico-sdk/lib/tinyusb/src/device/usbd_control.c.obj
                0x100056f8                tud_control_status
 .text.tud_control_xfer
                0x10005730       0x74 boton_encendido/CMakeFiles/boton_encendido.dir/C_/Program_Files/Raspberry_Pi/Pico_SDK_v1.5.1/pico-sdk/lib/tinyusb/src/device/usbd_control.c.obj
                0x10005730                tud_control_xfer
 .text.usbd_control_reset
                0x100057a4       0x14 boton_encendido/CMakeFiles/boton_encendido.dir/C_/Program_Files/Raspberry_Pi/Pico_SDK_v1.5.1/pico-sdk/lib/tinyusb/src/device/usbd_control.c.obj
                0x100057a4                usbd_control_reset
 .text.usbd_control_set_complete_callback
                0x100057b8        0xc boton_encendido/CMakeFiles/boton_encendido.dir/C_/Program_Files/Raspberry_Pi/Pico_SDK_v1.5.1/pico-sdk/lib/tinyusb/src/device/usbd_control.c.obj
                0x100057b8                usbd_control_set_complete_callback
 .text.usbd_control_set_request
                0x100057c4       0x1c boton_encendido/CMakeFiles/boton_encendido.dir/C_/Program_Files/Raspberry_Pi/Pico_SDK_v1.5.1/pico-sdk/lib/tinyusb/src/device/usbd_control.c.obj
                0x100057c4                usbd_control_set_request
 .text.usbd_control_xfer_cb
                0x100057e0       0xcc boton_encendido/CMakeFiles/boton_encendido.dir/C_/Program_Files/Raspberry_Pi/Pico_SDK_v1.5.1/pico-sdk/lib/tinyusb/src/device/usbd_control.c.obj
                0x100057e0                usbd_control_xfer_cb
 .text._prep_out_transaction
                0x100058ac       0x4a boton_encendido/CMakeFiles/boton_encendido.dir/C_/Program_Files/Raspberry_Pi/Pico_SDK_v1.5.1/pico-sdk/lib/tinyusb/src/class/cdc/cdc_device.c.obj
 *fill*         0x100058f6        0x2 
 .text.tud_cdc_n_connected
                0x100058f8       0x44 boton_encendido/CMakeFiles/boton_encendido.dir/C_/Program_Files/Raspberry_Pi/Pico_SDK_v1.5.1/pico-sdk/lib/tinyusb/src/class/cdc/cdc_device.c.obj
                0x100058f8                tud_cdc_n_connected
 .text.tud_cdc_n_available
                0x1000593c       0x18 boton_encendido/CMakeFiles/boton_encendido.dir/C_/Program_Files/Raspberry_Pi/Pico_SDK_v1.5.1/pico-sdk/lib/tinyusb/src/class/cdc/cdc_device.c.obj
                0x1000593c                tud_cdc_n_available
 .text.tud_cdc_n_read
                0x10005954       0x28 boton_encendido/CMakeFiles/boton_encendido.dir/C_/Program_Files/Raspberry_Pi/Pico_SDK_v1.5.1/pico-sdk/lib/tinyusb/src/class/cdc/cdc_device.c.obj
                0x10005954                tud_cdc_n_read
 .text.tud_cdc_n_write_flush
                0x1000597c       0xb8 boton_encendido/CMakeFiles/boton_encendido.dir/C_/Program_Files/Raspberry_Pi/Pico_SDK_v1.5.1/pico-sdk/lib/tinyusb/src/class/cdc/cdc_device.c.obj
                0x1000597c                tud_cdc_n_write_flush
 .text.tud_cdc_n_write
                0x10005a34       0x38 boton_encendido/CMakeFiles/boton_encendido.dir/C_/Program_Files/Raspberry_Pi/Pico_SDK_v1.5.1/pico-sdk/lib/tinyusb/src/class/cdc/cdc_device.c.obj
                0x10005a34                tud_cdc_n_write
 .text.tud_cdc_n_write_available
                0x10005a6c       0x1c boton_encendido/CMakeFiles/boton_encendido.dir/C_/Program_Files/Raspberry_Pi/Pico_SDK_v1.5.1/pico-sdk/lib/tinyusb/src/class/cdc/cdc_device.c.obj
                0x10005a6c                tud_cdc_n_write_available
 .text.cdcd_init
                0x10005a88       0xbc boton_encendido/CMakeFiles/boton_encendido.dir/C_/Program_Files/Raspberry_Pi/Pico_SDK_v1.5.1/pico-sdk/lib/tinyusb/src/class/cdc/cdc_device.c.obj
                0x10005a88                cdcd_init
 .text.cdcd_reset
                0x10005b44       0x44 boton_encendido/CMakeFiles/boton_encendido.dir/C_/Program_Files/Raspberry_Pi/Pico_SDK_v1.5.1/pico-sdk/lib/tinyusb/src/class/cdc/cdc_device.c.obj
                0x10005b44                cdcd_reset
 .text.cdcd_open
                0x10005b88       0xcc boton_encendido/CMakeFiles/boton_encendido.dir/C_/Program_Files/Raspberry_Pi/Pico_SDK_v1.5.1/pico-sdk/lib/tinyusb/src/class/cdc/cdc_device.c.obj
                0x10005b88                cdcd_open
 .text.cdcd_control_xfer_cb
                0x10005c54      0x134 boton_encendido/CMakeFiles/boton_encendido.dir/C_/Program_Files/Raspberry_Pi/Pico_SDK_v1.5.1/pico-sdk/lib/tinyusb/src/class/cdc/cdc_device.c.obj
                0x10005c54                cdcd_control_xfer_cb
 .text.cdcd_xfer_cb
                0x10005d88      0x130 boton_encendido/CMakeFiles/boton_encendido.dir/C_/Program_Files/Raspberry_Pi/Pico_SDK_v1.5.1/pico-sdk/lib/tinyusb/src/class/cdc/cdc_device.c.obj
                0x10005d88                cdcd_xfer_cb
 .text.tusb_init
                0x10005eb8        0xa boton_encendido/CMakeFiles/boton_encendido.dir/C_/Program_Files/Raspberry_Pi/Pico_SDK_v1.5.1/pico-sdk/lib/tinyusb/src/tusb.c.obj
                0x10005eb8                tusb_init
 .text.tusb_inited
                0x10005ec2        0xe boton_encendido/CMakeFiles/boton_encendido.dir/C_/Program_Files/Raspberry_Pi/Pico_SDK_v1.5.1/pico-sdk/lib/tinyusb/src/tusb.c.obj
                0x10005ec2                tusb_inited
 .text.tu_edpt_claim
                0x10005ed0       0x50 boton_encendido/CMakeFiles/boton_encendido.dir/C_/Program_Files/Raspberry_Pi/Pico_SDK_v1.5.1/pico-sdk/lib/tinyusb/src/tusb.c.obj
                0x10005ed0                tu_edpt_claim
 .text.tu_edpt_release
                0x10005f20       0x3c boton_encendido/CMakeFiles/boton_encendido.dir/C_/Program_Files/Raspberry_Pi/Pico_SDK_v1.5.1/pico-sdk/lib/tinyusb/src/tusb.c.obj
                0x10005f20                tu_edpt_release
 .text.tu_edpt_validate
                0x10005f5c       0x78 boton_encendido/CMakeFiles/boton_encendido.dir/C_/Program_Files/Raspberry_Pi/Pico_SDK_v1.5.1/pico-sdk/lib/tinyusb/src/tusb.c.obj
                0x10005f5c                tu_edpt_validate
 .text.tu_edpt_bind_driver
                0x10005fd4       0x26 boton_encendido/CMakeFiles/boton_encendido.dir/C_/Program_Files/Raspberry_Pi/Pico_SDK_v1.5.1/pico-sdk/lib/tinyusb/src/tusb.c.obj
                0x10005fd4                tu_edpt_bind_driver
 .text.advance_index
                0x10005ffa       0x1a boton_encendido/CMakeFiles/boton_encendido.dir/C_/Program_Files/Raspberry_Pi/Pico_SDK_v1.5.1/pico-sdk/lib/tinyusb/src/common/tusb_fifo.c.obj
 .text._tu_fifo_peek
                0x10006014       0x56 boton_encendido/CMakeFiles/boton_encendido.dir/C_/Program_Files/Raspberry_Pi/Pico_SDK_v1.5.1/pico-sdk/lib/tinyusb/src/common/tusb_fifo.c.obj
 .text._ff_pull_const_addr
                0x1000606a       0x4c boton_encendido/CMakeFiles/boton_encendido.dir/C_/Program_Files/Raspberry_Pi/Pico_SDK_v1.5.1/pico-sdk/lib/tinyusb/src/common/tusb_fifo.c.obj
 .text._ff_pull_n
                0x100060b6      0x110 boton_encendido/CMakeFiles/boton_encendido.dir/C_/Program_Files/Raspberry_Pi/Pico_SDK_v1.5.1/pico-sdk/lib/tinyusb/src/common/tusb_fifo.c.obj
 .text._tu_fifo_peek_n
                0x100061c6       0x6a boton_encendido/CMakeFiles/boton_encendido.dir/C_/Program_Files/Raspberry_Pi/Pico_SDK_v1.5.1/pico-sdk/lib/tinyusb/src/common/tusb_fifo.c.obj
 .text._tu_fifo_read_n
                0x10006230       0x4e boton_encendido/CMakeFiles/boton_encendido.dir/C_/Program_Files/Raspberry_Pi/Pico_SDK_v1.5.1/pico-sdk/lib/tinyusb/src/common/tusb_fifo.c.obj
 .text._ff_push_const_addr
                0x1000627e       0x40 boton_encendido/CMakeFiles/boton_encendido.dir/C_/Program_Files/Raspberry_Pi/Pico_SDK_v1.5.1/pico-sdk/lib/tinyusb/src/common/tusb_fifo.c.obj
 .text._ff_push_n
                0x100062be      0x10c boton_encendido/CMakeFiles/boton_encendido.dir/C_/Program_Files/Raspberry_Pi/Pico_SDK_v1.5.1/pico-sdk/lib/tinyusb/src/common/tusb_fifo.c.obj
 .text._tu_fifo_write_n
                0x100063ca       0xf0 boton_encendido/CMakeFiles/boton_encendido.dir/C_/Program_Files/Raspberry_Pi/Pico_SDK_v1.5.1/pico-sdk/lib/tinyusb/src/common/tusb_fifo.c.obj
 .text.tu_fifo_config
                0x100064ba       0x7c boton_encendido/CMakeFiles/boton_encendido.dir/C_/Program_Files/Raspberry_Pi/Pico_SDK_v1.5.1/pico-sdk/lib/tinyusb/src/common/tusb_fifo.c.obj
                0x100064ba                tu_fifo_config
 .text.tu_fifo_count
                0x10006536       0x2a boton_encendido/CMakeFiles/boton_encendido.dir/C_/Program_Files/Raspberry_Pi/Pico_SDK_v1.5.1/pico-sdk/lib/tinyusb/src/common/tusb_fifo.c.obj
                0x10006536                tu_fifo_count
 .text.tu_fifo_empty
                0x10006560       0x10 boton_encendido/CMakeFiles/boton_encendido.dir/C_/Program_Files/Raspberry_Pi/Pico_SDK_v1.5.1/pico-sdk/lib/tinyusb/src/common/tusb_fifo.c.obj
                0x10006560                tu_fifo_empty
 .text.tu_fifo_full
                0x10006570       0x28 boton_encendido/CMakeFiles/boton_encendido.dir/C_/Program_Files/Raspberry_Pi/Pico_SDK_v1.5.1/pico-sdk/lib/tinyusb/src/common/tusb_fifo.c.obj
                0x10006570                tu_fifo_full
 .text.tu_fifo_remaining
                0x10006598       0x2c boton_encendido/CMakeFiles/boton_encendido.dir/C_/Program_Files/Raspberry_Pi/Pico_SDK_v1.5.1/pico-sdk/lib/tinyusb/src/common/tusb_fifo.c.obj
                0x10006598                tu_fifo_remaining
 .text.tu_fifo_read
                0x100065c4       0x42 boton_encendido/CMakeFiles/boton_encendido.dir/C_/Program_Files/Raspberry_Pi/Pico_SDK_v1.5.1/pico-sdk/lib/tinyusb/src/common/tusb_fifo.c.obj
                0x100065c4                tu_fifo_read
 .text.tu_fifo_read_n
                0x10006606        0xa boton_encendido/CMakeFiles/boton_encendido.dir/C_/Program_Files/Raspberry_Pi/Pico_SDK_v1.5.1/pico-sdk/lib/tinyusb/src/common/tusb_fifo.c.obj
                0x10006606                tu_fifo_read_n
 .text.tu_fifo_write
                0x10006610       0x64 boton_encendido/CMakeFiles/boton_encendido.dir/C_/Program_Files/Raspberry_Pi/Pico_SDK_v1.5.1/pico-sdk/lib/tinyusb/src/common/tusb_fifo.c.obj
                0x10006610                tu_fifo_write
 .text.tu_fifo_write_n
                0x10006674        0xa boton_encendido/CMakeFiles/boton_encendido.dir/C_/Program_Files/Raspberry_Pi/Pico_SDK_v1.5.1/pico-sdk/lib/tinyusb/src/common/tusb_fifo.c.obj
                0x10006674                tu_fifo_write_n
 .text.tu_fifo_clear
                0x1000667e       0x3e boton_encendido/CMakeFiles/boton_encendido.dir/C_/Program_Files/Raspberry_Pi/Pico_SDK_v1.5.1/pico-sdk/lib/tinyusb/src/common/tusb_fifo.c.obj
                0x1000667e                tu_fifo_clear
 .text.tu_fifo_set_overwritable
                0x100066bc       0x46 boton_encendido/CMakeFiles/boton_encendido.dir/C_/Program_Files/Raspberry_Pi/Pico_SDK_v1.5.1/pico-sdk/lib/tinyusb/src/common/tusb_fifo.c.obj
                0x100066bc                tu_fifo_set_overwritable
 *fill*         0x10006702        0x2 
 .text.strlen   0x10006704       0x5c c:/progra~1/raspbe~1/picosd~1.1/gcc-ar~1/bin/../lib/gcc/arm-none-eabi/10.3.1/../../../../arm-none-eabi/lib/thumb/v6-m/nofp\libg.a(lib_a-strlen-stub.o)
                0x10006704                strlen
 *(.fini)
 .fini          0x10006760        0x4 c:/progra~1/raspbe~1/picosd~1.1/gcc-ar~1/bin/../lib/gcc/arm-none-eabi/10.3.1/thumb/v6-m/nofp/crti.o
                0x10006760                _fini
 *fill*         0x10006764        0x4 
 .fini.__stub   0x10006768       0xe0 linker stubs
 *crtbegin.o(.ctors)
 *crtbegin?.o(.ctors)
 *(EXCLUDE_FILE(*crtend.o *crtend?.o) .ctors)
 *(SORT_BY_NAME(.ctors.*))
 *(.ctors)
 *crtbegin.o(.dtors)
 *crtbegin?.o(.dtors)
 *(EXCLUDE_FILE(*crtend.o *crtend?.o) .dtors)
 *(SORT_BY_NAME(.dtors.*))
 *(.dtors)
 *(.eh_frame*)
 .eh_frame      0x10006848        0x0 c:/progra~1/raspbe~1/picosd~1.1/gcc-ar~1/bin/../lib/gcc/arm-none-eabi/10.3.1/thumb/v6-m/nofp/crtbegin.o
                0x10006848                . = ALIGN (0x4)

.glue_7         0x10006848        0x0
 .glue_7        0x10006848        0x0 linker stubs

.glue_7t        0x10006848        0x0
 .glue_7t       0x10006848        0x0 linker stubs

.vfp11_veneer   0x10006848        0x0
 .vfp11_veneer  0x10006848        0x0 linker stubs

.v4_bx          0x10006848        0x0
 .v4_bx         0x10006848        0x0 linker stubs

.iplt           0x10006848        0x0
 .iplt          0x10006848        0x0 c:/progra~1/raspbe~1/picosd~1.1/gcc-ar~1/bin/../lib/gcc/arm-none-eabi/10.3.1/thumb/v6-m/nofp/crtbegin.o

.rodata         0x10006848     0x1774
 *(EXCLUDE_FILE(*libm.a: *libc.a:*lib_a-mem*.o *libgcc.a:) .rodata*)
 .rodata.main.str1.4
                0x10006848       0x27 boton_encendido/CMakeFiles/boton_encendido.dir/boton_encendido.c.obj
 *fill*         0x1000686f        0x1 
 .rodata.spin_lock_claim_unused.str1.4
                0x10006870       0x1b boton_encendido/CMakeFiles/boton_encendido.dir/C_/Program_Files/Raspberry_Pi/Pico_SDK_v1.5.1/pico-sdk/src/rp2_common/hardware_sync/sync.c.obj
 *fill*         0x1000688b        0x1 
 .rodata.make_branch.str1.4
                0x1000688c       0x89 boton_encendido/CMakeFiles/boton_encendido.dir/C_/Program_Files/Raspberry_Pi/Pico_SDK_v1.5.1/pico-sdk/src/rp2_common/hardware_irq/irq.c.obj
 *fill*         0x10006915        0x3 
 .rodata.insert_branch_and_link.str1.4
                0x10006918       0x10 boton_encendido/CMakeFiles/boton_encendido.dir/C_/Program_Files/Raspberry_Pi/Pico_SDK_v1.5.1/pico-sdk/src/rp2_common/hardware_irq/irq.c.obj
 .rodata.irq_set_exclusive_handler.str1.4
                0x10006928       0x36 boton_encendido/CMakeFiles/boton_encendido.dir/C_/Program_Files/Raspberry_Pi/Pico_SDK_v1.5.1/pico-sdk/src/rp2_common/hardware_irq/irq.c.obj
 *fill*         0x1000695e        0x2 
 .rodata.irq_add_shared_handler.str1.4
                0x10006960       0xd9 boton_encendido/CMakeFiles/boton_encendido.dir/C_/Program_Files/Raspberry_Pi/Pico_SDK_v1.5.1/pico-sdk/src/rp2_common/hardware_irq/irq.c.obj
 *fill*         0x10006a39        0x3 
 .rodata.irq_remove_handler.str1.4
                0x10006a3c       0x3a boton_encendido/CMakeFiles/boton_encendido.dir/C_/Program_Files/Raspberry_Pi/Pico_SDK_v1.5.1/pico-sdk/src/rp2_common/hardware_irq/irq.c.obj
 *fill*         0x10006a76        0x2 
 .rodata.irq_add_tail_to_free_list.str1.4
                0x10006a78       0x3a boton_encendido/CMakeFiles/boton_encendido.dir/C_/Program_Files/Raspberry_Pi/Pico_SDK_v1.5.1/pico-sdk/src/rp2_common/hardware_irq/irq.c.obj
 *fill*         0x10006ab2        0x2 
 .rodata.user_irq_claim_unused.str1.4
                0x10006ab4       0x1b boton_encendido/CMakeFiles/boton_encendido.dir/C_/Program_Files/Raspberry_Pi/Pico_SDK_v1.5.1/pico-sdk/src/rp2_common/hardware_irq/irq.c.obj
 *fill*         0x10006acf        0x1 
 .rodata.__func__.0
                0x10006ad0       0x1a boton_encendido/CMakeFiles/boton_encendido.dir/C_/Program_Files/Raspberry_Pi/Pico_SDK_v1.5.1/pico-sdk/src/rp2_common/hardware_irq/irq.c.obj
 *fill*         0x10006aea        0x2 
 .rodata.__func__.1
                0x10006aec       0x17 boton_encendido/CMakeFiles/boton_encendido.dir/C_/Program_Files/Raspberry_Pi/Pico_SDK_v1.5.1/pico-sdk/src/rp2_common/hardware_irq/irq.c.obj
 *fill*         0x10006b03        0x1 
 .rodata.__func__.2
                0x10006b04       0x13 boton_encendido/CMakeFiles/boton_encendido.dir/C_/Program_Files/Raspberry_Pi/Pico_SDK_v1.5.1/pico-sdk/src/rp2_common/hardware_irq/irq.c.obj
 *fill*         0x10006b17        0x1 
 .rodata.__func__.3
                0x10006b18        0xc boton_encendido/CMakeFiles/boton_encendido.dir/C_/Program_Files/Raspberry_Pi/Pico_SDK_v1.5.1/pico-sdk/src/rp2_common/hardware_irq/irq.c.obj
 .rodata.__func__.4
                0x10006b24        0xf boton_encendido/CMakeFiles/boton_encendido.dir/C_/Program_Files/Raspberry_Pi/Pico_SDK_v1.5.1/pico-sdk/src/rp2_common/hardware_irq/irq.c.obj
 *fill*         0x10006b33        0x1 
 .rodata.__func__.5
                0x10006b34       0x17 boton_encendido/CMakeFiles/boton_encendido.dir/C_/Program_Files/Raspberry_Pi/Pico_SDK_v1.5.1/pico-sdk/src/rp2_common/hardware_irq/irq.c.obj
 *fill*         0x10006b4b        0x1 
 .rodata.__func__.6
                0x10006b4c       0x1a boton_encendido/CMakeFiles/boton_encendido.dir/C_/Program_Files/Raspberry_Pi/Pico_SDK_v1.5.1/pico-sdk/src/rp2_common/hardware_irq/irq.c.obj
 *fill*         0x10006b66        0x2 
 .rodata.str1.4
                0x10006b68      0x125 boton_encendido/CMakeFiles/boton_encendido.dir/C_/Program_Files/Raspberry_Pi/Pico_SDK_v1.5.1/pico-sdk/src/common/pico_sync/mutex.c.obj
 *fill*         0x10006c8d        0x3 
 .rodata.__func__.1
                0x10006c90        0xb boton_encendido/CMakeFiles/boton_encendido.dir/C_/Program_Files/Raspberry_Pi/Pico_SDK_v1.5.1/pico-sdk/src/common/pico_sync/mutex.c.obj
 *fill*         0x10006c9b        0x1 
 .rodata.__func__.3
                0x10006c9c       0x18 boton_encendido/CMakeFiles/boton_encendido.dir/C_/Program_Files/Raspberry_Pi/Pico_SDK_v1.5.1/pico-sdk/src/common/pico_sync/mutex.c.obj
 .rodata.__func__.4
                0x10006cb4       0x15 boton_encendido/CMakeFiles/boton_encendido.dir/C_/Program_Files/Raspberry_Pi/Pico_SDK_v1.5.1/pico-sdk/src/common/pico_sync/mutex.c.obj
 *fill*         0x10006cc9        0x3 
 .rodata.repeating_timer_callback.str1.4
                0x10006ccc       0x67 boton_encendido/CMakeFiles/boton_encendido.dir/C_/Program_Files/Raspberry_Pi/Pico_SDK_v1.5.1/pico-sdk/src/common/pico_time/time.c.obj
 *fill*         0x10006d33        0x1 
 .rodata.timer_pool_entry_comparator.str1.4
                0x10006d34       0x22 boton_encendido/CMakeFiles/boton_encendido.dir/C_/Program_Files/Raspberry_Pi/Pico_SDK_v1.5.1/pico-sdk/src/common/pico_time/time.c.obj
 *fill*         0x10006d56        0x2 
 .rodata.ph_add_child_node.str1.4
                0x10006d58       0xb2 boton_encendido/CMakeFiles/boton_encendido.dir/C_/Program_Files/Raspberry_Pi/Pico_SDK_v1.5.1/pico-sdk/src/common/pico_time/time.c.obj
 *fill*         0x10006e0a        0x2 
 .rodata.add_alarm_under_lock.str1.4
                0x10006e0c       0x28 boton_encendido/CMakeFiles/boton_encendido.dir/C_/Program_Files/Raspberry_Pi/Pico_SDK_v1.5.1/pico-sdk/src/common/pico_time/time.c.obj
                                 0x2b (size before relaxing)
 .rodata.alarm_pool_alarm_callback.str1.4
                0x10006e34       0x98 boton_encendido/CMakeFiles/boton_encendido.dir/C_/Program_Files/Raspberry_Pi/Pico_SDK_v1.5.1/pico-sdk/src/common/pico_time/time.c.obj
                                0x118 (size before relaxing)
 .rodata.alarm_pool_get_default.str1.4
                0x10006ecc       0x21 boton_encendido/CMakeFiles/boton_encendido.dir/C_/Program_Files/Raspberry_Pi/Pico_SDK_v1.5.1/pico-sdk/src/common/pico_time/time.c.obj
 *fill*         0x10006eed        0x3 
 .rodata.alarm_pool_cancel_alarm.str1.4
                0x10006ef0       0x27 boton_encendido/CMakeFiles/boton_encendido.dir/C_/Program_Files/Raspberry_Pi/Pico_SDK_v1.5.1/pico-sdk/src/common/pico_time/time.c.obj
 *fill*         0x10006f17        0x1 
 .rodata.sleep_until.str1.4
                0x10006f18       0x4d boton_encendido/CMakeFiles/boton_encendido.dir/C_/Program_Files/Raspberry_Pi/Pico_SDK_v1.5.1/pico-sdk/src/common/pico_time/time.c.obj
 *fill*         0x10006f65        0x3 
 .rodata.__func__.1
                0x10006f68       0x18 boton_encendido/CMakeFiles/boton_encendido.dir/C_/Program_Files/Raspberry_Pi/Pico_SDK_v1.5.1/pico-sdk/src/common/pico_time/time.c.obj
 .rodata.__func__.10
                0x10006f80       0x15 boton_encendido/CMakeFiles/boton_encendido.dir/C_/Program_Files/Raspberry_Pi/Pico_SDK_v1.5.1/pico-sdk/src/common/pico_time/time.c.obj
 *fill*         0x10006f95        0x3 
 .rodata.__func__.11
                0x10006f98       0x1a boton_encendido/CMakeFiles/boton_encendido.dir/C_/Program_Files/Raspberry_Pi/Pico_SDK_v1.5.1/pico-sdk/src/common/pico_time/time.c.obj
 *fill*         0x10006fb2        0x2 
 .rodata.__func__.12
                0x10006fb4        0xa boton_encendido/CMakeFiles/boton_encendido.dir/C_/Program_Files/Raspberry_Pi/Pico_SDK_v1.5.1/pico-sdk/src/common/pico_time/time.c.obj
 *fill*         0x10006fbe        0x2 
 .rodata.__func__.3
                0x10006fc0       0x17 boton_encendido/CMakeFiles/boton_encendido.dir/C_/Program_Files/Raspberry_Pi/Pico_SDK_v1.5.1/pico-sdk/src/common/pico_time/time.c.obj
 *fill*         0x10006fd7        0x1 
 .rodata.__func__.4
                0x10006fd8       0x12 boton_encendido/CMakeFiles/boton_encendido.dir/C_/Program_Files/Raspberry_Pi/Pico_SDK_v1.5.1/pico-sdk/src/common/pico_time/time.c.obj
 *fill*         0x10006fea        0x2 
 .rodata.__func__.5
                0x10006fec        0xd boton_encendido/CMakeFiles/boton_encendido.dir/C_/Program_Files/Raspberry_Pi/Pico_SDK_v1.5.1/pico-sdk/src/common/pico_time/time.c.obj
 *fill*         0x10006ff9        0x3 
 .rodata.__func__.6
                0x10006ffc       0x12 boton_encendido/CMakeFiles/boton_encendido.dir/C_/Program_Files/Raspberry_Pi/Pico_SDK_v1.5.1/pico-sdk/src/common/pico_time/time.c.obj
 *fill*         0x1000700e        0x2 
 .rodata.__func__.7
                0x10007010        0xf boton_encendido/CMakeFiles/boton_encendido.dir/C_/Program_Files/Raspberry_Pi/Pico_SDK_v1.5.1/pico-sdk/src/common/pico_time/time.c.obj
 *fill*         0x1000701f        0x1 
 .rodata.__func__.8
                0x10007020        0xc boton_encendido/CMakeFiles/boton_encendido.dir/C_/Program_Files/Raspberry_Pi/Pico_SDK_v1.5.1/pico-sdk/src/common/pico_time/time.c.obj
 .rodata.__func__.9
                0x1000702c       0x15 boton_encendido/CMakeFiles/boton_encendido.dir/C_/Program_Files/Raspberry_Pi/Pico_SDK_v1.5.1/pico-sdk/src/common/pico_time/time.c.obj
 *fill*         0x10007041        0x3 
 .rodata.hardware_alarm_claim.str1.4
                0x10007044       0x22 boton_encendido/CMakeFiles/boton_encendido.dir/C_/Program_Files/Raspberry_Pi/Pico_SDK_v1.5.1/pico-sdk/src/rp2_common/hardware_timer/timer.c.obj
 *fill*         0x10007066        0x2 
 .rodata.hardware_alarm_set_target.str1.4
                0x10007068       0x81 boton_encendido/CMakeFiles/boton_encendido.dir/C_/Program_Files/Raspberry_Pi/Pico_SDK_v1.5.1/pico-sdk/src/rp2_common/hardware_timer/timer.c.obj
 *fill*         0x100070e9        0x3 
 .rodata.__func__.0
                0x100070ec       0x1a boton_encendido/CMakeFiles/boton_encendido.dir/C_/Program_Files/Raspberry_Pi/Pico_SDK_v1.5.1/pico-sdk/src/rp2_common/hardware_timer/timer.c.obj
 .rodata.ph_add_child_node.str1.4
                0x10007106       0xb2 boton_encendido/CMakeFiles/boton_encendido.dir/C_/Program_Files/Raspberry_Pi/Pico_SDK_v1.5.1/pico-sdk/src/common/pico_util/pheap.c.obj
 *fill*         0x10007106        0x2 
 .rodata.ph_remove_any_head.str1.4
                0x10007108       0xa8 boton_encendido/CMakeFiles/boton_encendido.dir/C_/Program_Files/Raspberry_Pi/Pico_SDK_v1.5.1/pico-sdk/src/common/pico_util/pheap.c.obj
                                 0xbc (size before relaxing)
 .rodata.ph_remove_and_free_node.str1.4
                0x100071b0       0x1e boton_encendido/CMakeFiles/boton_encendido.dir/C_/Program_Files/Raspberry_Pi/Pico_SDK_v1.5.1/pico-sdk/src/common/pico_util/pheap.c.obj
                                 0x26 (size before relaxing)
 *fill*         0x100071ce        0x2 
 .rodata.__func__.0
                0x100071d0       0x18 boton_encendido/CMakeFiles/boton_encendido.dir/C_/Program_Files/Raspberry_Pi/Pico_SDK_v1.5.1/pico-sdk/src/common/pico_util/pheap.c.obj
 .rodata.__func__.1
                0x100071e8       0x13 boton_encendido/CMakeFiles/boton_encendido.dir/C_/Program_Files/Raspberry_Pi/Pico_SDK_v1.5.1/pico-sdk/src/common/pico_util/pheap.c.obj
 *fill*         0x100071fb        0x1 
 .rodata.__func__.2
                0x100071fc       0x12 boton_encendido/CMakeFiles/boton_encendido.dir/C_/Program_Files/Raspberry_Pi/Pico_SDK_v1.5.1/pico-sdk/src/common/pico_util/pheap.c.obj
 *fill*         0x1000720e        0x2 
 .rodata.__func__.3
                0x10007210        0xc boton_encendido/CMakeFiles/boton_encendido.dir/C_/Program_Files/Raspberry_Pi/Pico_SDK_v1.5.1/pico-sdk/src/common/pico_util/pheap.c.obj
 .rodata.clock_configure.str1.4
                0x1000721c       0x73 boton_encendido/CMakeFiles/boton_encendido.dir/C_/Program_Files/Raspberry_Pi/Pico_SDK_v1.5.1/pico-sdk/src/rp2_common/hardware_clocks/clocks.c.obj
 *fill*         0x1000728f        0x1 
 .rodata.__func__.1
                0x10007290       0x10 boton_encendido/CMakeFiles/boton_encendido.dir/C_/Program_Files/Raspberry_Pi/Pico_SDK_v1.5.1/pico-sdk/src/rp2_common/hardware_clocks/clocks.c.obj
 .rodata.pll_init.str1.4
                0x100072a0      0x140 boton_encendido/CMakeFiles/boton_encendido.dir/C_/Program_Files/Raspberry_Pi/Pico_SDK_v1.5.1/pico-sdk/src/rp2_common/hardware_pll/pll.c.obj
 .rodata.__func__.0
                0x100073e0        0x9 boton_encendido/CMakeFiles/boton_encendido.dir/C_/Program_Files/Raspberry_Pi/Pico_SDK_v1.5.1/pico-sdk/src/rp2_common/hardware_pll/pll.c.obj
 *fill*         0x100073e9        0x3 
 .rodata.__assert_func.str1.4
                0x100073ec       0x3f boton_encendido/CMakeFiles/boton_encendido.dir/C_/Program_Files/Raspberry_Pi/Pico_SDK_v1.5.1/pico-sdk/src/rp2_common/pico_runtime/runtime.c.obj
                                 0x43 (size before relaxing)
 *fill*         0x1000742b        0x1 
 .rodata.runtime_init.str1.4
                0x1000742c       0x7d boton_encendido/CMakeFiles/boton_encendido.dir/C_/Program_Files/Raspberry_Pi/Pico_SDK_v1.5.1/pico-sdk/src/rp2_common/pico_runtime/runtime.c.obj
 *fill*         0x100074a9        0x3 
 .rodata.panic.str1.4
                0x100074ac       0x12 boton_encendido/CMakeFiles/boton_encendido.dir/C_/Program_Files/Raspberry_Pi/Pico_SDK_v1.5.1/pico-sdk/src/rp2_common/pico_runtime/runtime.c.obj
 *fill*         0x100074be        0x2 
 .rodata.__func__.2
                0x100074c0        0xd boton_encendido/CMakeFiles/boton_encendido.dir/C_/Program_Files/Raspberry_Pi/Pico_SDK_v1.5.1/pico-sdk/src/rp2_common/pico_runtime/runtime.c.obj
 *fill*         0x100074cd        0x3 
 .rodata._ftoa.str1.4
                0x100074d0       0x15 boton_encendido/CMakeFiles/boton_encendido.dir/C_/Program_Files/Raspberry_Pi/Pico_SDK_v1.5.1/pico-sdk/src/rp2_common/pico_printf/printf.c.obj
 *fill*         0x100074e5        0x3 
 .rodata._vsnprintf
                0x100074e8      0x1e0 boton_encendido/CMakeFiles/boton_encendido.dir/C_/Program_Files/Raspberry_Pi/Pico_SDK_v1.5.1/pico-sdk/src/rp2_common/pico_printf/printf.c.obj
 .rodata.pow10.0
                0x100076c8       0x50 boton_encendido/CMakeFiles/boton_encendido.dir/C_/Program_Files/Raspberry_Pi/Pico_SDK_v1.5.1/pico-sdk/src/rp2_common/pico_printf/printf.c.obj
 .rodata.missing_double_func_shim.str1.4
                0x10007718       0x18 boton_encendido/CMakeFiles/boton_encendido.dir/C_/Program_Files/Raspberry_Pi/Pico_SDK_v1.5.1/pico-sdk/src/rp2_common/pico_double/double_init_rom.c.obj
 .rodata.__aeabi_double_init.str1.4
                0x10007730       0xb8 boton_encendido/CMakeFiles/boton_encendido.dir/C_/Program_Files/Raspberry_Pi/Pico_SDK_v1.5.1/pico-sdk/src/rp2_common/pico_double/double_init_rom.c.obj
 .rodata.__func__.0
                0x100077e8       0x14 boton_encendido/CMakeFiles/boton_encendido.dir/C_/Program_Files/Raspberry_Pi/Pico_SDK_v1.5.1/pico-sdk/src/rp2_common/pico_double/double_init_rom.c.obj
 .rodata.missing_float_func_shim.str1.4
                0x100077fc        0x1 boton_encendido/CMakeFiles/boton_encendido.dir/C_/Program_Files/Raspberry_Pi/Pico_SDK_v1.5.1/pico-sdk/src/rp2_common/pico_float/float_init_rom.c.obj
 .rodata.__aeabi_float_init.str1.4
                0x100077fc       0x96 boton_encendido/CMakeFiles/boton_encendido.dir/C_/Program_Files/Raspberry_Pi/Pico_SDK_v1.5.1/pico-sdk/src/rp2_common/pico_float/float_init_rom.c.obj
 *fill*         0x10007892        0x2 
 .rodata.__func__.0
                0x10007894       0x13 boton_encendido/CMakeFiles/boton_encendido.dir/C_/Program_Files/Raspberry_Pi/Pico_SDK_v1.5.1/pico-sdk/src/rp2_common/pico_float/float_init_rom.c.obj
 *fill*         0x100078a7        0x1 
 .rodata.str1.4
                0x100078a8       0x44 boton_encendido/CMakeFiles/boton_encendido.dir/C_/Program_Files/Raspberry_Pi/Pico_SDK_v1.5.1/pico-sdk/src/rp2_common/pico_standard_link/binary_info.c.obj
 .rodata.__bi_44
                0x100078ec        0xc boton_encendido/CMakeFiles/boton_encendido.dir/C_/Program_Files/Raspberry_Pi/Pico_SDK_v1.5.1/pico-sdk/src/rp2_common/pico_standard_link/binary_info.c.obj
 .rodata.__bi_75
                0x100078f8        0xc boton_encendido/CMakeFiles/boton_encendido.dir/C_/Program_Files/Raspberry_Pi/Pico_SDK_v1.5.1/pico-sdk/src/rp2_common/pico_standard_link/binary_info.c.obj
 .rodata.__bi_81
                0x10007904        0xc boton_encendido/CMakeFiles/boton_encendido.dir/C_/Program_Files/Raspberry_Pi/Pico_SDK_v1.5.1/pico-sdk/src/rp2_common/pico_standard_link/binary_info.c.obj
 .rodata.stdout_serialize_begin.str1.4
                0x10007910       0x7d boton_encendido/CMakeFiles/boton_encendido.dir/C_/Program_Files/Raspberry_Pi/Pico_SDK_v1.5.1/pico-sdk/src/rp2_common/pico_stdio/stdio.c.obj
 .rodata.__func__.3
                0x10007910       0x15 boton_encendido/CMakeFiles/boton_encendido.dir/C_/Program_Files/Raspberry_Pi/Pico_SDK_v1.5.1/pico-sdk/src/rp2_common/pico_stdio/stdio.c.obj
 *fill*         0x10007925        0x3 
 .rodata.crlf_str.2
                0x10007928        0x2 boton_encendido/CMakeFiles/boton_encendido.dir/C_/Program_Files/Raspberry_Pi/Pico_SDK_v1.5.1/pico-sdk/src/rp2_common/pico_stdio/stdio.c.obj
 *fill*         0x1000792a        0x2 
 .rodata._resetd_driver
                0x1000792c       0x18 boton_encendido/CMakeFiles/boton_encendido.dir/C_/Program_Files/Raspberry_Pi/Pico_SDK_v1.5.1/pico-sdk/src/rp2_common/pico_stdio_usb/reset_interface.c.obj
 .rodata.low_priority_worker_irq.str1.4
                0x10007944       0x7d boton_encendido/CMakeFiles/boton_encendido.dir/C_/Program_Files/Raspberry_Pi/Pico_SDK_v1.5.1/pico-sdk/src/rp2_common/pico_stdio_usb/stdio_usb.c.obj
 .rodata.stdio_usb_init.str1.4
                0x10007944       0x61 boton_encendido/CMakeFiles/boton_encendido.dir/C_/Program_Files/Raspberry_Pi/Pico_SDK_v1.5.1/pico-sdk/src/rp2_common/pico_stdio_usb/stdio_usb.c.obj
                                 0x69 (size before relaxing)
 *fill*         0x100079a5        0x3 
 .rodata.str1.4
                0x100079a8       0x13 boton_encendido/CMakeFiles/boton_encendido.dir/C_/Program_Files/Raspberry_Pi/Pico_SDK_v1.5.1/pico-sdk/src/rp2_common/pico_stdio_usb/stdio_usb.c.obj
 *fill*         0x100079bb        0x1 
 .rodata.__bi_182.0
                0x100079bc        0xc boton_encendido/CMakeFiles/boton_encendido.dir/C_/Program_Files/Raspberry_Pi/Pico_SDK_v1.5.1/pico-sdk/src/rp2_common/pico_stdio_usb/stdio_usb.c.obj
 .rodata.__func__.1
                0x100079c8        0xf boton_encendido/CMakeFiles/boton_encendido.dir/C_/Program_Files/Raspberry_Pi/Pico_SDK_v1.5.1/pico-sdk/src/rp2_common/pico_stdio_usb/stdio_usb.c.obj
 *fill*         0x100079d7        0x1 
 .rodata.__func__.3
                0x100079d8       0x15 boton_encendido/CMakeFiles/boton_encendido.dir/C_/Program_Files/Raspberry_Pi/Pico_SDK_v1.5.1/pico-sdk/src/rp2_common/pico_stdio_usb/stdio_usb.c.obj
 *fill*         0x100079ed        0x3 
 .rodata.str1.4
                0x100079f0       0x2a boton_encendido/CMakeFiles/boton_encendido.dir/ae783cfadb10a0055c655bcf0b179659/pico-sdk/src/rp2_common/pico_stdio_usb/stdio_usb_descriptors.c.obj
 *fill*         0x10007a1a        0x2 
 .rodata.usbd_desc_cfg
                0x10007a1c       0x54 boton_encendido/CMakeFiles/boton_encendido.dir/ae783cfadb10a0055c655bcf0b179659/pico-sdk/src/rp2_common/pico_stdio_usb/stdio_usb_descriptors.c.obj
 .rodata.usbd_desc_device
                0x10007a70       0x12 boton_encendido/CMakeFiles/boton_encendido.dir/ae783cfadb10a0055c655bcf0b179659/pico-sdk/src/rp2_common/pico_stdio_usb/stdio_usb_descriptors.c.obj
 *fill*         0x10007a82        0x2 
 .rodata.usbd_desc_str
                0x10007a84       0x18 boton_encendido/CMakeFiles/boton_encendido.dir/ae783cfadb10a0055c655bcf0b179659/pico-sdk/src/rp2_common/pico_stdio_usb/stdio_usb_descriptors.c.obj
 .rodata.pico_get_unique_board_id_string.str1.4
                0x10007a9c       0x69 boton_encendido/CMakeFiles/boton_encendido.dir/C_/Program_Files/Raspberry_Pi/Pico_SDK_v1.5.1/pico-sdk/src/rp2_common/pico_unique_id/unique_id.c.obj
 *fill*         0x10007b05        0x3 
 .rodata.__func__.0
                0x10007b08       0x20 boton_encendido/CMakeFiles/boton_encendido.dir/C_/Program_Files/Raspberry_Pi/Pico_SDK_v1.5.1/pico-sdk/src/rp2_common/pico_unique_id/unique_id.c.obj
 .rodata.str1.4
                0x10007b28      0x176 boton_encendido/CMakeFiles/boton_encendido.dir/C_/Program_Files/Raspberry_Pi/Pico_SDK_v1.5.1/pico-sdk/src/rp2_common/hardware_flash/flash.c.obj
 *fill*         0x10007c9e        0x2 
 .rodata.__func__.0
                0x10007ca0        0xd boton_encendido/CMakeFiles/boton_encendido.dir/C_/Program_Files/Raspberry_Pi/Pico_SDK_v1.5.1/pico-sdk/src/rp2_common/hardware_flash/flash.c.obj
 *fill*         0x10007cad        0x3 
 .rodata._hw_endpoint_alloc.str1.4
                0x10007cb0       0xd1 boton_encendido/CMakeFiles/boton_encendido.dir/ae783cfadb10a0055c655bcf0b179659/pico-sdk/lib/tinyusb/src/portable/raspberrypi/rp2040/dcd_rp2040.c.obj
 *fill*         0x10007d81        0x3 
 .rodata.str1.4
                0x10007d84       0x14 boton_encendido/CMakeFiles/boton_encendido.dir/ae783cfadb10a0055c655bcf0b179659/pico-sdk/lib/tinyusb/src/portable/raspberrypi/rp2040/dcd_rp2040.c.obj
 .rodata.dcd_int_enable.str1.4
                0x10007d98        0xc boton_encendido/CMakeFiles/boton_encendido.dir/ae783cfadb10a0055c655bcf0b179659/pico-sdk/lib/tinyusb/src/portable/raspberrypi/rp2040/dcd_rp2040.c.obj
 .rodata.__func__.0
                0x10007da4        0xe boton_encendido/CMakeFiles/boton_encendido.dir/ae783cfadb10a0055c655bcf0b179659/pico-sdk/lib/tinyusb/src/portable/raspberrypi/rp2040/dcd_rp2040.c.obj
 *fill*         0x10007db2        0x2 
 .rodata.__func__.1
                0x10007db4        0xe boton_encendido/CMakeFiles/boton_encendido.dir/ae783cfadb10a0055c655bcf0b179659/pico-sdk/lib/tinyusb/src/portable/raspberrypi/rp2040/dcd_rp2040.c.obj
 *fill*         0x10007dc2        0x2 
 .rodata.__func__.3
                0x10007dc4       0x10 boton_encendido/CMakeFiles/boton_encendido.dir/ae783cfadb10a0055c655bcf0b179659/pico-sdk/lib/tinyusb/src/portable/raspberrypi/rp2040/dcd_rp2040.c.obj
 .rodata.__func__.5
                0x10007dd4        0xf boton_encendido/CMakeFiles/boton_encendido.dir/ae783cfadb10a0055c655bcf0b179659/pico-sdk/lib/tinyusb/src/portable/raspberrypi/rp2040/dcd_rp2040.c.obj
 *fill*         0x10007de3        0x1 
 .rodata.__func__.6
                0x10007de4       0x13 boton_encendido/CMakeFiles/boton_encendido.dir/ae783cfadb10a0055c655bcf0b179659/pico-sdk/lib/tinyusb/src/portable/raspberrypi/rp2040/dcd_rp2040.c.obj
 *fill*         0x10007df7        0x1 
 .rodata.__func__.7
                0x10007df8        0x9 boton_encendido/CMakeFiles/boton_encendido.dir/ae783cfadb10a0055c655bcf0b179659/pico-sdk/lib/tinyusb/src/portable/raspberrypi/rp2040/dcd_rp2040.c.obj
 *fill*         0x10007e01        0x3 
 .rodata.str1.4
                0x10007e04      0x103 boton_encendido/CMakeFiles/boton_encendido.dir/ae783cfadb10a0055c655bcf0b179659/pico-sdk/lib/tinyusb/src/portable/raspberrypi/rp2040/rp2040_usb.c.obj
 *fill*         0x10007f07        0x1 
 .rodata.__func__.0
                0x10007f08        0xf boton_encendido/CMakeFiles/boton_encendido.dir/ae783cfadb10a0055c655bcf0b179659/pico-sdk/lib/tinyusb/src/portable/raspberrypi/rp2040/rp2040_usb.c.obj
 *fill*         0x10007f17        0x1 
 .rodata.process_get_descriptor
                0x10007f18       0x40 boton_encendido/CMakeFiles/boton_encendido.dir/C_/Program_Files/Raspberry_Pi/Pico_SDK_v1.5.1/pico-sdk/lib/tinyusb/src/device/usbd.c.obj
 .rodata.process_control_request
                0x10007f58       0x28 boton_encendido/CMakeFiles/boton_encendido.dir/C_/Program_Files/Raspberry_Pi/Pico_SDK_v1.5.1/pico-sdk/lib/tinyusb/src/device/usbd.c.obj
 .rodata.tud_task_ext
                0x10007f80       0x24 boton_encendido/CMakeFiles/boton_encendido.dir/C_/Program_Files/Raspberry_Pi/Pico_SDK_v1.5.1/pico-sdk/lib/tinyusb/src/device/usbd.c.obj
 .rodata._usbd_driver
                0x10007fa4       0x18 boton_encendido/CMakeFiles/boton_encendido.dir/C_/Program_Files/Raspberry_Pi/Pico_SDK_v1.5.1/pico-sdk/lib/tinyusb/src/device/usbd.c.obj
                0x10007fbc                . = ALIGN (0x4)
 *(SORT_BY_ALIGNMENT(SORT_BY_NAME(.flashdata*)))
                0x10007fbc                . = ALIGN (0x4)

.ARM.extab
 *(.ARM.extab* .gnu.linkonce.armextab.*)
                0x10007fbc                __exidx_start = .

.ARM.exidx
 *(.ARM.exidx* .gnu.linkonce.armexidx.*)
                0x10007fbc                __exidx_end = .
                0x10007fbc                . = ALIGN (0x4)
                0x10007fbc                __binary_info_start = .

.binary_info    0x10007fbc       0x20
 *(.binary_info.keep.*)
 .binary_info.keep.__bi_ptr22
                0x10007fbc        0x4 boton_encendido/CMakeFiles/boton_encendido.dir/C_/Program_Files/Raspberry_Pi/Pico_SDK_v1.5.1/pico-sdk/src/rp2_common/pico_standard_link/binary_info.c.obj
 .binary_info.keep.__bi_ptr30
                0x10007fc0        0x4 boton_encendido/CMakeFiles/boton_encendido.dir/C_/Program_Files/Raspberry_Pi/Pico_SDK_v1.5.1/pico-sdk/src/rp2_common/pico_standard_link/binary_info.c.obj
 .binary_info.keep.__bi_ptr38
                0x10007fc4        0x4 boton_encendido/CMakeFiles/boton_encendido.dir/C_/Program_Files/Raspberry_Pi/Pico_SDK_v1.5.1/pico-sdk/src/rp2_common/pico_standard_link/binary_info.c.obj
 .binary_info.keep.__bi_ptr44
                0x10007fc8        0x4 boton_encendido/CMakeFiles/boton_encendido.dir/C_/Program_Files/Raspberry_Pi/Pico_SDK_v1.5.1/pico-sdk/src/rp2_common/pico_standard_link/binary_info.c.obj
 .binary_info.keep.__bi_ptr50
                0x10007fcc        0x4 boton_encendido/CMakeFiles/boton_encendido.dir/C_/Program_Files/Raspberry_Pi/Pico_SDK_v1.5.1/pico-sdk/src/rp2_common/pico_standard_link/binary_info.c.obj
 .binary_info.keep.__bi_ptr75
                0x10007fd0        0x4 boton_encendido/CMakeFiles/boton_encendido.dir/C_/Program_Files/Raspberry_Pi/Pico_SDK_v1.5.1/pico-sdk/src/rp2_common/pico_standard_link/binary_info.c.obj
 .binary_info.keep.__bi_ptr81
                0x10007fd4        0x4 boton_encendido/CMakeFiles/boton_encendido.dir/C_/Program_Files/Raspberry_Pi/Pico_SDK_v1.5.1/pico-sdk/src/rp2_common/pico_standard_link/binary_info.c.obj
 *(.binary_info.*)
 .binary_info.__bi_ptr182
                0x10007fd8        0x4 boton_encendido/CMakeFiles/boton_encendido.dir/C_/Program_Files/Raspberry_Pi/Pico_SDK_v1.5.1/pico-sdk/src/rp2_common/pico_stdio_usb/stdio_usb.c.obj
                0x10007fdc                __binary_info_end = .

.rel.dyn        0x10007fdc        0x0
 .rel.iplt      0x10007fdc        0x0 c:/progra~1/raspbe~1/picosd~1.1/gcc-ar~1/bin/../lib/gcc/arm-none-eabi/10.3.1/thumb/v6-m/nofp/crtbegin.o
                0x10007fdc                . = ALIGN (0x4)

.ram_vector_table
                0x20000000       0xc0
 *(.ram_vector_table)
 .ram_vector_table
                0x20000000       0xc0 boton_encendido/CMakeFiles/boton_encendido.dir/C_/Program_Files/Raspberry_Pi/Pico_SDK_v1.5.1/pico-sdk/src/rp2_common/pico_runtime/runtime.c.obj
                0x20000000                ram_vector_table

.data           0x200000c0      0xbf0 load address 0x10007fdc
                0x200000c0                __data_start__ = .
 *(vtable)
 *(.time_critical*)
 .time_critical.mutex_try_enter
                0x200000c0       0x46 boton_encendido/CMakeFiles/boton_encendido.dir/C_/Program_Files/Raspberry_Pi/Pico_SDK_v1.5.1/pico-sdk/src/common/pico_sync/mutex.c.obj
                0x200000c0                mutex_try_enter
 *fill*         0x20000106        0x2 
 .time_critical.mutex_enter_block_until
                0x20000108       0x8c boton_encendido/CMakeFiles/boton_encendido.dir/C_/Program_Files/Raspberry_Pi/Pico_SDK_v1.5.1/pico-sdk/src/common/pico_sync/mutex.c.obj
                0x20000108                mutex_enter_block_until
 .time_critical.mutex_try_enter_block_until
                0x20000194       0x34 boton_encendido/CMakeFiles/boton_encendido.dir/C_/Program_Files/Raspberry_Pi/Pico_SDK_v1.5.1/pico-sdk/src/common/pico_sync/mutex.c.obj
                0x20000194                mutex_try_enter_block_until
 .time_critical.mutex_enter_timeout_ms
                0x200001c8       0x68 boton_encendido/CMakeFiles/boton_encendido.dir/C_/Program_Files/Raspberry_Pi/Pico_SDK_v1.5.1/pico-sdk/src/common/pico_sync/mutex.c.obj
                0x200001c8                mutex_enter_timeout_ms
 .time_critical.mutex_exit
                0x20000230       0x4c boton_encendido/CMakeFiles/boton_encendido.dir/C_/Program_Files/Raspberry_Pi/Pico_SDK_v1.5.1/pico-sdk/src/common/pico_sync/mutex.c.obj
                0x20000230                mutex_exit
 .time_critical.flash_init_boot2_copyout